Archive member included because of file (symbol)

D:\src\xpresso\robocon2015_omni\mbed\TARGET_LPC1768\TOOLCHAIN_GCC_CR\libmbed.a(pwmout_api.o)
                              ./main.o (pwmout_write)
D:\src\xpresso\robocon2015_omni\mbed\TARGET_LPC1768\TOOLCHAIN_GCC_CR\libmbed.a(serial_api.o)
                              D:/src/xpresso/robocon2015_omni/mbed/TARGET_LPC1768/TOOLCHAIN_GCC_CR/retarget.o (serial_getc)
D:\src\xpresso\robocon2015_omni\mbed\TARGET_LPC1768\TOOLCHAIN_GCC_CR\libmbed.a(FilePath.o)
                              D:/src/xpresso/robocon2015_omni/mbed/TARGET_LPC1768/TOOLCHAIN_GCC_CR/retarget.o (mbed::FilePath::fileName())
D:\src\xpresso\robocon2015_omni\mbed\TARGET_LPC1768\TOOLCHAIN_GCC_CR\libmbed.a(FileSystemLike.o)
                              D:/src/xpresso/robocon2015_omni/mbed/TARGET_LPC1768/TOOLCHAIN_GCC_CR/retarget.o (mbed::FileSystemLike::opendir())
D:\src\xpresso\robocon2015_omni\mbed\TARGET_LPC1768\TOOLCHAIN_GCC_CR\libmbed.a(Serial.o)
                              ./main.o (vtable for mbed::Serial)
D:\src\xpresso\robocon2015_omni\mbed\TARGET_LPC1768\TOOLCHAIN_GCC_CR\libmbed.a(SerialBase.o)
                              D:\src\xpresso\robocon2015_omni\mbed\TARGET_LPC1768\TOOLCHAIN_GCC_CR\libmbed.a(Serial.o) (mbed::SerialBase::SerialBase(PinName, PinName))
D:\src\xpresso\robocon2015_omni\mbed\TARGET_LPC1768\TOOLCHAIN_GCC_CR\libmbed.a(Stream.o)
                              D:\src\xpresso\robocon2015_omni\mbed\TARGET_LPC1768\TOOLCHAIN_GCC_CR\libmbed.a(Serial.o) (mbed::Stream::close())
D:\src\xpresso\robocon2015_omni\mbed\TARGET_LPC1768\TOOLCHAIN_GCC_CR\libmbed.a(assert.o)
                              ./main.o (mbed_assert_internal)
D:\src\xpresso\robocon2015_omni\mbed\TARGET_LPC1768\TOOLCHAIN_GCC_CR\libmbed.a(error.o)
                              D:/src/xpresso/robocon2015_omni/mbed/TARGET_LPC1768/TOOLCHAIN_GCC_CR/retarget.o (error)
D:\src\xpresso\robocon2015_omni\mbed\TARGET_LPC1768\TOOLCHAIN_GCC_CR\libmbed.a(gpio.o)
                              D:\src\xpresso\robocon2015_omni\mbed\TARGET_LPC1768\TOOLCHAIN_GCC_CR\libmbed.a(serial_api.o) (gpio_init_in)
D:\src\xpresso\robocon2015_omni\mbed\TARGET_LPC1768\TOOLCHAIN_GCC_CR\libmbed.a(exit.o)
                              D:/src/xpresso/robocon2015_omni/mbed/TARGET_LPC1768/TOOLCHAIN_GCC_CR/retarget.o (exit)
D:\src\xpresso\robocon2015_omni\mbed\TARGET_LPC1768\TOOLCHAIN_GCC_CR\libmbed.a(mbed_interface.o)
                              D:\src\xpresso\robocon2015_omni\mbed\TARGET_LPC1768\TOOLCHAIN_GCC_CR\libmbed.a(exit.o) (mbed_interface_connected)
D:\src\xpresso\robocon2015_omni\mbed\TARGET_LPC1768\TOOLCHAIN_GCC_CR\libmbed.a(pinmap_common.o)
                              D:\src\xpresso\robocon2015_omni\mbed\TARGET_LPC1768\TOOLCHAIN_GCC_CR\libmbed.a(pwmout_api.o) (pinmap_pinout)
D:\src\xpresso\robocon2015_omni\mbed\TARGET_LPC1768\TOOLCHAIN_GCC_CR\libmbed.a(wait_api.o)
                              D:\src\xpresso\robocon2015_omni\mbed\TARGET_LPC1768\TOOLCHAIN_GCC_CR\libmbed.a(SerialBase.o) (wait_us)
D:\src\xpresso\robocon2015_omni\mbed\TARGET_LPC1768\TOOLCHAIN_GCC_CR\libmbed.a(semihost_api.o)
                              D:\src\xpresso\robocon2015_omni\mbed\TARGET_LPC1768\TOOLCHAIN_GCC_CR\libmbed.a(exit.o) (semihost_exit)
D:\src\xpresso\robocon2015_omni\mbed\TARGET_LPC1768\TOOLCHAIN_GCC_CR\libmbed.a(gpio_api.o)
                              D:\src\xpresso\robocon2015_omni\mbed\TARGET_LPC1768\TOOLCHAIN_GCC_CR\libmbed.a(gpio.o) (gpio_init)
D:\src\xpresso\robocon2015_omni\mbed\TARGET_LPC1768\TOOLCHAIN_GCC_CR\libmbed.a(pinmap.o)
                              D:\src\xpresso\robocon2015_omni\mbed\TARGET_LPC1768\TOOLCHAIN_GCC_CR\libmbed.a(pinmap_common.o) (pin_function)
D:\src\xpresso\robocon2015_omni\mbed\TARGET_LPC1768\TOOLCHAIN_GCC_CR\libmbed.a(us_ticker.o)
                              D:\src\xpresso\robocon2015_omni\mbed\TARGET_LPC1768\TOOLCHAIN_GCC_CR\libmbed.a(wait_api.o) (us_ticker_read)
D:\src\xpresso\robocon2015_omni\mbed\TARGET_LPC1768\TOOLCHAIN_GCC_CR\libmbed.a(FileBase.o)
                              D:\src\xpresso\robocon2015_omni\mbed\TARGET_LPC1768\TOOLCHAIN_GCC_CR\libmbed.a(FileSystemLike.o) (mbed::FileBase::~FileBase())
D:\src\xpresso\robocon2015_omni\mbed\TARGET_LPC1768\TOOLCHAIN_GCC_CR\libmbed.a(FileLike.o)
                              D:\src\xpresso\robocon2015_omni\mbed\TARGET_LPC1768\TOOLCHAIN_GCC_CR\libmbed.a(Stream.o) (mbed::FileLike::~FileLike())
D:\src\xpresso\robocon2015_omni\mbed\TARGET_LPC1768\TOOLCHAIN_GCC_CR\libmbed.a(FunctionPointer.o)
                              D:\src\xpresso\robocon2015_omni\mbed\TARGET_LPC1768\TOOLCHAIN_GCC_CR\libmbed.a(SerialBase.o) (mbed::FunctionPointer::attach(void (*)()))
D:\src\xpresso\robocon2015_omni\mbed\TARGET_LPC1768\TOOLCHAIN_GCC_CR\libmbed.a(us_ticker_api.o)
                              D:\src\xpresso\robocon2015_omni\mbed\TARGET_LPC1768\TOOLCHAIN_GCC_CR\libmbed.a(us_ticker.o) (us_ticker_irq_handler)
[...]
Memory Configuration

Name             Origin             Length             Attributes
MFlash512        0x00000000         0x00080000         xr
RamLoc32         0x100000c8         0x00007f38         xrw
RamAHB32         0x2007c000         0x00008000         xrw
*default*        0x00000000         0xffffffff

Linker script and memory map

LOAD ./main.o
LOAD ./urg.o
LOAD ./util.o
LOAD D:/src/xpresso/robocon2015_omni/mbed/TARGET_LPC1768/TOOLCHAIN_GCC_CR/retarget.o
LOAD D:/src/xpresso/robocon2015_omni/mbed/TARGET_LPC1768/TOOLCHAIN_GCC_CR/system_LPC17xx.o
LOAD D:/src/xpresso/robocon2015_omni/mbed/TARGET_LPC1768/TOOLCHAIN_GCC_CR/board.o
LOAD D:/src/xpresso/robocon2015_omni/mbed/TARGET_LPC1768/TOOLCHAIN_GCC_CR/cmsis_nvic.o
LOAD D:/src/xpresso/robocon2015_omni/mbed/TARGET_LPC1768/TOOLCHAIN_GCC_CR/startup_LPC17xx.o
LOAD D:\src\xpresso\robocon2015_omni\mbed\TARGET_LPC1768\TOOLCHAIN_GCC_CR\libmbed.a
START GROUP
LOAD c:/nxp/lpcxpresso_7.3.0_186/lpcxpresso/tools/bin/../lib/gcc/arm-none-eabi/4.8.4/armv7-m\libgcc.a
LOAD c:/nxp/lpcxpresso_7.3.0_186/lpcxpresso/tools/bin/../lib/gcc/arm-none-eabi/4.8.4/../../../../arm-none-eabi/lib/armv7-m\libc.a
LOAD c:/nxp/lpcxpresso_7.3.0_186/lpcxpresso/tools/bin/../lib/gcc/arm-none-eabi/4.8.4/../../../../arm-none-eabi/lib/armv7-m\libstdc++.a
LOAD c:/nxp/lpcxpresso_7.3.0_186/lpcxpresso/tools/bin/../lib/gcc/arm-none-eabi/4.8.4/../../../../arm-none-eabi/lib/armv7-m\libm.a
LOAD c:/nxp/lpcxpresso_7.3.0_186/lpcxpresso/tools/bin/../lib/gcc/arm-none-eabi/4.8.4/../../../../arm-none-eabi/lib/armv7-m\libcr_newlib_nohost.a
LOAD c:/nxp/lpcxpresso_7.3.0_186/lpcxpresso/tools/bin/../lib/gcc/arm-none-eabi/4.8.4/armv7-m\crti.o
LOAD c:/nxp/lpcxpresso_7.3.0_186/lpcxpresso/tools/bin/../lib/gcc/arm-none-eabi/4.8.4/armv7-m\crtn.o
LOAD c:/nxp/lpcxpresso_7.3.0_186/lpcxpresso/tools/bin/../lib/gcc/arm-none-eabi/4.8.4/armv7-m\crtbegin.o
LOAD c:/nxp/lpcxpresso_7.3.0_186/lpcxpresso/tools/bin/../lib/gcc/arm-none-eabi/4.8.4/armv7-m\crtend.o
END GROUP
                0x00080000                __top_MFlash512 = 0x80000
                0x10008000                __top_RamLoc32 = 0x10008000
                0x20084000                __top_RamAHB32 = 0x20084000

.text           0x00000000     0xf9d8
 FILL mask 0xff
 *(.isr_vector)
 .isr_vector    0x00000000       0xcc D:/src/xpresso/robocon2015_omni/mbed/TARGET_LPC1768/TOOLCHAIN_GCC_CR/startup_LPC17xx.o
                0x00000000                g_pfnVectors
                0x000000cc                . = ALIGN (0x4)
                0x000000cc                __section_table_start = .
                0x000000cc                __data_section_table = .
                0x000000cc        0x4 LONG 0xf9e0 LOADADDR (.data)
                0x000000d0        0x4 LONG 0x100000c8 ADDR (.data)
                0x000000d4        0x4 LONG 0x8c8 SIZEOF (.data)
                0x000000d8        0x4 LONG 0xf9e0 LOADADDR (.data_RAM2)
                0x000000dc        0x4 LONG 0x2007c000 ADDR (.data_RAM2)
                0x000000e0        0x4 LONG 0x0 SIZEOF (.data_RAM2)
                0x000000e4                __data_section_table_end = .
                0x000000e4                __bss_section_table = .
                0x000000e4        0x4 LONG 0x10000990 ADDR (.bss)
                0x000000e8        0x4 LONG 0x458 SIZEOF (.bss)
                0x000000ec        0x4 LONG 0x2007c000 ADDR (.bss_RAM2)
                0x000000f0        0x4 LONG 0x0 SIZEOF (.bss_RAM2)
                0x000000f4                __bss_section_table_end = .
                0x000000f4                __section_table_end = .
 *(.after_vectors*)
 .after_vectors
                0x000000f4      0x138 D:/src/xpresso/robocon2015_omni/mbed/TARGET_LPC1768/TOOLCHAIN_GCC_CR/startup_LPC17xx.o
                0x000000f4                NMI_Handler
                0x000000f8                HardFault_Handler
                0x000000fc                MemManage_Handler
                0x00000100                BusFault_Handler
                0x00000104                UsageFault_Handler
                0x00000108                SVC_Handler
                0x0000010c                DebugMon_Handler
                0x00000110                PendSV_Handler
                0x00000114                SysTick_Handler
                0x00000118                ResetISR
                0x000001c4                data_init
                0x000001f8                bss_init
                0x00000228                EINT3_IRQHandler
                0x00000228                CANActivity_IRQHandler
                0x00000228                TIMER3_IRQHandler
                0x00000228                UART0_IRQHandler
                0x00000228                UART1_IRQHandler
                0x00000228                EINT2_IRQHandler
                0x00000228                PWM1_IRQHandler
                0x00000228                IntDefaultHandler
                0x00000228                PLL0_IRQHandler
                0x00000228                USBActivity_IRQHandler
                0x00000228                PLL1_IRQHandler
                0x00000228                SSP0_IRQHandler
                0x00000228                I2S_IRQHandler
                0x00000228                I2C2_IRQHandler
                0x00000228                RTC_IRQHandler
                0x00000228                TIMER0_IRQHandler
                0x00000228                SPI_IRQHandler
                0x00000228                I2C1_IRQHandler
                0x00000228                EINT1_IRQHandler
                0x00000228                TIMER1_IRQHandler
                0x00000228                UART2_IRQHandler
                0x00000228                ADC_IRQHandler
                0x00000228                SSP1_IRQHandler
                0x00000228                USB_IRQHandler
                0x00000228                BOD_IRQHandler
                0x00000228                I2C0_IRQHandler
                0x00000228                WDT_IRQHandler
                0x00000228                RIT_IRQHandler
                0x00000228                QEI_IRQHandler
                0x00000228                EINT0_IRQHandler
                0x00000228                CAN_IRQHandler
                0x00000228                DMA_IRQHandler
                0x00000228                TIMER2_IRQHandler
                0x00000228                UART3_IRQHandler
                0x00000228                MCPWM_IRQHandler
                0x00000228                ENET_IRQHandler
 *(.text*)
 .text._ZN4mbed10SerialBaseD2Ev
                0x0000022c        0xc ./main.o
                0x0000022c                mbed::SerialBase::~SerialBase()
                0x0000022c                mbed::SerialBase::~SerialBase()
 .text._ZN4mbed10SerialBaseD0Ev
                0x00000238       0x14 ./main.o
                0x00000238                mbed::SerialBase::~SerialBase()
 .text._ZN4mbed6SerialD2Ev
                0x0000024c       0x28 ./main.o
                0x0000024c                mbed::Serial::~Serial()
                0x0000024c                mbed::Serial::~Serial()
 .text._ZN4mbed6SerialD1Ev
                0x00000274       0x10 ./main.o
                0x00000274                non-virtual thunk to mbed::Serial::~Serial()
                0x0000027c                non-virtual thunk to mbed::Serial::~Serial()
 .text._ZN4mbed6SerialD0Ev
                0x00000284       0x40 ./main.o
                0x00000284                mbed::Serial::~Serial()
                0x000002b4                non-virtual thunk to mbed::Serial::~Serial()
                0x000002bc                non-virtual thunk to mbed::Serial::~Serial()
 .text._ZN4OmniC2Ev
                0x000002c4      0x184 ./main.o
                0x000002c4                Omni::Omni()
                0x000002c4                Omni::Omni()
 .text._Z41__static_initialization_and_destruction_0ii
                0x00000448      0x11c ./main.o
 .text._Z4initv
                0x00000564       0x68 ./main.o
                0x00000564                init()
 *fill*         0x000005cc        0x4 
 .text._Z17checkHandleButton13_RecievedData
                0x000005d0      0x218 ./main.o
                0x000005d0                checkHandleButton(_RecievedData)
 .text.main     0x000007e8     0x154c ./main.o
                0x000007e8                main
 .text._GLOBAL__sub_I_upper
                0x00001d34       0x10 ./main.o
 .text._Z12parseUrgData13_RecievedDatac
                0x00001d44      0x124 ./urg.o
                0x00001d44                parseUrgData(_RecievedData, char)
 .text._Z19parseControllerDatac
                0x00001e68      0x148 ./util.o
                0x00001e68                parseControllerData(char)
 .text._Z7correct13_RecievedData
                0x00001fb0       0xd8 ./util.o
                0x00001fb0                correct(_RecievedData)
 .text._Z3absf  0x00002088       0x18 ./util.o
                0x00002088                abs(float)
 .text._ZN4mbed10FileHandle4flenEv
                0x000020a0       0x38 D:/src/xpresso/robocon2015_omni/mbed/TARGET_LPC1768/TOOLCHAIN_GCC_CR/retarget.o
                0x000020a0                mbed::FileHandle::flen()
 .text._ZN4mbed10FileHandleD2Ev
                0x000020d8       0x40 D:/src/xpresso/robocon2015_omni/mbed/TARGET_LPC1768/TOOLCHAIN_GCC_CR/retarget.o
                0x000020d8                mbed::FileHandle::~FileHandle()
                0x000020d8                mbed::FileHandle::~FileHandle()
 .text._ZN4mbed10FileHandleD0Ev
                0x00002118       0x48 D:/src/xpresso/robocon2015_omni/mbed/TARGET_LPC1768/TOOLCHAIN_GCC_CR/retarget.o
                0x00002118                mbed::FileHandle::~FileHandle()
 .text._ZL11init_serialv
                0x00002160       0x28 D:/src/xpresso/robocon2015_omni/mbed/TARGET_LPC1768/TOOLCHAIN_GCC_CR/retarget.o
 .text._open    0x00002188       0xe4 D:/src/xpresso/robocon2015_omni/mbed/TARGET_LPC1768/TOOLCHAIN_GCC_CR/retarget.o
                0x00002188                _open
 .text._close   0x0000226c       0x2c D:/src/xpresso/robocon2015_omni/mbed/TARGET_LPC1768/TOOLCHAIN_GCC_CR/retarget.o
                0x0000226c                _close
 .text._write   0x00002298       0x88 D:/src/xpresso/robocon2015_omni/mbed/TARGET_LPC1768/TOOLCHAIN_GCC_CR/retarget.o
                0x00002298                _write
 .text._read    0x00002320       0x50 D:/src/xpresso/robocon2015_omni/mbed/TARGET_LPC1768/TOOLCHAIN_GCC_CR/retarget.o
                0x00002320                _read
 .text._isatty  0x00002370       0x28 D:/src/xpresso/robocon2015_omni/mbed/TARGET_LPC1768/TOOLCHAIN_GCC_CR/retarget.o
                0x00002370                _isatty
 .text._lseek   0x00002398       0x28 D:/src/xpresso/robocon2015_omni/mbed/TARGET_LPC1768/TOOLCHAIN_GCC_CR/retarget.o
                0x00002398                _lseek
 .text._fstat   0x000023c0       0x20 D:/src/xpresso/robocon2015_omni/mbed/TARGET_LPC1768/TOOLCHAIN_GCC_CR/retarget.o
                0x000023c0                _fstat
 .text.__cxa_pure_virtual
                0x000023e0        0x8 D:/src/xpresso/robocon2015_omni/mbed/TARGET_LPC1768/TOOLCHAIN_GCC_CR/retarget.o
                0x000023e0                __cxa_pure_virtual
 .text.SystemInit
                0x000023e8       0xd0 D:/src/xpresso/robocon2015_omni/mbed/TARGET_LPC1768/TOOLCHAIN_GCC_CR/system_LPC17xx.o
                0x000023e8                SystemInit
 .text.mbed_die
                0x000024b8      0x160 D:/src/xpresso/robocon2015_omni/mbed/TARGET_LPC1768/TOOLCHAIN_GCC_CR/board.o
                0x000024b8                mbed_die
 .text.NVIC_SetVector
                0x00002618       0x54 D:/src/xpresso/robocon2015_omni/mbed/TARGET_LPC1768/TOOLCHAIN_GCC_CR/cmsis_nvic.o
                0x00002618                NVIC_SetVector
 .text.__aeabi_atexit
                0x0000266c        0x4 D:/src/xpresso/robocon2015_omni/mbed/TARGET_LPC1768/TOOLCHAIN_GCC_CR/startup_LPC17xx.o
                0x0000266c                __aeabi_atexit
 .text._ZdlPv   0x00002670        0x4 D:/src/xpresso/robocon2015_omni/mbed/TARGET_LPC1768/TOOLCHAIN_GCC_CR/startup_LPC17xx.o
                0x00002670                operator delete(void*)
 .text.pwmout_write
                0x00002674       0x64 D:\src\xpresso\robocon2015_omni\mbed\TARGET_LPC1768\TOOLCHAIN_GCC_CR\libmbed.a(pwmout_api.o)
                0x00002674                pwmout_write
 .text.pwmout_read
                0x000026d8       0x38 D:\src\xpresso\robocon2015_omni\mbed\TARGET_LPC1768\TOOLCHAIN_GCC_CR\libmbed.a(pwmout_api.o)
                0x000026d8                pwmout_read
 .text.pwmout_period_us
                0x00002710       0x4c D:\src\xpresso\robocon2015_omni\mbed\TARGET_LPC1768\TOOLCHAIN_GCC_CR\libmbed.a(pwmout_api.o)
                0x00002710                pwmout_period_us
 .text.pwmout_period_ms
                0x0000275c        0xc D:\src\xpresso\robocon2015_omni\mbed\TARGET_LPC1768\TOOLCHAIN_GCC_CR\libmbed.a(pwmout_api.o)
                0x0000275c                pwmout_period_ms
 .text.pwmout_init
                0x00002768       0xc0 D:\src\xpresso\robocon2015_omni\mbed\TARGET_LPC1768\TOOLCHAIN_GCC_CR\libmbed.a(pwmout_api.o)
                0x00002768                pwmout_init
 .text.serial_irq_set_internal
                0x00002828       0xe8 D:\src\xpresso\robocon2015_omni\mbed\TARGET_LPC1768\TOOLCHAIN_GCC_CR\libmbed.a(serial_api.o)
 .text.uart0_irq
                0x00002910       0x60 D:\src\xpresso\robocon2015_omni\mbed\TARGET_LPC1768\TOOLCHAIN_GCC_CR\libmbed.a(serial_api.o)
                0x00002910                uart0_irq
 .text.uart3_irq
                0x00002970       0x68 D:\src\xpresso\robocon2015_omni\mbed\TARGET_LPC1768\TOOLCHAIN_GCC_CR\libmbed.a(serial_api.o)
                0x00002970                uart3_irq
 .text.uart2_irq
                0x000029d8       0x64 D:\src\xpresso\robocon2015_omni\mbed\TARGET_LPC1768\TOOLCHAIN_GCC_CR\libmbed.a(serial_api.o)
                0x000029d8                uart2_irq
 .text.uart1_irq
                0x00002a3c       0x60 D:\src\xpresso\robocon2015_omni\mbed\TARGET_LPC1768\TOOLCHAIN_GCC_CR\libmbed.a(serial_api.o)
                0x00002a3c                uart1_irq
 .text.serial_baud
                0x00002a9c      0x3a8 D:\src\xpresso\robocon2015_omni\mbed\TARGET_LPC1768\TOOLCHAIN_GCC_CR\libmbed.a(serial_api.o)
                0x00002a9c                serial_baud
 .text.serial_format
                0x00002e44       0x7c D:\src\xpresso\robocon2015_omni\mbed\TARGET_LPC1768\TOOLCHAIN_GCC_CR\libmbed.a(serial_api.o)
                0x00002e44                serial_format
 .text.serial_irq_handler
                0x00002ec0       0x24 D:\src\xpresso\robocon2015_omni\mbed\TARGET_LPC1768\TOOLCHAIN_GCC_CR\libmbed.a(serial_api.o)
                0x00002ec0                serial_irq_handler
 .text.serial_getc
                0x00002ee4       0x34 D:\src\xpresso\robocon2015_omni\mbed\TARGET_LPC1768\TOOLCHAIN_GCC_CR\libmbed.a(serial_api.o)
                0x00002ee4                serial_getc
 .text.serial_readable
                0x00002f18        0xc D:\src\xpresso\robocon2015_omni\mbed\TARGET_LPC1768\TOOLCHAIN_GCC_CR\libmbed.a(serial_api.o)
                0x00002f18                serial_readable
 .text.serial_writable
                0x00002f24       0x78 D:\src\xpresso\robocon2015_omni\mbed\TARGET_LPC1768\TOOLCHAIN_GCC_CR\libmbed.a(serial_api.o)
                0x00002f24                serial_writable
 .text.serial_putc
                0x00002f9c       0x34 D:\src\xpresso\robocon2015_omni\mbed\TARGET_LPC1768\TOOLCHAIN_GCC_CR\libmbed.a(serial_api.o)
                0x00002f9c                serial_putc
 .text.serial_set_flow_control
                0x00002fd0      0x140 D:\src\xpresso\robocon2015_omni\mbed\TARGET_LPC1768\TOOLCHAIN_GCC_CR\libmbed.a(serial_api.o)
                0x00002fd0                serial_set_flow_control
 .text.serial_init
                0x00003110      0x1ec D:\src\xpresso\robocon2015_omni\mbed\TARGET_LPC1768\TOOLCHAIN_GCC_CR\libmbed.a(serial_api.o)
                0x00003110                serial_init
 .text._ZN4mbed8FilePathC2EPKc
                0x000032fc       0x58 D:\src\xpresso\robocon2015_omni\mbed\TARGET_LPC1768\TOOLCHAIN_GCC_CR\libmbed.a(FilePath.o)
                0x000032fc                mbed::FilePath::FilePath(char const*)
                0x000032fc                mbed::FilePath::FilePath(char const*)
 .text._ZN4mbed8FilePath8fileNameEv
                0x00003354        0x4 D:\src\xpresso\robocon2015_omni\mbed\TARGET_LPC1768\TOOLCHAIN_GCC_CR\libmbed.a(FilePath.o)
                0x00003354                mbed::FilePath::fileName()
 .text._ZN4mbed8FilePath12isFileSystemEv
                0x00003358       0x18 D:\src\xpresso\robocon2015_omni\mbed\TARGET_LPC1768\TOOLCHAIN_GCC_CR\libmbed.a(FilePath.o)
                0x00003358                mbed::FilePath::isFileSystem()
 .text._ZN4mbed8FilePath10fileSystemEv
                0x00003370       0x10 D:\src\xpresso\robocon2015_omni\mbed\TARGET_LPC1768\TOOLCHAIN_GCC_CR\libmbed.a(FilePath.o)
                0x00003370                mbed::FilePath::fileSystem()
 .text._ZN4mbed8FilePath6isFileEv
                0x00003380       0x14 D:\src\xpresso\robocon2015_omni\mbed\TARGET_LPC1768\TOOLCHAIN_GCC_CR\libmbed.a(FilePath.o)
                0x00003380                mbed::FilePath::isFile()
 .text._ZN4mbed8FilePath4fileEv
                0x00003394       0x14 D:\src\xpresso\robocon2015_omni\mbed\TARGET_LPC1768\TOOLCHAIN_GCC_CR\libmbed.a(FilePath.o)
                0x00003394                mbed::FilePath::file()
 .text._ZN4mbed8FilePath6existsEv
                0x000033a8        0xc D:\src\xpresso\robocon2015_omni\mbed\TARGET_LPC1768\TOOLCHAIN_GCC_CR\libmbed.a(FilePath.o)
                0x000033a8                mbed::FilePath::exists()
 .text._ZThn72_N4mbed6Serial5_putcEi
                0x000033b4        0x8 D:\src\xpresso\robocon2015_omni\mbed\TARGET_LPC1768\TOOLCHAIN_GCC_CR\libmbed.a(Serial.o)
                0x000033b4                non-virtual thunk to mbed::Serial::_putc(int)
 .text._ZN4mbed6Serial5_putcEi
                0x000033bc        0x4 D:\src\xpresso\robocon2015_omni\mbed\TARGET_LPC1768\TOOLCHAIN_GCC_CR\libmbed.a(Serial.o)
                0x000033bc                mbed::Serial::_putc(int)
 .text._ZThn72_N4mbed6Serial5_getcEv
                0x000033c0        0x8 D:\src\xpresso\robocon2015_omni\mbed\TARGET_LPC1768\TOOLCHAIN_GCC_CR\libmbed.a(Serial.o)
                0x000033c0                non-virtual thunk to mbed::Serial::_getc()
 .text._ZN4mbed6Serial5_getcEv
                0x000033c8        0x4 D:\src\xpresso\robocon2015_omni\mbed\TARGET_LPC1768\TOOLCHAIN_GCC_CR\libmbed.a(Serial.o)
                0x000033c8                mbed::Serial::_getc()
 .text._ZN4mbed6SerialC2E7PinNameS1_PKc
                0x000033cc       0x30 D:\src\xpresso\robocon2015_omni\mbed\TARGET_LPC1768\TOOLCHAIN_GCC_CR\libmbed.a(Serial.o)
                0x000033cc                mbed::Serial::Serial(PinName, PinName, char const*)
                0x000033cc                mbed::Serial::Serial(PinName, PinName, char const*)
 .text._ZN4mbed10SerialBase12_irq_handlerEm9SerialIrq
                0x000033fc       0x10 D:\src\xpresso\robocon2015_omni\mbed\TARGET_LPC1768\TOOLCHAIN_GCC_CR\libmbed.a(SerialBase.o)
                0x000033fc                mbed::SerialBase::_irq_handler(unsigned long, SerialIrq)
 .text._ZN4mbed10SerialBaseC2E7PinNameS1_
                0x0000340c       0x50 D:\src\xpresso\robocon2015_omni\mbed\TARGET_LPC1768\TOOLCHAIN_GCC_CR\libmbed.a(SerialBase.o)
                0x0000340c                mbed::SerialBase::SerialBase(PinName, PinName)
                0x0000340c                mbed::SerialBase::SerialBase(PinName, PinName)
 .text._ZN4mbed10SerialBase4baudEi
                0x0000345c       0x10 D:\src\xpresso\robocon2015_omni\mbed\TARGET_LPC1768\TOOLCHAIN_GCC_CR\libmbed.a(SerialBase.o)
                0x0000345c                mbed::SerialBase::baud(int)
 .text._ZN4mbed10SerialBase8readableEv
                0x0000346c        0x8 D:\src\xpresso\robocon2015_omni\mbed\TARGET_LPC1768\TOOLCHAIN_GCC_CR\libmbed.a(SerialBase.o)
                0x0000346c                mbed::SerialBase::readable()
 .text._ZN4mbed10SerialBase10_base_getcEv
                0x00003474        0x8 D:\src\xpresso\robocon2015_omni\mbed\TARGET_LPC1768\TOOLCHAIN_GCC_CR\libmbed.a(SerialBase.o)
                0x00003474                mbed::SerialBase::_base_getc()
 .text._ZN4mbed10SerialBase10_base_putcEi
                0x0000347c       0x10 D:\src\xpresso\robocon2015_omni\mbed\TARGET_LPC1768\TOOLCHAIN_GCC_CR\libmbed.a(SerialBase.o)
                0x0000347c                mbed::SerialBase::_base_putc(int)
 .text._ZN4mbed6Stream5closeEv
                0x0000348c        0x4 D:\src\xpresso\robocon2015_omni\mbed\TARGET_LPC1768\TOOLCHAIN_GCC_CR\libmbed.a(Stream.o)
                0x0000348c                mbed::Stream::close()
 .text._ZN4mbed6Stream5writeEPKvj
                0x00003490       0x7c D:\src\xpresso\robocon2015_omni\mbed\TARGET_LPC1768\TOOLCHAIN_GCC_CR\libmbed.a(Stream.o)
                0x00003490                mbed::Stream::write(void const*, unsigned int)
 .text._ZN4mbed6Stream4readEPvj
                0x0000350c       0x7c D:\src\xpresso\robocon2015_omni\mbed\TARGET_LPC1768\TOOLCHAIN_GCC_CR\libmbed.a(Stream.o)
                0x0000350c                mbed::Stream::read(void*, unsigned int)
 .text._ZN4mbed6Stream5lseekEli
                0x00003588        0x4 D:\src\xpresso\robocon2015_omni\mbed\TARGET_LPC1768\TOOLCHAIN_GCC_CR\libmbed.a(Stream.o)
                0x00003588                mbed::Stream::lseek(long, int)
 .text._ZN4mbed6Stream6isattyEv
                0x0000358c        0x4 D:\src\xpresso\robocon2015_omni\mbed\TARGET_LPC1768\TOOLCHAIN_GCC_CR\libmbed.a(Stream.o)
                0x0000358c                mbed::Stream::isatty()
 .text._ZN4mbed6Stream5fsyncEv
                0x00003590        0x4 D:\src\xpresso\robocon2015_omni\mbed\TARGET_LPC1768\TOOLCHAIN_GCC_CR\libmbed.a(Stream.o)
                0x00003590                mbed::Stream::fsync()
 .text._ZN4mbed6Stream4flenEv
                0x00003594        0x4 D:\src\xpresso\robocon2015_omni\mbed\TARGET_LPC1768\TOOLCHAIN_GCC_CR\libmbed.a(Stream.o)
                0x00003594                mbed::Stream::flen()
 .text._ZThn4_N4mbed6StreamD1Ev
                0x00003598        0x8 D:\src\xpresso\robocon2015_omni\mbed\TARGET_LPC1768\TOOLCHAIN_GCC_CR\libmbed.a(Stream.o)
                0x00003598                non-virtual thunk to mbed::Stream::~Stream()
 .text._ZN4mbed6StreamD2Ev
                0x000035a0       0x28 D:\src\xpresso\robocon2015_omni\mbed\TARGET_LPC1768\TOOLCHAIN_GCC_CR\libmbed.a(Stream.o)
                0x000035a0                mbed::Stream::~Stream()
                0x000035a0                mbed::Stream::~Stream()
 .text._ZThn4_N4mbed6StreamD0Ev
                0x000035c8        0x8 D:\src\xpresso\robocon2015_omni\mbed\TARGET_LPC1768\TOOLCHAIN_GCC_CR\libmbed.a(Stream.o)
                0x000035c8                non-virtual thunk to mbed::Stream::~Stream()
 .text._ZN4mbed6StreamD0Ev
                0x000035d0       0x14 D:\src\xpresso\robocon2015_omni\mbed\TARGET_LPC1768\TOOLCHAIN_GCC_CR\libmbed.a(Stream.o)
                0x000035d0                mbed::Stream::~Stream()
 .text._ZN4mbed6StreamC2EPKc
                0x000035e4       0x4c D:\src\xpresso\robocon2015_omni\mbed\TARGET_LPC1768\TOOLCHAIN_GCC_CR\libmbed.a(Stream.o)
                0x000035e4                mbed::Stream::Stream(char const*)
                0x000035e4                mbed::Stream::Stream(char const*)
 .text._ZN4mbed6Stream4putcEi
                0x00003630       0x1c D:\src\xpresso\robocon2015_omni\mbed\TARGET_LPC1768\TOOLCHAIN_GCC_CR\libmbed.a(Stream.o)
                0x00003630                mbed::Stream::putc(int)
 .text._ZN4mbed6Stream4getcEv
                0x0000364c       0x14 D:\src\xpresso\robocon2015_omni\mbed\TARGET_LPC1768\TOOLCHAIN_GCC_CR\libmbed.a(Stream.o)
                0x0000364c                mbed::Stream::getc()
 .text._ZN4mbed6Stream4getsEPci
                0x00003660       0x20 D:\src\xpresso\robocon2015_omni\mbed\TARGET_LPC1768\TOOLCHAIN_GCC_CR\libmbed.a(Stream.o)
                0x00003660                mbed::Stream::gets(char*, int)
 .text._ZN4mbed6Stream6printfEPKcz
                0x00003680       0x2c D:\src\xpresso\robocon2015_omni\mbed\TARGET_LPC1768\TOOLCHAIN_GCC_CR\libmbed.a(Stream.o)
                0x00003680                mbed::Stream::printf(char const*, ...)
 .text.mbed_assert_internal
                0x000036ac       0x34 D:\src\xpresso\robocon2015_omni\mbed\TARGET_LPC1768\TOOLCHAIN_GCC_CR\libmbed.a(assert.o)
                0x000036ac                mbed_assert_internal
 .text.error    0x000036e0       0x24 D:\src\xpresso\robocon2015_omni\mbed\TARGET_LPC1768\TOOLCHAIN_GCC_CR\libmbed.a(error.o)
                0x000036e0                error
 .text.gpio_init_in_ex
                0x00003704       0x28 D:\src\xpresso\robocon2015_omni\mbed\TARGET_LPC1768\TOOLCHAIN_GCC_CR\libmbed.a(gpio.o)
                0x00003704                gpio_init_in_ex
 .text.gpio_init_in
                0x0000372c        0x8 D:\src\xpresso\robocon2015_omni\mbed\TARGET_LPC1768\TOOLCHAIN_GCC_CR\libmbed.a(gpio.o)
                0x0000372c                gpio_init_in
 .text.gpio_init_out_ex
                0x00003734       0x54 D:\src\xpresso\robocon2015_omni\mbed\TARGET_LPC1768\TOOLCHAIN_GCC_CR\libmbed.a(gpio.o)
                0x00003734                gpio_init_out_ex
 .text.gpio_init_out
                0x00003788        0x8 D:\src\xpresso\robocon2015_omni\mbed\TARGET_LPC1768\TOOLCHAIN_GCC_CR\libmbed.a(gpio.o)
                0x00003788                gpio_init_out
 .text.exit     0x00003790       0x30 D:\src\xpresso\robocon2015_omni\mbed\TARGET_LPC1768\TOOLCHAIN_GCC_CR\libmbed.a(exit.o)
                0x00003790                exit
 .text.mbed_interface_connected
                0x000037c0        0x4 D:\src\xpresso\robocon2015_omni\mbed\TARGET_LPC1768\TOOLCHAIN_GCC_CR\libmbed.a(mbed_interface.o)
                0x000037c0                mbed_interface_connected
 .text.pinmap_pinout
                0x000037c4       0x50 D:\src\xpresso\robocon2015_omni\mbed\TARGET_LPC1768\TOOLCHAIN_GCC_CR\libmbed.a(pinmap_common.o)
                0x000037c4                pinmap_pinout
 .text.pinmap_merge
                0x00003814       0x24 D:\src\xpresso\robocon2015_omni\mbed\TARGET_LPC1768\TOOLCHAIN_GCC_CR\libmbed.a(pinmap_common.o)
                0x00003814                pinmap_merge
 .text.pinmap_find_peripheral
                0x00003838       0x30 D:\src\xpresso\robocon2015_omni\mbed\TARGET_LPC1768\TOOLCHAIN_GCC_CR\libmbed.a(pinmap_common.o)
                0x00003838                pinmap_find_peripheral
 .text.pinmap_peripheral
                0x00003868       0x40 D:\src\xpresso\robocon2015_omni\mbed\TARGET_LPC1768\TOOLCHAIN_GCC_CR\libmbed.a(pinmap_common.o)
                0x00003868                pinmap_peripheral
 .text.wait_us  0x000038a8       0x18 D:\src\xpresso\robocon2015_omni\mbed\TARGET_LPC1768\TOOLCHAIN_GCC_CR\libmbed.a(wait_api.o)
                0x000038a8                wait_us
 .text.wait_ms  0x000038c0        0xc D:\src\xpresso\robocon2015_omni\mbed\TARGET_LPC1768\TOOLCHAIN_GCC_CR\libmbed.a(wait_api.o)
                0x000038c0                wait_ms
 .text.semihost_exit
                0x000038cc       0x18 D:\src\xpresso\robocon2015_omni\mbed\TARGET_LPC1768\TOOLCHAIN_GCC_CR\libmbed.a(semihost_api.o)
                0x000038cc                semihost_exit
 .text.semihost_connected
                0x000038e4       0x10 D:\src\xpresso\robocon2015_omni\mbed\TARGET_LPC1768\TOOLCHAIN_GCC_CR\libmbed.a(semihost_api.o)
                0x000038e4                semihost_connected
 .text.gpio_set
                0x000038f4       0x44 D:\src\xpresso\robocon2015_omni\mbed\TARGET_LPC1768\TOOLCHAIN_GCC_CR\libmbed.a(gpio_api.o)
                0x000038f4                gpio_set
 .text.gpio_init
                0x00003938       0x30 D:\src\xpresso\robocon2015_omni\mbed\TARGET_LPC1768\TOOLCHAIN_GCC_CR\libmbed.a(gpio_api.o)
                0x00003938                gpio_init
 .text.gpio_mode
                0x00003968        0x8 D:\src\xpresso\robocon2015_omni\mbed\TARGET_LPC1768\TOOLCHAIN_GCC_CR\libmbed.a(gpio_api.o)
                0x00003968                gpio_mode
 .text.gpio_dir
                0x00003970       0x44 D:\src\xpresso\robocon2015_omni\mbed\TARGET_LPC1768\TOOLCHAIN_GCC_CR\libmbed.a(gpio_api.o)
                0x00003970                gpio_dir
 .text.pin_function
                0x000039b4       0x5c D:\src\xpresso\robocon2015_omni\mbed\TARGET_LPC1768\TOOLCHAIN_GCC_CR\libmbed.a(pinmap.o)
                0x000039b4                pin_function
 .text.pin_mode
                0x00003a10       0x88 D:\src\xpresso\robocon2015_omni\mbed\TARGET_LPC1768\TOOLCHAIN_GCC_CR\libmbed.a(pinmap.o)
                0x00003a10                pin_mode
 .text.us_ticker_init
                0x00003a98       0x74 D:\src\xpresso\robocon2015_omni\mbed\TARGET_LPC1768\TOOLCHAIN_GCC_CR\libmbed.a(us_ticker.o)
                0x00003a98                us_ticker_init
 .text.us_ticker_read
                0x00003b0c       0x1c D:\src\xpresso\robocon2015_omni\mbed\TARGET_LPC1768\TOOLCHAIN_GCC_CR\libmbed.a(us_ticker.o)
                0x00003b0c                us_ticker_read
 .text.us_ticker_set_interrupt
                0x00003b28       0x14 D:\src\xpresso\robocon2015_omni\mbed\TARGET_LPC1768\TOOLCHAIN_GCC_CR\libmbed.a(us_ticker.o)
                0x00003b28                us_ticker_set_interrupt
 .text.us_ticker_disable_interrupt
                0x00003b3c       0x14 D:\src\xpresso\robocon2015_omni\mbed\TARGET_LPC1768\TOOLCHAIN_GCC_CR\libmbed.a(us_ticker.o)
                0x00003b3c                us_ticker_disable_interrupt
 .text.us_ticker_clear_interrupt
                0x00003b50       0x10 D:\src\xpresso\robocon2015_omni\mbed\TARGET_LPC1768\TOOLCHAIN_GCC_CR\libmbed.a(us_ticker.o)
                0x00003b50                us_ticker_clear_interrupt
 .text._ZN4mbed8FileBaseD2Ev
                0x00003b60       0x30 D:\src\xpresso\robocon2015_omni\mbed\TARGET_LPC1768\TOOLCHAIN_GCC_CR\libmbed.a(FileBase.o)
                0x00003b60                mbed::FileBase::~FileBase()
                0x00003b60                mbed::FileBase::~FileBase()
 .text._ZN4mbed8FileBaseD0Ev
                0x00003b90       0x14 D:\src\xpresso\robocon2015_omni\mbed\TARGET_LPC1768\TOOLCHAIN_GCC_CR\libmbed.a(FileBase.o)
                0x00003b90                mbed::FileBase::~FileBase()
 .text._ZN4mbed8FileBaseC2EPKcNS_8PathTypeE
                0x00003ba4       0x20 D:\src\xpresso\robocon2015_omni\mbed\TARGET_LPC1768\TOOLCHAIN_GCC_CR\libmbed.a(FileBase.o)
                0x00003ba4                mbed::FileBase::FileBase(char const*, mbed::PathType)
                0x00003ba4                mbed::FileBase::FileBase(char const*, mbed::PathType)
 .text._ZN4mbed8FileBase6lookupEPKcj
                0x00003bc4       0x38 D:\src\xpresso\robocon2015_omni\mbed\TARGET_LPC1768\TOOLCHAIN_GCC_CR\libmbed.a(FileBase.o)
                0x00003bc4                mbed::FileBase::lookup(char const*, unsigned int)
 .text._ZN4mbed8FileBase11getPathTypeEv
                0x00003bfc        0x4 D:\src\xpresso\robocon2015_omni\mbed\TARGET_LPC1768\TOOLCHAIN_GCC_CR\libmbed.a(FileBase.o)
                0x00003bfc                mbed::FileBase::getPathType()
 .text._ZThn4_N4mbed8FileLikeD1Ev
                0x00003c00        0x8 D:\src\xpresso\robocon2015_omni\mbed\TARGET_LPC1768\TOOLCHAIN_GCC_CR\libmbed.a(FileLike.o)
                0x00003c00                non-virtual thunk to mbed::FileLike::~FileLike()
 .text._ZN4mbed8FileLikeD2Ev
                0x00003c08       0x28 D:\src\xpresso\robocon2015_omni\mbed\TARGET_LPC1768\TOOLCHAIN_GCC_CR\libmbed.a(FileLike.o)
                0x00003c08                mbed::FileLike::~FileLike()
                0x00003c08                mbed::FileLike::~FileLike()
 .text._ZThn4_N4mbed8FileLikeD0Ev
                0x00003c30        0x8 D:\src\xpresso\robocon2015_omni\mbed\TARGET_LPC1768\TOOLCHAIN_GCC_CR\libmbed.a(FileLike.o)
                0x00003c30                non-virtual thunk to mbed::FileLike::~FileLike()
 .text._ZN4mbed8FileLikeD0Ev
                0x00003c38       0x14 D:\src\xpresso\robocon2015_omni\mbed\TARGET_LPC1768\TOOLCHAIN_GCC_CR\libmbed.a(FileLike.o)
                0x00003c38                mbed::FileLike::~FileLike()
 .text._ZN4mbed8FileLikeC2EPKc
                0x00003c4c       0x2c D:\src\xpresso\robocon2015_omni\mbed\TARGET_LPC1768\TOOLCHAIN_GCC_CR\libmbed.a(FileLike.o)
                0x00003c4c                mbed::FileLike::FileLike(char const*)
                0x00003c4c                mbed::FileLike::FileLike(char const*)
 .text._ZN4mbed15FunctionPointerC2EPFvvE
                0x00003c78        0xc D:\src\xpresso\robocon2015_omni\mbed\TARGET_LPC1768\TOOLCHAIN_GCC_CR\libmbed.a(FunctionPointer.o)
                0x00003c78                mbed::FunctionPointer::FunctionPointer(void (*)())
                0x00003c78                mbed::FunctionPointer::FunctionPointer(void (*)())
 .text._ZN4mbed15FunctionPointer4callEv
                0x00003c84       0x1c D:\src\xpresso\robocon2015_omni\mbed\TARGET_LPC1768\TOOLCHAIN_GCC_CR\libmbed.a(FunctionPointer.o)
                0x00003c84                mbed::FunctionPointer::call()
 .text.us_ticker_irq_handler
                0x00003ca0       0x4c D:\src\xpresso\robocon2015_omni\mbed\TARGET_LPC1768\TOOLCHAIN_GCC_CR\libmbed.a(us_ticker_api.o)
                0x00003ca0                us_ticker_irq_handler
 .text          0x00003cec      0x370 c:/nxp/lpcxpresso_7.3.0_186/lpcxpresso/tools/bin/../lib/gcc/arm-none-eabi/4.8.4/armv7-m\libgcc.a(_arm_addsubdf3.o)
                0x00003cec                __aeabi_drsub
                0x00003cf4                __aeabi_dsub
                0x00003cf4                __subdf3
                0x00003cf8                __aeabi_dadd
                0x00003cf8                __adddf3
                0x00003f70                __floatunsidf
                0x00003f70                __aeabi_ui2d
                0x00003f90                __floatsidf
                0x00003f90                __aeabi_i2d
                0x00003fb4                __aeabi_f2d
                0x00003fb4                __extendsfdf2
                0x00003ff0                __floatundidf
                0x00003ff0                __aeabi_ul2d
                0x00004000                __floatdidf
                0x00004000                __aeabi_l2d
 .text          0x0000405c      0x110 c:/nxp/lpcxpresso_7.3.0_186/lpcxpresso/tools/bin/../lib/gcc/arm-none-eabi/4.8.4/armv7-m\libgcc.a(_arm_cmpdf2.o)
                0x0000405c                __gtdf2
                0x0000405c                __gedf2
                0x00004064                __ltdf2
                0x00004064                __ledf2
                0x0000406c                __nedf2
                0x0000406c                __eqdf2
                0x0000406c                __cmpdf2
                0x000040e8                __aeabi_cdrcmple
                0x000040f8                __aeabi_cdcmpeq
                0x000040f8                __aeabi_cdcmple
                0x00004108                __aeabi_dcmpeq
                0x0000411c                __aeabi_dcmplt
                0x00004130                __aeabi_dcmple
                0x00004144                __aeabi_dcmpge
                0x00004158                __aeabi_dcmpgt
 .text          0x0000416c       0xa0 c:/nxp/lpcxpresso_7.3.0_186/lpcxpresso/tools/bin/../lib/gcc/arm-none-eabi/4.8.4/armv7-m\libgcc.a(_arm_truncdfsf2.o)
                0x0000416c                __truncdfsf2
                0x0000416c                __aeabi_d2f
 .text          0x0000420c      0x21c c:/nxp/lpcxpresso_7.3.0_186/lpcxpresso/tools/bin/../lib/gcc/arm-none-eabi/4.8.4/armv7-m\libgcc.a(_arm_addsubsf3.o)
                0x0000420c                __aeabi_frsub
                0x00004214                __subsf3
                0x00004214                __aeabi_fsub
                0x00004218                __aeabi_fadd
                0x00004218                __addsf3
                0x00004378                __aeabi_ui2f
                0x00004378                __floatunsisf
                0x00004380                __aeabi_i2f
                0x00004380                __floatsisf
                0x0000439c                __aeabi_ul2f
                0x0000439c                __floatundisf
                0x000043ac                __aeabi_l2f
                0x000043ac                __floatdisf
 .text          0x00004428      0x2a0 c:/nxp/lpcxpresso_7.3.0_186/lpcxpresso/tools/bin/../lib/gcc/arm-none-eabi/4.8.4/armv7-m\libgcc.a(_arm_muldivsf3.o)
                0x00004428                __mulsf3
                0x00004428                __aeabi_fmul
                0x00004590                __aeabi_fdiv
                0x00004590                __divsf3
 .text          0x000046c8       0xec c:/nxp/lpcxpresso_7.3.0_186/lpcxpresso/tools/bin/../lib/gcc/arm-none-eabi/4.8.4/armv7-m\libgcc.a(_arm_cmpsf2.o)
                0x000046c8                __gesf2
                0x000046c8                __gtsf2
                0x000046d0                __lesf2
                0x000046d0                __ltsf2
                0x000046d8                __nesf2
                0x000046d8                __eqsf2
                0x000046d8                __cmpsf2
                0x00004738                __aeabi_cfrcmple
                0x00004740                __aeabi_cfcmpeq
                0x00004740                __aeabi_cfcmple
                0x00004750                __aeabi_fcmpeq
                0x00004764                __aeabi_fcmplt
                0x00004778                __aeabi_fcmple
                0x0000478c                __aeabi_fcmpge
                0x000047a0                __aeabi_fcmpgt
 .text          0x000047b4       0x40 c:/nxp/lpcxpresso_7.3.0_186/lpcxpresso/tools/bin/../lib/gcc/arm-none-eabi/4.8.4/armv7-m\libgcc.a(_arm_fixunssfsi.o)
                0x000047b4                __fixunssfsi
                0x000047b4                __aeabi_f2uiz
 .text          0x000047f4       0x2c c:/nxp/lpcxpresso_7.3.0_186/lpcxpresso/tools/bin/../lib/gcc/arm-none-eabi/4.8.4/armv7-m\libgcc.a(_aeabi_uldivmod.o)
                0x000047f4                __aeabi_uldivmod
 .text          0x00004820       0x60 c:/nxp/lpcxpresso_7.3.0_186/lpcxpresso/tools/bin/../lib/gcc/arm-none-eabi/4.8.4/armv7-m\libgcc.a(bpabi.o)
                0x00004820                __gnu_ldivmod_helper
                0x00004850                __gnu_uldivmod_helper
 .text          0x00004880        0x4 c:/nxp/lpcxpresso_7.3.0_186/lpcxpresso/tools/bin/../lib/gcc/arm-none-eabi/4.8.4/armv7-m\libgcc.a(_dvmd_tls.o)
                0x00004880                __aeabi_idiv0
                0x00004880                __aeabi_ldiv0
 .text          0x00004884      0x2a0 c:/nxp/lpcxpresso_7.3.0_186/lpcxpresso/tools/bin/../lib/gcc/arm-none-eabi/4.8.4/armv7-m\libgcc.a(_divdi3.o)
                0x00004884                __divdi3
 .text          0x00004b24      0x290 c:/nxp/lpcxpresso_7.3.0_186/lpcxpresso/tools/bin/../lib/gcc/arm-none-eabi/4.8.4/armv7-m\libgcc.a(_udivdi3.o)
                0x00004b24                __udivdi3
 .text.abs      0x00004db4        0x8 c:/nxp/lpcxpresso_7.3.0_186/lpcxpresso/tools/bin/../lib/gcc/arm-none-eabi/4.8.4/../../../../arm-none-eabi/lib/armv7-m\libc.a(lib_a-abs.o)
                0x00004db4                abs
 .text.atoi     0x00004dbc        0x8 c:/nxp/lpcxpresso_7.3.0_186/lpcxpresso/tools/bin/../lib/gcc/arm-none-eabi/4.8.4/../../../../arm-none-eabi/lib/armv7-m\libc.a(lib_a-atoi.o)
                0x00004dbc                atoi
 .text.__errno  0x00004dc4        0xc c:/nxp/lpcxpresso_7.3.0_186/lpcxpresso/tools/bin/../lib/gcc/arm-none-eabi/4.8.4/../../../../arm-none-eabi/lib/armv7-m\libc.a(lib_a-errno.o)
                0x00004dc4                __errno
 .text._fclose_r
                0x00004dd0       0x80 c:/nxp/lpcxpresso_7.3.0_186/lpcxpresso/tools/bin/../lib/gcc/arm-none-eabi/4.8.4/../../../../arm-none-eabi/lib/armv7-m\libc.a(lib_a-fclose.o)
                0x00004dd0                _fclose_r
 .text.fclose   0x00004e50       0x10 c:/nxp/lpcxpresso_7.3.0_186/lpcxpresso/tools/bin/../lib/gcc/arm-none-eabi/4.8.4/../../../../arm-none-eabi/lib/armv7-m\libc.a(lib_a-fclose.o)
                0x00004e50                fclose
 .text.__sflush_r
                0x00004e60      0x148 c:/nxp/lpcxpresso_7.3.0_186/lpcxpresso/tools/bin/../lib/gcc/arm-none-eabi/4.8.4/../../../../arm-none-eabi/lib/armv7-m\libc.a(lib_a-fflush.o)
                0x00004e60                __sflush_r
 .text._fflush_r
                0x00004fa8       0x2c c:/nxp/lpcxpresso_7.3.0_186/lpcxpresso/tools/bin/../lib/gcc/arm-none-eabi/4.8.4/../../../../arm-none-eabi/lib/armv7-m\libc.a(lib_a-fflush.o)
                0x00004fa8                _fflush_r
 .text.fflush   0x00004fd4       0x24 c:/nxp/lpcxpresso_7.3.0_186/lpcxpresso/tools/bin/../lib/gcc/arm-none-eabi/4.8.4/../../../../arm-none-eabi/lib/armv7-m\libc.a(lib_a-fflush.o)
                0x00004fd4                fflush
 .text.fgetc    0x00004ff8       0x3c c:/nxp/lpcxpresso_7.3.0_186/lpcxpresso/tools/bin/../lib/gcc/arm-none-eabi/4.8.4/../../../../arm-none-eabi/lib/armv7-m\libc.a(lib_a-fgetc.o)
                0x00004ff8                fgetc
 .text._fgets_r
                0x00005034       0xa0 c:/nxp/lpcxpresso_7.3.0_186/lpcxpresso/tools/bin/../lib/gcc/arm-none-eabi/4.8.4/../../../../arm-none-eabi/lib/armv7-m\libc.a(lib_a-fgets.o)
                0x00005034                _fgets_r
 .text.fgets    0x000050d4       0x18 c:/nxp/lpcxpresso_7.3.0_186/lpcxpresso/tools/bin/../lib/gcc/arm-none-eabi/4.8.4/../../../../arm-none-eabi/lib/armv7-m\libc.a(lib_a-fgets.o)
                0x000050d4                fgets
 .text._cleanup_r
                0x000050ec        0xc c:/nxp/lpcxpresso_7.3.0_186/lpcxpresso/tools/bin/../lib/gcc/arm-none-eabi/4.8.4/../../../../arm-none-eabi/lib/armv7-m\libc.a(lib_a-findfp.o)
                0x000050ec                _cleanup_r
 .text.__sfmoreglue
                0x000050f8       0x30 c:/nxp/lpcxpresso_7.3.0_186/lpcxpresso/tools/bin/../lib/gcc/arm-none-eabi/4.8.4/../../../../arm-none-eabi/lib/armv7-m\libc.a(lib_a-findfp.o)
                0x000050f8                __sfmoreglue
 .text.__sinit  0x00005128       0xf4 c:/nxp/lpcxpresso_7.3.0_186/lpcxpresso/tools/bin/../lib/gcc/arm-none-eabi/4.8.4/../../../../arm-none-eabi/lib/armv7-m\libc.a(lib_a-findfp.o)
                0x00005128                __sinit
 .text.__sfp    0x0000521c       0x8c c:/nxp/lpcxpresso_7.3.0_186/lpcxpresso/tools/bin/../lib/gcc/arm-none-eabi/4.8.4/../../../../arm-none-eabi/lib/armv7-m\libc.a(lib_a-findfp.o)
                0x0000521c                __sfp
 .text.__sfp_lock_acquire
                0x000052a8        0x4 c:/nxp/lpcxpresso_7.3.0_186/lpcxpresso/tools/bin/../lib/gcc/arm-none-eabi/4.8.4/../../../../arm-none-eabi/lib/armv7-m\libc.a(lib_a-findfp.o)
                0x000052a8                __sfp_lock_acquire
 .text.__sfp_lock_release
                0x000052ac        0x4 c:/nxp/lpcxpresso_7.3.0_186/lpcxpresso/tools/bin/../lib/gcc/arm-none-eabi/4.8.4/../../../../arm-none-eabi/lib/armv7-m\libc.a(lib_a-findfp.o)
                0x000052ac                __sfp_lock_release
 .text._fopen_r
                0x000052b0       0x88 c:/nxp/lpcxpresso_7.3.0_186/lpcxpresso/tools/bin/../lib/gcc/arm-none-eabi/4.8.4/../../../../arm-none-eabi/lib/armv7-m\libc.a(lib_a-fopen.o)
                0x000052b0                _fopen_r
 .text.fopen    0x00005338       0x10 c:/nxp/lpcxpresso_7.3.0_186/lpcxpresso/tools/bin/../lib/gcc/arm-none-eabi/4.8.4/../../../../arm-none-eabi/lib/armv7-m\libc.a(lib_a-fopen.o)
                0x00005338                fopen
 .text.fprintf  0x00005348       0x28 c:/nxp/lpcxpresso_7.3.0_186/lpcxpresso/tools/bin/../lib/gcc/arm-none-eabi/4.8.4/../../../../arm-none-eabi/lib/armv7-m\libc.a(lib_a-fprintf.o)
                0x00005348                fprintf
 .text.fputc    0x00005370       0x28 c:/nxp/lpcxpresso_7.3.0_186/lpcxpresso/tools/bin/../lib/gcc/arm-none-eabi/4.8.4/../../../../arm-none-eabi/lib/armv7-m\libc.a(lib_a-fputc.o)
                0x00005370                fputc
 .text._malloc_trim_r
                0x00005398       0x9c c:/nxp/lpcxpresso_7.3.0_186/lpcxpresso/tools/bin/../lib/gcc/arm-none-eabi/4.8.4/../../../../arm-none-eabi/lib/armv7-m\libc.a(lib_a-freer.o)
                0x00005398                _malloc_trim_r
 .text._free_r  0x00005434      0x198 c:/nxp/lpcxpresso_7.3.0_186/lpcxpresso/tools/bin/../lib/gcc/arm-none-eabi/4.8.4/../../../../arm-none-eabi/lib/armv7-m\libc.a(lib_a-freer.o)
                0x00005434                _free_r
 .text._fseek_r
                0x000055cc        0x4 c:/nxp/lpcxpresso_7.3.0_186/lpcxpresso/tools/bin/../lib/gcc/arm-none-eabi/4.8.4/../../../../arm-none-eabi/lib/armv7-m\libc.a(lib_a-fseek.o)
                0x000055cc                _fseek_r
 .text._fseeko_r
                0x000055d0      0x2d8 c:/nxp/lpcxpresso_7.3.0_186/lpcxpresso/tools/bin/../lib/gcc/arm-none-eabi/4.8.4/../../../../arm-none-eabi/lib/armv7-m\libc.a(lib_a-fseeko.o)
                0x000055d0                _fseeko_r
 .text._fstat_r
                0x000058a8       0x28 c:/nxp/lpcxpresso_7.3.0_186/lpcxpresso/tools/bin/../lib/gcc/arm-none-eabi/4.8.4/../../../../arm-none-eabi/lib/armv7-m\libc.a(lib_a-fstatr.o)
                0x000058a8                _fstat_r
 .text.__sfvwrite_r
                0x000058d0      0x318 c:/nxp/lpcxpresso_7.3.0_186/lpcxpresso/tools/bin/../lib/gcc/arm-none-eabi/4.8.4/../../../../arm-none-eabi/lib/armv7-m\libc.a(lib_a-fvwrite.o)
                0x000058d0                __sfvwrite_r
 .text._fwalk   0x00005be8       0x48 c:/nxp/lpcxpresso_7.3.0_186/lpcxpresso/tools/bin/../lib/gcc/arm-none-eabi/4.8.4/../../../../arm-none-eabi/lib/armv7-m\libc.a(lib_a-fwalk.o)
                0x00005be8                _fwalk
 .text._fwalk_reent
                0x00005c30       0x4c c:/nxp/lpcxpresso_7.3.0_186/lpcxpresso/tools/bin/../lib/gcc/arm-none-eabi/4.8.4/../../../../arm-none-eabi/lib/armv7-m\libc.a(lib_a-fwalk.o)
                0x00005c30                _fwalk_reent
 .text.__libc_init_array
                0x00005c7c       0x50 c:/nxp/lpcxpresso_7.3.0_186/lpcxpresso/tools/bin/../lib/gcc/arm-none-eabi/4.8.4/../../../../arm-none-eabi/lib/armv7-m\libc.a(lib_a-init.o)
                0x00005c7c                __libc_init_array
 .text.__smakebuf_r
                0x00005ccc       0xe0 c:/nxp/lpcxpresso_7.3.0_186/lpcxpresso/tools/bin/../lib/gcc/arm-none-eabi/4.8.4/../../../../arm-none-eabi/lib/armv7-m\libc.a(lib_a-makebuf.o)
                0x00005ccc                __smakebuf_r
 .text.malloc   0x00005dac       0x10 c:/nxp/lpcxpresso_7.3.0_186/lpcxpresso/tools/bin/../lib/gcc/arm-none-eabi/4.8.4/../../../../arm-none-eabi/lib/armv7-m\libc.a(lib_a-malloc.o)
                0x00005dac                malloc
 .text.free     0x00005dbc       0x10 c:/nxp/lpcxpresso_7.3.0_186/lpcxpresso/tools/bin/../lib/gcc/arm-none-eabi/4.8.4/../../../../arm-none-eabi/lib/armv7-m\libc.a(lib_a-malloc.o)
                0x00005dbc                free
 .text._malloc_r
                0x00005dcc      0x538 c:/nxp/lpcxpresso_7.3.0_186/lpcxpresso/tools/bin/../lib/gcc/arm-none-eabi/4.8.4/../../../../arm-none-eabi/lib/armv7-m\libc.a(lib_a-mallocr.o)
                0x00005dcc                _malloc_r
 .text.memchr   0x00006304       0x94 c:/nxp/lpcxpresso_7.3.0_186/lpcxpresso/tools/bin/../lib/gcc/arm-none-eabi/4.8.4/../../../../arm-none-eabi/lib/armv7-m\libc.a(lib_a-memchr-stub.o)
                0x00006304                memchr
 .text          0x00006398       0xec c:/nxp/lpcxpresso_7.3.0_186/lpcxpresso/tools/bin/../lib/gcc/arm-none-eabi/4.8.4/../../../../arm-none-eabi/lib/armv7-m\libc.a(lib_a-memcpy.o)
                0x00006398                memcpy
 .text.memmove  0x00006484       0xcc c:/nxp/lpcxpresso_7.3.0_186/lpcxpresso/tools/bin/../lib/gcc/arm-none-eabi/4.8.4/../../../../arm-none-eabi/lib/armv7-m\libc.a(lib_a-memmove.o)
                0x00006484                memmove
 .text.memset   0x00006550       0x94 c:/nxp/lpcxpresso_7.3.0_186/lpcxpresso/tools/bin/../lib/gcc/arm-none-eabi/4.8.4/../../../../arm-none-eabi/lib/armv7-m\libc.a(lib_a-memset.o)
                0x00006550                memset
 .text.__malloc_lock
                0x000065e4        0x4 c:/nxp/lpcxpresso_7.3.0_186/lpcxpresso/tools/bin/../lib/gcc/arm-none-eabi/4.8.4/../../../../arm-none-eabi/lib/armv7-m\libc.a(lib_a-mlock.o)
                0x000065e4                __malloc_lock
 .text.__malloc_unlock
                0x000065e8        0x4 c:/nxp/lpcxpresso_7.3.0_186/lpcxpresso/tools/bin/../lib/gcc/arm-none-eabi/4.8.4/../../../../arm-none-eabi/lib/armv7-m\libc.a(lib_a-mlock.o)
                0x000065e8                __malloc_unlock
 .text._open_r  0x000065ec       0x28 c:/nxp/lpcxpresso_7.3.0_186/lpcxpresso/tools/bin/../lib/gcc/arm-none-eabi/4.8.4/../../../../arm-none-eabi/lib/armv7-m\libc.a(lib_a-openr.o)
                0x000065ec                _open_r
 .text.printf   0x00006614       0x28 c:/nxp/lpcxpresso_7.3.0_186/lpcxpresso/tools/bin/../lib/gcc/arm-none-eabi/4.8.4/../../../../arm-none-eabi/lib/armv7-m\libc.a(lib_a-printf.o)
                0x00006614                printf
 .text._putc_r  0x0000663c       0x58 c:/nxp/lpcxpresso_7.3.0_186/lpcxpresso/tools/bin/../lib/gcc/arm-none-eabi/4.8.4/../../../../arm-none-eabi/lib/armv7-m\libc.a(lib_a-putc.o)
                0x0000663c                _putc_r
 .text._realloc_r
                0x00006694      0x3c0 c:/nxp/lpcxpresso_7.3.0_186/lpcxpresso/tools/bin/../lib/gcc/arm-none-eabi/4.8.4/../../../../arm-none-eabi/lib/armv7-m\libc.a(lib_a-reallocr.o)
                0x00006694                _realloc_r
 .text.lflush   0x00006a54       0x14 c:/nxp/lpcxpresso_7.3.0_186/lpcxpresso/tools/bin/../lib/gcc/arm-none-eabi/4.8.4/../../../../arm-none-eabi/lib/armv7-m\libc.a(lib_a-refill.o)
 .text.__srefill_r
                0x00006a68      0x114 c:/nxp/lpcxpresso_7.3.0_186/lpcxpresso/tools/bin/../lib/gcc/arm-none-eabi/4.8.4/../../../../arm-none-eabi/lib/armv7-m\libc.a(lib_a-refill.o)
                0x00006a68                __srefill_r
 .text.__srget_r
                0x00006b7c       0x34 c:/nxp/lpcxpresso_7.3.0_186/lpcxpresso/tools/bin/../lib/gcc/arm-none-eabi/4.8.4/../../../../arm-none-eabi/lib/armv7-m\libc.a(lib_a-rget.o)
                0x00006b7c                __srget_r
 .text._sbrk_r  0x00006bb0       0x24 c:/nxp/lpcxpresso_7.3.0_186/lpcxpresso/tools/bin/../lib/gcc/arm-none-eabi/4.8.4/../../../../arm-none-eabi/lib/armv7-m\libc.a(lib_a-sbrkr.o)
                0x00006bb0                _sbrk_r
 .text.setbuf   0x00006bd4       0x10 c:/nxp/lpcxpresso_7.3.0_186/lpcxpresso/tools/bin/../lib/gcc/arm-none-eabi/4.8.4/../../../../arm-none-eabi/lib/armv7-m\libc.a(lib_a-setbuf.o)
                0x00006bd4                setbuf
 .text.setvbuf  0x00006be4      0x100 c:/nxp/lpcxpresso_7.3.0_186/lpcxpresso/tools/bin/../lib/gcc/arm-none-eabi/4.8.4/../../../../arm-none-eabi/lib/armv7-m\libc.a(lib_a-setvbuf.o)
                0x00006be4                setvbuf
 .text.sprintf  0x00006ce4       0x4c c:/nxp/lpcxpresso_7.3.0_186/lpcxpresso/tools/bin/../lib/gcc/arm-none-eabi/4.8.4/../../../../arm-none-eabi/lib/armv7-m\libc.a(lib_a-sprintf.o)
                0x00006ce4                sprintf
 .text.sscanf   0x00006d30       0x5c c:/nxp/lpcxpresso_7.3.0_186/lpcxpresso/tools/bin/../lib/gcc/arm-none-eabi/4.8.4/../../../../arm-none-eabi/lib/armv7-m\libc.a(lib_a-sscanf.o)
                0x00006d30                sscanf
 .text.__sread  0x00006d8c       0x24 c:/nxp/lpcxpresso_7.3.0_186/lpcxpresso/tools/bin/../lib/gcc/arm-none-eabi/4.8.4/../../../../arm-none-eabi/lib/armv7-m\libc.a(lib_a-stdio.o)
                0x00006d8c                __sread
 .text.__seofread
                0x00006db0        0x4 c:/nxp/lpcxpresso_7.3.0_186/lpcxpresso/tools/bin/../lib/gcc/arm-none-eabi/4.8.4/../../../../arm-none-eabi/lib/armv7-m\libc.a(lib_a-stdio.o)
                0x00006db0                __seofread
 .text.__swrite
                0x00006db4       0x38 c:/nxp/lpcxpresso_7.3.0_186/lpcxpresso/tools/bin/../lib/gcc/arm-none-eabi/4.8.4/../../../../arm-none-eabi/lib/armv7-m\libc.a(lib_a-stdio.o)
                0x00006db4                __swrite
 .text.__sseek  0x00006dec       0x20 c:/nxp/lpcxpresso_7.3.0_186/lpcxpresso/tools/bin/../lib/gcc/arm-none-eabi/4.8.4/../../../../arm-none-eabi/lib/armv7-m\libc.a(lib_a-stdio.o)
                0x00006dec                __sseek
 .text.__sclose
                0x00006e0c        0x8 c:/nxp/lpcxpresso_7.3.0_186/lpcxpresso/tools/bin/../lib/gcc/arm-none-eabi/4.8.4/../../../../arm-none-eabi/lib/armv7-m\libc.a(lib_a-stdio.o)
                0x00006e0c                __sclose
 .text          0x00006e14      0x23c c:/nxp/lpcxpresso_7.3.0_186/lpcxpresso/tools/bin/../lib/gcc/arm-none-eabi/4.8.4/../../../../arm-none-eabi/lib/armv7-m\libc.a(lib_a-strcmp.o)
                0x00006e14                strcmp
 .text.strlen   0x00007050       0x60 c:/nxp/lpcxpresso_7.3.0_186/lpcxpresso/tools/bin/../lib/gcc/arm-none-eabi/4.8.4/../../../../arm-none-eabi/lib/armv7-m\libc.a(lib_a-strlen.o)
                0x00007050                strlen
 .text.strncmp  0x000070b0       0xb4 c:/nxp/lpcxpresso_7.3.0_186/lpcxpresso/tools/bin/../lib/gcc/arm-none-eabi/4.8.4/../../../../arm-none-eabi/lib/armv7-m\libc.a(lib_a-strncmp.o)
                0x000070b0                strncmp
 .text._strtol_r
                0x00007164      0x114 c:/nxp/lpcxpresso_7.3.0_186/lpcxpresso/tools/bin/../lib/gcc/arm-none-eabi/4.8.4/../../../../arm-none-eabi/lib/armv7-m\libc.a(lib_a-strtol.o)
                0x00007164                _strtol_r
 .text.strtol   0x00007278       0x18 c:/nxp/lpcxpresso_7.3.0_186/lpcxpresso/tools/bin/../lib/gcc/arm-none-eabi/4.8.4/../../../../arm-none-eabi/lib/armv7-m\libc.a(lib_a-strtol.o)
                0x00007278                strtol
 .text._svfprintf_r
                0x00007290     0x14e0 c:/nxp/lpcxpresso_7.3.0_186/lpcxpresso/tools/bin/../lib/gcc/arm-none-eabi/4.8.4/../../../../arm-none-eabi/lib/armv7-m\libc.a(lib_a-svfprintf.o)
                0x00007290                _svfprintf_r
 .text.__ssvfscanf_r
                0x00008770      0xe78 c:/nxp/lpcxpresso_7.3.0_186/lpcxpresso/tools/bin/../lib/gcc/arm-none-eabi/4.8.4/../../../../arm-none-eabi/lib/armv7-m\libc.a(lib_a-svfscanf.o)
                0x00008770                __ssvfscanf_r
 .text._vfprintf_r
                0x000095e8     0x1524 c:/nxp/lpcxpresso_7.3.0_186/lpcxpresso/tools/bin/../lib/gcc/arm-none-eabi/4.8.4/../../../../arm-none-eabi/lib/armv7-m\libc.a(lib_a-vfprintf.o)
                0x000095e8                _vfprintf_r
 .text.vfprintf
                0x0000ab0c       0x18 c:/nxp/lpcxpresso_7.3.0_186/lpcxpresso/tools/bin/../lib/gcc/arm-none-eabi/4.8.4/../../../../arm-none-eabi/lib/armv7-m\libc.a(lib_a-vfprintf.o)
                0x0000ab0c                vfprintf
 .text.__sbprintf
                0x0000ab24       0x7c c:/nxp/lpcxpresso_7.3.0_186/lpcxpresso/tools/bin/../lib/gcc/arm-none-eabi/4.8.4/../../../../arm-none-eabi/lib/armv7-m\libc.a(lib_a-vfprintf.o)
 .text.__swbuf_r
                0x0000aba0       0xa8 c:/nxp/lpcxpresso_7.3.0_186/lpcxpresso/tools/bin/../lib/gcc/arm-none-eabi/4.8.4/../../../../arm-none-eabi/lib/armv7-m\libc.a(lib_a-wbuf.o)
                0x0000aba0                __swbuf_r
 .text._write_r
                0x0000ac48       0x28 c:/nxp/lpcxpresso_7.3.0_186/lpcxpresso/tools/bin/../lib/gcc/arm-none-eabi/4.8.4/../../../../arm-none-eabi/lib/armv7-m\libc.a(lib_a-writer.o)
                0x0000ac48                _write_r
 .text.__swsetup_r
                0x0000ac70       0xc4 c:/nxp/lpcxpresso_7.3.0_186/lpcxpresso/tools/bin/../lib/gcc/arm-none-eabi/4.8.4/../../../../arm-none-eabi/lib/armv7-m\libc.a(lib_a-wsetup.o)
                0x0000ac70                __swsetup_r
 .text._close_r
                0x0000ad34       0x24 c:/nxp/lpcxpresso_7.3.0_186/lpcxpresso/tools/bin/../lib/gcc/arm-none-eabi/4.8.4/../../../../arm-none-eabi/lib/armv7-m\libc.a(lib_a-closer.o)
                0x0000ad34                _close_r
 .text.quorem   0x0000ad58      0x134 c:/nxp/lpcxpresso_7.3.0_186/lpcxpresso/tools/bin/../lib/gcc/arm-none-eabi/4.8.4/../../../../arm-none-eabi/lib/armv7-m\libc.a(lib_a-dtoa.o)
 *fill*         0x0000ae8c        0x4 
 .text._dtoa_r  0x0000ae90      0xe38 c:/nxp/lpcxpresso_7.3.0_186/lpcxpresso/tools/bin/../lib/gcc/arm-none-eabi/4.8.4/../../../../arm-none-eabi/lib/armv7-m\libc.a(lib_a-dtoa.o)
                0x0000ae90                _dtoa_r
 .text.__sflags
                0x0000bcc8       0x70 c:/nxp/lpcxpresso_7.3.0_186/lpcxpresso/tools/bin/../lib/gcc/arm-none-eabi/4.8.4/../../../../arm-none-eabi/lib/armv7-m\libc.a(lib_a-flags.o)
                0x0000bcc8                __sflags
 .text._isatty_r
                0x0000bd38       0x24 c:/nxp/lpcxpresso_7.3.0_186/lpcxpresso/tools/bin/../lib/gcc/arm-none-eabi/4.8.4/../../../../arm-none-eabi/lib/armv7-m\libc.a(lib_a-isattyr.o)
                0x0000bd38                _isatty_r
 .text.iswspace
                0x0000bd5c       0x1c c:/nxp/lpcxpresso_7.3.0_186/lpcxpresso/tools/bin/../lib/gcc/arm-none-eabi/4.8.4/../../../../arm-none-eabi/lib/armv7-m\libc.a(lib_a-iswspace.o)
                0x0000bd5c                iswspace
 .text.__locale_charset
                0x0000bd78        0x8 c:/nxp/lpcxpresso_7.3.0_186/lpcxpresso/tools/bin/../lib/gcc/arm-none-eabi/4.8.4/../../../../arm-none-eabi/lib/armv7-m\libc.a(lib_a-locale.o)
                0x0000bd78                __locale_charset
 .text.__locale_mb_cur_max
                0x0000bd80        0xc c:/nxp/lpcxpresso_7.3.0_186/lpcxpresso/tools/bin/../lib/gcc/arm-none-eabi/4.8.4/../../../../arm-none-eabi/lib/armv7-m\libc.a(lib_a-locale.o)
                0x0000bd80                __locale_mb_cur_max
 .text._localeconv_r
                0x0000bd8c        0x8 c:/nxp/lpcxpresso_7.3.0_186/lpcxpresso/tools/bin/../lib/gcc/arm-none-eabi/4.8.4/../../../../arm-none-eabi/lib/armv7-m\libc.a(lib_a-locale.o)
                0x0000bd8c                _localeconv_r
 .text._lseek_r
                0x0000bd94       0x28 c:/nxp/lpcxpresso_7.3.0_186/lpcxpresso/tools/bin/../lib/gcc/arm-none-eabi/4.8.4/../../../../arm-none-eabi/lib/armv7-m\libc.a(lib_a-lseekr.o)
                0x0000bd94                _lseek_r
 .text._mbrtowc_r
                0x0000bdbc       0x5c c:/nxp/lpcxpresso_7.3.0_186/lpcxpresso/tools/bin/../lib/gcc/arm-none-eabi/4.8.4/../../../../arm-none-eabi/lib/armv7-m\libc.a(lib_a-mbrtowc.o)
                0x0000bdbc                _mbrtowc_r
 .text.__ascii_mbtowc
                0x0000be18       0x2c c:/nxp/lpcxpresso_7.3.0_186/lpcxpresso/tools/bin/../lib/gcc/arm-none-eabi/4.8.4/../../../../arm-none-eabi/lib/armv7-m\libc.a(lib_a-mbtowc_r.o)
                0x0000be18                __ascii_mbtowc
 .text._Balloc  0x0000be44       0x4c c:/nxp/lpcxpresso_7.3.0_186/lpcxpresso/tools/bin/../lib/gcc/arm-none-eabi/4.8.4/../../../../arm-none-eabi/lib/armv7-m\libc.a(lib_a-mprec.o)
                0x0000be44                _Balloc
 .text._Bfree   0x0000be90       0x14 c:/nxp/lpcxpresso_7.3.0_186/lpcxpresso/tools/bin/../lib/gcc/arm-none-eabi/4.8.4/../../../../arm-none-eabi/lib/armv7-m\libc.a(lib_a-mprec.o)
                0x0000be90                _Bfree
 .text.__multadd
                0x0000bea4       0x94 c:/nxp/lpcxpresso_7.3.0_186/lpcxpresso/tools/bin/../lib/gcc/arm-none-eabi/4.8.4/../../../../arm-none-eabi/lib/armv7-m\libc.a(lib_a-mprec.o)
                0x0000bea4                __multadd
 .text.__s2b    0x0000bf38       0x98 c:/nxp/lpcxpresso_7.3.0_186/lpcxpresso/tools/bin/../lib/gcc/arm-none-eabi/4.8.4/../../../../arm-none-eabi/lib/armv7-m\libc.a(lib_a-mprec.o)
                0x0000bf38                __s2b
 .text.__hi0bits
                0x0000bfd0       0x40 c:/nxp/lpcxpresso_7.3.0_186/lpcxpresso/tools/bin/../lib/gcc/arm-none-eabi/4.8.4/../../../../arm-none-eabi/lib/armv7-m\libc.a(lib_a-mprec.o)
                0x0000bfd0                __hi0bits
 .text.__lo0bits
                0x0000c010       0x5c c:/nxp/lpcxpresso_7.3.0_186/lpcxpresso/tools/bin/../lib/gcc/arm-none-eabi/4.8.4/../../../../arm-none-eabi/lib/armv7-m\libc.a(lib_a-mprec.o)
                0x0000c010                __lo0bits
 .text.__i2b    0x0000c06c       0x14 c:/nxp/lpcxpresso_7.3.0_186/lpcxpresso/tools/bin/../lib/gcc/arm-none-eabi/4.8.4/../../../../arm-none-eabi/lib/armv7-m\libc.a(lib_a-mprec.o)
                0x0000c06c                __i2b
 .text.__multiply
                0x0000c080      0x13c c:/nxp/lpcxpresso_7.3.0_186/lpcxpresso/tools/bin/../lib/gcc/arm-none-eabi/4.8.4/../../../../arm-none-eabi/lib/armv7-m\libc.a(lib_a-mprec.o)
                0x0000c080                __multiply
 .text.__pow5mult
                0x0000c1bc       0x9c c:/nxp/lpcxpresso_7.3.0_186/lpcxpresso/tools/bin/../lib/gcc/arm-none-eabi/4.8.4/../../../../arm-none-eabi/lib/armv7-m\libc.a(lib_a-mprec.o)
                0x0000c1bc                __pow5mult
 .text.__lshift
                0x0000c258       0xbc c:/nxp/lpcxpresso_7.3.0_186/lpcxpresso/tools/bin/../lib/gcc/arm-none-eabi/4.8.4/../../../../arm-none-eabi/lib/armv7-m\libc.a(lib_a-mprec.o)
                0x0000c258                __lshift
 .text.__mcmp   0x0000c314       0x48 c:/nxp/lpcxpresso_7.3.0_186/lpcxpresso/tools/bin/../lib/gcc/arm-none-eabi/4.8.4/../../../../arm-none-eabi/lib/armv7-m\libc.a(lib_a-mprec.o)
                0x0000c314                __mcmp
 .text.__mdiff  0x0000c35c       0xd8 c:/nxp/lpcxpresso_7.3.0_186/lpcxpresso/tools/bin/../lib/gcc/arm-none-eabi/4.8.4/../../../../arm-none-eabi/lib/armv7-m\libc.a(lib_a-mprec.o)
                0x0000c35c                __mdiff
 .text.__ulp    0x0000c434       0x40 c:/nxp/lpcxpresso_7.3.0_186/lpcxpresso/tools/bin/../lib/gcc/arm-none-eabi/4.8.4/../../../../arm-none-eabi/lib/armv7-m\libc.a(lib_a-mprec.o)
                0x0000c434                __ulp
 .text.__b2d    0x0000c474       0xb8 c:/nxp/lpcxpresso_7.3.0_186/lpcxpresso/tools/bin/../lib/gcc/arm-none-eabi/4.8.4/../../../../arm-none-eabi/lib/armv7-m\libc.a(lib_a-mprec.o)
                0x0000c474                __b2d
 .text.__d2b    0x0000c52c       0xbc c:/nxp/lpcxpresso_7.3.0_186/lpcxpresso/tools/bin/../lib/gcc/arm-none-eabi/4.8.4/../../../../arm-none-eabi/lib/armv7-m\libc.a(lib_a-mprec.o)
                0x0000c52c                __d2b
 .text.__ratio  0x0000c5e8       0x50 c:/nxp/lpcxpresso_7.3.0_186/lpcxpresso/tools/bin/../lib/gcc/arm-none-eabi/4.8.4/../../../../arm-none-eabi/lib/armv7-m\libc.a(lib_a-mprec.o)
                0x0000c5e8                __ratio
 .text.__copybits
                0x0000c638       0x48 c:/nxp/lpcxpresso_7.3.0_186/lpcxpresso/tools/bin/../lib/gcc/arm-none-eabi/4.8.4/../../../../arm-none-eabi/lib/armv7-m\libc.a(lib_a-mprec.o)
                0x0000c638                __copybits
 .text.__any_on
                0x0000c680       0x60 c:/nxp/lpcxpresso_7.3.0_186/lpcxpresso/tools/bin/../lib/gcc/arm-none-eabi/4.8.4/../../../../arm-none-eabi/lib/armv7-m\libc.a(lib_a-mprec.o)
                0x0000c680                __any_on
 .text._read_r  0x0000c6e0       0x28 c:/nxp/lpcxpresso_7.3.0_186/lpcxpresso/tools/bin/../lib/gcc/arm-none-eabi/4.8.4/../../../../arm-none-eabi/lib/armv7-m\libc.a(lib_a-readr.o)
                0x0000c6e0                _read_r
 .text.__fpclassifyd
                0x0000c708       0x50 c:/nxp/lpcxpresso_7.3.0_186/lpcxpresso/tools/bin/../lib/gcc/arm-none-eabi/4.8.4/../../../../arm-none-eabi/lib/armv7-m\libc.a(lib_a-s_fpclassify.o)
                0x0000c708                __fpclassifyd
 .text.__sccl   0x0000c758       0x70 c:/nxp/lpcxpresso_7.3.0_186/lpcxpresso/tools/bin/../lib/gcc/arm-none-eabi/4.8.4/../../../../arm-none-eabi/lib/armv7-m\libc.a(lib_a-sccl.o)
                0x0000c758                __sccl
 .text.nanf     0x0000c7c8        0x8 c:/nxp/lpcxpresso_7.3.0_186/lpcxpresso/tools/bin/../lib/gcc/arm-none-eabi/4.8.4/../../../../arm-none-eabi/lib/armv7-m\libc.a(lib_a-sf_nan.o)
                0x0000c7c8                nanf
 .text.sulp     0x0000c7d0       0x40 c:/nxp/lpcxpresso_7.3.0_186/lpcxpresso/tools/bin/../lib/gcc/arm-none-eabi/4.8.4/../../../../arm-none-eabi/lib/armv7-m\libc.a(lib_a-strtod.o)
 .text._strtod_r
                0x0000c810      0xf40 c:/nxp/lpcxpresso_7.3.0_186/lpcxpresso/tools/bin/../lib/gcc/arm-none-eabi/4.8.4/../../../../arm-none-eabi/lib/armv7-m\libc.a(lib_a-strtod.o)
                0x0000c810                _strtod_r
 .text._strtoll_r
                0x0000d750      0x19c c:/nxp/lpcxpresso_7.3.0_186/lpcxpresso/tools/bin/../lib/gcc/arm-none-eabi/4.8.4/../../../../arm-none-eabi/lib/armv7-m\libc.a(lib_a-strtoll_r.o)
                0x0000d750                _strtoll_r
 .text._strtoul_r
                0x0000d8ec      0x130 c:/nxp/lpcxpresso_7.3.0_186/lpcxpresso/tools/bin/../lib/gcc/arm-none-eabi/4.8.4/../../../../arm-none-eabi/lib/armv7-m\libc.a(lib_a-strtoul.o)
                0x0000d8ec                _strtoul_r
 .text._strtoull_r
                0x0000da1c      0x190 c:/nxp/lpcxpresso_7.3.0_186/lpcxpresso/tools/bin/../lib/gcc/arm-none-eabi/4.8.4/../../../../arm-none-eabi/lib/armv7-m\libc.a(lib_a-strtoull_r.o)
                0x0000da1c                _strtoull_r
 .text.__ssprint_r
                0x0000dbac      0x100 c:/nxp/lpcxpresso_7.3.0_186/lpcxpresso/tools/bin/../lib/gcc/arm-none-eabi/4.8.4/../../../../arm-none-eabi/lib/armv7-m\libc.a(lib_a-svfiprintf.o)
                0x0000dbac                __ssprint_r
 .text._sungetc_r
                0x0000dcac       0x80 c:/nxp/lpcxpresso_7.3.0_186/lpcxpresso/tools/bin/../lib/gcc/arm-none-eabi/4.8.4/../../../../arm-none-eabi/lib/armv7-m\libc.a(lib_a-svfiscanf.o)
                0x0000dcac                _sungetc_r
 .text.__ssrefill_r
                0x0000dd2c       0x3c c:/nxp/lpcxpresso_7.3.0_186/lpcxpresso/tools/bin/../lib/gcc/arm-none-eabi/4.8.4/../../../../arm-none-eabi/lib/armv7-m\libc.a(lib_a-svfiscanf.o)
                0x0000dd2c                __ssrefill_r
 .text._sfread_r
                0x0000dd68       0x80 c:/nxp/lpcxpresso_7.3.0_186/lpcxpresso/tools/bin/../lib/gcc/arm-none-eabi/4.8.4/../../../../arm-none-eabi/lib/armv7-m\libc.a(lib_a-svfiscanf.o)
                0x0000dd68                _sfread_r
 .text.__submore
                0x0000dde8       0x7c c:/nxp/lpcxpresso_7.3.0_186/lpcxpresso/tools/bin/../lib/gcc/arm-none-eabi/4.8.4/../../../../arm-none-eabi/lib/armv7-m\libc.a(lib_a-ungetc.o)
                0x0000dde8                __submore
 .text.__sprint_r.part.0
                0x0000de64       0x78 c:/nxp/lpcxpresso_7.3.0_186/lpcxpresso/tools/bin/../lib/gcc/arm-none-eabi/4.8.4/../../../../arm-none-eabi/lib/armv7-m\libc.a(lib_a-vfiprintf.o)
 .text.__sprint_r
                0x0000dedc       0x18 c:/nxp/lpcxpresso_7.3.0_186/lpcxpresso/tools/bin/../lib/gcc/arm-none-eabi/4.8.4/../../../../arm-none-eabi/lib/armv7-m\libc.a(lib_a-vfiprintf.o)
                0x0000dedc                __sprint_r
 .text._calloc_r
                0x0000def4       0x60 c:/nxp/lpcxpresso_7.3.0_186/lpcxpresso/tools/bin/../lib/gcc/arm-none-eabi/4.8.4/../../../../arm-none-eabi/lib/armv7-m\libc.a(lib_a-callocr.o)
                0x0000def4                _calloc_r
 .text._fputwc_r
                0x0000df54       0xc0 c:/nxp/lpcxpresso_7.3.0_186/lpcxpresso/tools/bin/../lib/gcc/arm-none-eabi/4.8.4/../../../../arm-none-eabi/lib/armv7-m\libc.a(lib_a-fputwc.o)
                0x0000df54                _fputwc_r
 .text.rshift   0x0000e014       0xa0 c:/nxp/lpcxpresso_7.3.0_186/lpcxpresso/tools/bin/../lib/gcc/arm-none-eabi/4.8.4/../../../../arm-none-eabi/lib/armv7-m\libc.a(lib_a-gdtoa-gethex.o)
 .text.__gethex
                0x0000e0b4      0x52c c:/nxp/lpcxpresso_7.3.0_186/lpcxpresso/tools/bin/../lib/gcc/arm-none-eabi/4.8.4/../../../../arm-none-eabi/lib/armv7-m\libc.a(lib_a-gdtoa-gethex.o)
                0x0000e0b4                __gethex
 .text.__hexnan
                0x0000e5e0      0x194 c:/nxp/lpcxpresso_7.3.0_186/lpcxpresso/tools/bin/../lib/gcc/arm-none-eabi/4.8.4/../../../../arm-none-eabi/lib/armv7-m\libc.a(lib_a-gdtoa-hexnan.o)
                0x0000e5e0                __hexnan
 .text._wcrtomb_r
                0x0000e774       0x50 c:/nxp/lpcxpresso_7.3.0_186/lpcxpresso/tools/bin/../lib/gcc/arm-none-eabi/4.8.4/../../../../arm-none-eabi/lib/armv7-m\libc.a(lib_a-wcrtomb.o)
                0x0000e774                _wcrtomb_r
 .text.__ascii_wctomb
                0x0000e7c4       0x1c c:/nxp/lpcxpresso_7.3.0_186/lpcxpresso/tools/bin/../lib/gcc/arm-none-eabi/4.8.4/../../../../arm-none-eabi/lib/armv7-m\libc.a(lib_a-wctomb_r.o)
                0x0000e7c4                __ascii_wctomb
 .text._sbrk    0x0000e7e0       0x3c c:/nxp/lpcxpresso_7.3.0_186/lpcxpresso/tools/bin/../lib/gcc/arm-none-eabi/4.8.4/../../../../arm-none-eabi/lib/armv7-m\libcr_newlib_nohost.a(_cr_sbrk.o)
                0x0000e7e0                _sbrk
 .text.__check_heap_overflow
                0x0000e81c       0x18 c:/nxp/lpcxpresso_7.3.0_186/lpcxpresso/tools/bin/../lib/gcc/arm-none-eabi/4.8.4/../../../../arm-none-eabi/lib/armv7-m\libcr_newlib_nohost.a(_cr_check_heap.o)
                0x0000e81c                __check_heap_overflow
 .text          0x0000e834       0x54 c:/nxp/lpcxpresso_7.3.0_186/lpcxpresso/tools/bin/../lib/gcc/arm-none-eabi/4.8.4/armv7-m\crtbegin.o
 .text          0x0000e888      0x424 c:/nxp/lpcxpresso_7.3.0_186/lpcxpresso/tools/bin/../lib/gcc/arm-none-eabi/4.8.4/armv7-m\libgcc.a(_arm_muldivdf3.o)
                0x0000e888                __aeabi_dmul
                0x0000e888                __muldf3
                0x0000eadc                __divdf3
                0x0000eadc                __aeabi_ddiv
 .text          0x0000ecac       0x50 c:/nxp/lpcxpresso_7.3.0_186/lpcxpresso/tools/bin/../lib/gcc/arm-none-eabi/4.8.4/armv7-m\libgcc.a(_arm_fixdfsi.o)
                0x0000ecac                __aeabi_d2iz
                0x0000ecac                __fixdfsi
 .text          0x0000ecfc       0x40 c:/nxp/lpcxpresso_7.3.0_186/lpcxpresso/tools/bin/../lib/gcc/arm-none-eabi/4.8.4/armv7-m\libgcc.a(_arm_fixunsdfsi.o)
                0x0000ecfc                __aeabi_d2uiz
                0x0000ecfc                __fixunsdfsi
 *(.rodata .rodata.*)
 *fill*         0x0000ed3c        0x4 
 .rodata._ZTVN4mbed10SerialBaseE
                0x0000ed40       0x10 ./main.o
                0x0000ed40                vtable for mbed::SerialBase
 .rodata.str1.4
                0x0000ed50      0x13c ./main.o
                                0x140 (size before relaxing)
 .rodata.__stdin_name
                0x0000ee8c        0x8 D:/src/xpresso/robocon2015_omni/mbed/TARGET_LPC1768/TOOLCHAIN_GCC_CR/retarget.o
                0x0000ee8c                __stdin_name
 .rodata.__stderr_name
                0x0000ee94        0x8 D:/src/xpresso/robocon2015_omni/mbed/TARGET_LPC1768/TOOLCHAIN_GCC_CR/retarget.o
                0x0000ee94                __stderr_name
 .rodata.__stdout_name
                0x0000ee9c        0x8 D:/src/xpresso/robocon2015_omni/mbed/TARGET_LPC1768/TOOLCHAIN_GCC_CR/retarget.o
                0x0000ee9c                __stdout_name
 *fill*         0x0000eea4        0x4 
 .rodata._ZTVN4mbed10FileHandleE
                0x0000eea8       0x30 D:/src/xpresso/robocon2015_omni/mbed/TARGET_LPC1768/TOOLCHAIN_GCC_CR/retarget.o
                0x0000eea8                vtable for mbed::FileHandle
 .rodata.str1.4
                0x0000eed8        0xe D:/src/xpresso/robocon2015_omni/mbed/TARGET_LPC1768/TOOLCHAIN_GCC_CR/retarget.o
                                 0x10 (size before relaxing)
 *fill*         0x0000eee6        0x2 
 .rodata.str1.4
                0x0000eee8       0x4f D:/src/xpresso/robocon2015_omni/mbed/TARGET_LPC1768/TOOLCHAIN_GCC_CR/board.o
                                 0x68 (size before relaxing)
 *fill*         0x0000ef37        0x1 
 .rodata.PinMap_PWM
                0x0000ef38       0xb4 D:\src\xpresso\robocon2015_omni\mbed\TARGET_LPC1768\TOOLCHAIN_GCC_CR\libmbed.a(pwmout_api.o)
 .rodata.str1.4
                0x0000efec       0x6e D:\src\xpresso\robocon2015_omni\mbed\TARGET_LPC1768\TOOLCHAIN_GCC_CR\libmbed.a(pwmout_api.o)
                                 0x70 (size before relaxing)
 *fill*         0x0000f05a        0x2 
 .rodata.PinMap_UART_RTS
                0x0000f05c       0x24 D:\src\xpresso\robocon2015_omni\mbed\TARGET_LPC1768\TOOLCHAIN_GCC_CR\libmbed.a(serial_api.o)
 .rodata.PinMap_UART_RX
                0x0000f080       0x6c D:\src\xpresso\robocon2015_omni\mbed\TARGET_LPC1768\TOOLCHAIN_GCC_CR\libmbed.a(serial_api.o)
 .rodata.CSWTCH.9
                0x0000f0ec       0x10 D:\src\xpresso\robocon2015_omni\mbed\TARGET_LPC1768\TOOLCHAIN_GCC_CR\libmbed.a(serial_api.o)
 .rodata.str1.4
                0x0000f0fc      0x1b4 D:\src\xpresso\robocon2015_omni\mbed\TARGET_LPC1768\TOOLCHAIN_GCC_CR\libmbed.a(serial_api.o)
                                0x1cc (size before relaxing)
 .rodata.PinMap_UART_TX
                0x0000f2b0       0x6c D:\src\xpresso\robocon2015_omni\mbed\TARGET_LPC1768\TOOLCHAIN_GCC_CR\libmbed.a(serial_api.o)
 .rodata.PinMap_UART_CTS
                0x0000f31c       0x24 D:\src\xpresso\robocon2015_omni\mbed\TARGET_LPC1768\TOOLCHAIN_GCC_CR\libmbed.a(serial_api.o)
 .rodata._ZTVN4mbed6SerialE
                0x0000f340       0x60 D:\src\xpresso\robocon2015_omni\mbed\TARGET_LPC1768\TOOLCHAIN_GCC_CR\libmbed.a(Serial.o)
                0x0000f340                vtable for mbed::Serial
 .rodata._ZTVN4mbed6StreamE
                0x0000f3a0       0x48 D:\src\xpresso\robocon2015_omni\mbed\TARGET_LPC1768\TOOLCHAIN_GCC_CR\libmbed.a(Stream.o)
                0x0000f3a0                vtable for mbed::Stream
 .rodata.str1.4
                0x0000f3e8        0x3 D:\src\xpresso\robocon2015_omni\mbed\TARGET_LPC1768\TOOLCHAIN_GCC_CR\libmbed.a(Stream.o)
                                  0x8 (size before relaxing)
 *fill*         0x0000f3eb        0x1 
 .rodata.str1.4
                0x0000f3ec       0x31 D:\src\xpresso\robocon2015_omni\mbed\TARGET_LPC1768\TOOLCHAIN_GCC_CR\libmbed.a(assert.o)
                                 0x34 (size before relaxing)
 .rodata.str1.4
                0x00000000       0x68 D:\src\xpresso\robocon2015_omni\mbed\TARGET_LPC1768\TOOLCHAIN_GCC_CR\libmbed.a(gpio.o)
 *fill*         0x0000f41d        0x3 
 .rodata.str1.4
                0x0000f420       0x48 D:\src\xpresso\robocon2015_omni\mbed\TARGET_LPC1768\TOOLCHAIN_GCC_CR\libmbed.a(pinmap_common.o)
 .rodata.str1.4
                0x0000f468       0x6c D:\src\xpresso\robocon2015_omni\mbed\TARGET_LPC1768\TOOLCHAIN_GCC_CR\libmbed.a(gpio_api.o)
                                 0x84 (size before relaxing)
 .rodata.str1.4
                0x0000f4d4       0x56 D:\src\xpresso\robocon2015_omni\mbed\TARGET_LPC1768\TOOLCHAIN_GCC_CR\libmbed.a(pinmap.o)
                                 0x6c (size before relaxing)
 *fill*         0x0000f52a        0x6 
 .rodata._ZTVN4mbed8FileBaseE
                0x0000f530       0x10 D:\src\xpresso\robocon2015_omni\mbed\TARGET_LPC1768\TOOLCHAIN_GCC_CR\libmbed.a(FileBase.o)
                0x0000f530                vtable for mbed::FileBase
 .rodata._ZTVN4mbed8FileLikeE
                0x0000f540       0x40 D:\src\xpresso\robocon2015_omni\mbed\TARGET_LPC1768\TOOLCHAIN_GCC_CR\libmbed.a(FileLike.o)
                0x0000f540                vtable for mbed::FileLike
 .rodata.str1.4
                0x0000f580        0x2 c:/nxp/lpcxpresso_7.3.0_186/lpcxpresso/tools/bin/../lib/gcc/arm-none-eabi/4.8.4/../../../../arm-none-eabi/lib/armv7-m\libc.a(lib_a-impure.o)
                                  0x4 (size before relaxing)
 *fill*         0x0000f582        0x2 
 .rodata._global_impure_ptr
                0x0000f584        0x4 c:/nxp/lpcxpresso_7.3.0_186/lpcxpresso/tools/bin/../lib/gcc/arm-none-eabi/4.8.4/../../../../arm-none-eabi/lib/armv7-m\libc.a(lib_a-impure.o)
                0x0000f584                _global_impure_ptr
 .rodata.zeroes.6763
                0x0000f588       0x10 c:/nxp/lpcxpresso_7.3.0_186/lpcxpresso/tools/bin/../lib/gcc/arm-none-eabi/4.8.4/../../../../arm-none-eabi/lib/armv7-m\libc.a(lib_a-svfprintf.o)
 .rodata.str1.4
                0x0000f598       0x42 c:/nxp/lpcxpresso_7.3.0_186/lpcxpresso/tools/bin/../lib/gcc/arm-none-eabi/4.8.4/../../../../arm-none-eabi/lib/armv7-m\libc.a(lib_a-svfprintf.o)
                                 0x44 (size before relaxing)
 *fill*         0x0000f5da        0x2 
 .rodata.blanks.6762
                0x0000f5dc       0x10 c:/nxp/lpcxpresso_7.3.0_186/lpcxpresso/tools/bin/../lib/gcc/arm-none-eabi/4.8.4/../../../../arm-none-eabi/lib/armv7-m\libc.a(lib_a-svfprintf.o)
 .rodata.basefix.6714
                0x0000f5ec       0x24 c:/nxp/lpcxpresso_7.3.0_186/lpcxpresso/tools/bin/../lib/gcc/arm-none-eabi/4.8.4/../../../../arm-none-eabi/lib/armv7-m\libc.a(lib_a-svfscanf.o)
 .rodata.str1.4
                0x0000f610        0x5 c:/nxp/lpcxpresso_7.3.0_186/lpcxpresso/tools/bin/../lib/gcc/arm-none-eabi/4.8.4/../../../../arm-none-eabi/lib/armv7-m\libc.a(lib_a-svfscanf.o)
                                  0x8 (size before relaxing)
 *fill*         0x0000f615        0x3 
 .rodata.blanks.6777
                0x0000f618       0x10 c:/nxp/lpcxpresso_7.3.0_186/lpcxpresso/tools/bin/../lib/gcc/arm-none-eabi/4.8.4/../../../../arm-none-eabi/lib/armv7-m\libc.a(lib_a-vfprintf.o)
 .rodata.str1.4
                0x00000000       0x44 c:/nxp/lpcxpresso_7.3.0_186/lpcxpresso/tools/bin/../lib/gcc/arm-none-eabi/4.8.4/../../../../arm-none-eabi/lib/armv7-m\libc.a(lib_a-vfprintf.o)
 .rodata.zeroes.6778
                0x0000f628       0x10 c:/nxp/lpcxpresso_7.3.0_186/lpcxpresso/tools/bin/../lib/gcc/arm-none-eabi/4.8.4/../../../../arm-none-eabi/lib/armv7-m\libc.a(lib_a-vfprintf.o)
 .rodata._ctype_
                0x0000f638      0x104 c:/nxp/lpcxpresso_7.3.0_186/lpcxpresso/tools/bin/../lib/gcc/arm-none-eabi/4.8.4/../../../../arm-none-eabi/lib/armv7-m\libc.a(lib_a-ctype_.o)
                0x0000f638                _ctype_
 .rodata.str1.4
                0x0000f73c       0x10 c:/nxp/lpcxpresso_7.3.0_186/lpcxpresso/tools/bin/../lib/gcc/arm-none-eabi/4.8.4/../../../../arm-none-eabi/lib/armv7-m\libc.a(lib_a-dtoa.o)
                                 0x14 (size before relaxing)
 .rodata.str1.4
                0x0000f74c        0xa c:/nxp/lpcxpresso_7.3.0_186/lpcxpresso/tools/bin/../lib/gcc/arm-none-eabi/4.8.4/../../../../arm-none-eabi/lib/armv7-m\libc.a(lib_a-locale.o)
                                 0x14 (size before relaxing)
 .rodata.str1.4
                0x00000000        0x4 c:/nxp/lpcxpresso_7.3.0_186/lpcxpresso/tools/bin/../lib/gcc/arm-none-eabi/4.8.4/../../../../arm-none-eabi/lib/armv7-m\libc.a(lib_a-mbrtowc.o)
 *fill*         0x0000f756        0x2 
 .rodata.__mprec_tens
                0x0000f758       0xc8 c:/nxp/lpcxpresso_7.3.0_186/lpcxpresso/tools/bin/../lib/gcc/arm-none-eabi/4.8.4/../../../../arm-none-eabi/lib/armv7-m\libc.a(lib_a-mprec.o)
                0x0000f758                __mprec_tens
 .rodata.__mprec_bigtens
                0x0000f820       0x28 c:/nxp/lpcxpresso_7.3.0_186/lpcxpresso/tools/bin/../lib/gcc/arm-none-eabi/4.8.4/../../../../arm-none-eabi/lib/armv7-m\libc.a(lib_a-mprec.o)
                0x0000f820                __mprec_bigtens
 .rodata.p05.5269
                0x0000f848        0xc c:/nxp/lpcxpresso_7.3.0_186/lpcxpresso/tools/bin/../lib/gcc/arm-none-eabi/4.8.4/../../../../arm-none-eabi/lib/armv7-m\libc.a(lib_a-mprec.o)
 .rodata.fpi.5238
                0x0000f854       0x14 c:/nxp/lpcxpresso_7.3.0_186/lpcxpresso/tools/bin/../lib/gcc/arm-none-eabi/4.8.4/../../../../arm-none-eabi/lib/armv7-m\libc.a(lib_a-strtod.o)
 .rodata.str1.4
                0x0000f868       0x10 c:/nxp/lpcxpresso_7.3.0_186/lpcxpresso/tools/bin/../lib/gcc/arm-none-eabi/4.8.4/../../../../arm-none-eabi/lib/armv7-m\libc.a(lib_a-strtod.o)
 .rodata.fpinan.5274
                0x0000f878       0x14 c:/nxp/lpcxpresso_7.3.0_186/lpcxpresso/tools/bin/../lib/gcc/arm-none-eabi/4.8.4/../../../../arm-none-eabi/lib/armv7-m\libc.a(lib_a-strtod.o)
 *fill*         0x0000f88c        0x4 
 .rodata.tinytens
                0x0000f890       0x28 c:/nxp/lpcxpresso_7.3.0_186/lpcxpresso/tools/bin/../lib/gcc/arm-none-eabi/4.8.4/../../../../arm-none-eabi/lib/armv7-m\libc.a(lib_a-strtod.o)
 .rodata.__hexdig
                0x0000f8b8      0x100 c:/nxp/lpcxpresso_7.3.0_186/lpcxpresso/tools/bin/../lib/gcc/arm-none-eabi/4.8.4/../../../../arm-none-eabi/lib/armv7-m\libc.a(lib_a-gdtoa-gethex.o)
                0x0000f8b8                __hexdig
                0x0000f9b8                . = ALIGN (0x4)
                0x0000f9b8                . = ALIGN (0x4)
 *(.init)
 .init          0x0000f9b8        0x4 c:/nxp/lpcxpresso_7.3.0_186/lpcxpresso/tools/bin/../lib/gcc/arm-none-eabi/4.8.4/armv7-m\crti.o
                0x0000f9b8                _init
 .init          0x0000f9bc        0x8 c:/nxp/lpcxpresso_7.3.0_186/lpcxpresso/tools/bin/../lib/gcc/arm-none-eabi/4.8.4/armv7-m\crtn.o
                0x0000f9c4                . = ALIGN (0x4)
                0x0000f9c4                __preinit_array_start = .
 *(.preinit_array)
                0x0000f9c4                __preinit_array_end = .
                0x0000f9c4                . = ALIGN (0x4)
                0x0000f9c4                __init_array_start = .
 *(SORT(.init_array.*))
 *(.init_array)
 .init_array    0x0000f9c4        0x4 ./main.o
 .init_array    0x0000f9c8        0x4 c:/nxp/lpcxpresso_7.3.0_186/lpcxpresso/tools/bin/../lib/gcc/arm-none-eabi/4.8.4/armv7-m\crtbegin.o
                0x0000f9cc                __init_array_end = .
 *(.fini)
 .fini          0x0000f9cc        0x4 c:/nxp/lpcxpresso_7.3.0_186/lpcxpresso/tools/bin/../lib/gcc/arm-none-eabi/4.8.4/armv7-m\crti.o
                0x0000f9cc                _fini
 .fini          0x0000f9d0        0x8 c:/nxp/lpcxpresso_7.3.0_186/lpcxpresso/tools/bin/../lib/gcc/arm-none-eabi/4.8.4/armv7-m\crtn.o
                0x0000f9d8                . = ALIGN (0x4)
 *crtbegin.o(.ctors)
 *(EXCLUDE_FILE(*crtend.o) .ctors)
 *(SORT(.ctors.*))
 *crtend.o(.ctors)
                0x0000f9d8                . = ALIGN (0x4)
 *crtbegin.o(.dtors)
 *(EXCLUDE_FILE(*crtend.o) .dtors)
 *(SORT(.dtors.*))
 *crtend.o(.dtors)

.glue_7         0x0000f9d8        0x0
 .glue_7        0x00000000        0x0 linker stubs

.glue_7t        0x0000f9d8        0x0
 .glue_7t       0x00000000        0x0 linker stubs

.vfp11_veneer   0x0000f9d8        0x0
 .vfp11_veneer  0x00000000        0x0 linker stubs

.v4_bx          0x0000f9d8        0x0
 .v4_bx         0x00000000        0x0 linker stubs

.iplt           0x0000f9d8        0x0
 .iplt          0x00000000        0x0 ./main.o

.ARM.extab
 *(.ARM.extab* .gnu.linkonce.armextab.*)
                0x0000f9d8                __exidx_start = .

.ARM.exidx      0x0000f9d8        0x8
 *(.ARM.exidx* .gnu.linkonce.armexidx.*)
 .ARM.exidx     0x0000f9d8        0x8 c:/nxp/lpcxpresso_7.3.0_186/lpcxpresso/tools/bin/../lib/gcc/arm-none-eabi/4.8.4/armv7-m\libgcc.a(_divdi3.o)
 .ARM.exidx     0x0000f9e0        0x0 c:/nxp/lpcxpresso_7.3.0_186/lpcxpresso/tools/bin/../lib/gcc/arm-none-eabi/4.8.4/armv7-m\libgcc.a(_udivdi3.o)
                                  0x8 (size before relaxing)
                0x0000f9e0                __exidx_end = .
                0x0000f9e0                _etext = .

.rel.dyn        0x0000f9e0        0x0
 .rel.iplt      0x00000000        0x0 ./main.o

.eh_frame       0x0000f9e0        0x0
 .eh_frame      0x0000f9e0        0x0 c:/nxp/lpcxpresso_7.3.0_186/lpcxpresso/tools/bin/../lib/gcc/arm-none-eabi/4.8.4/armv7-m\crtbegin.o

.data_RAM2      0x2007c000        0x0 load address 0x0000f9e0
 FILL mask 0xff
 *(.data.$RAM2*)
 *(.data.$RamAHB32*)
                0x2007c000                . = ALIGN (0x4)

.uninit_RESERVED
 *(.bss.$RESERVED*)

.data           0x100000c8      0x8c8 load address 0x0000f9e0
 FILL mask 0xff
                0x100000c8                _data = .
 *(vtable)
 *(.data*)
 .data.SystemCoreClock
                0x100000c8        0x4 D:/src/xpresso/robocon2015_omni/mbed/TARGET_LPC1768/TOOLCHAIN_GCC_CR/system_LPC17xx.o
                0x100000c8                SystemCoreClock
 .data.PWM_MATCH
                0x100000cc       0x1c D:\src\xpresso\robocon2015_omni\mbed\TARGET_LPC1768\TOOLCHAIN_GCC_CR\libmbed.a(pwmout_api.o)
                0x100000cc                PWM_MATCH
 .data.impure_data
                0x100000e8      0x428 c:/nxp/lpcxpresso_7.3.0_186/lpcxpresso/tools/bin/../lib/gcc/arm-none-eabi/4.8.4/../../../../arm-none-eabi/lib/armv7-m\libc.a(lib_a-impure.o)
 .data._impure_ptr
                0x10000510        0x4 c:/nxp/lpcxpresso_7.3.0_186/lpcxpresso/tools/bin/../lib/gcc/arm-none-eabi/4.8.4/../../../../arm-none-eabi/lib/armv7-m\libc.a(lib_a-impure.o)
                0x10000510                _impure_ptr
 .data.__malloc_av_
                0x10000514      0x408 c:/nxp/lpcxpresso_7.3.0_186/lpcxpresso/tools/bin/../lib/gcc/arm-none-eabi/4.8.4/../../../../arm-none-eabi/lib/armv7-m\libc.a(lib_a-mallocr.o)
                0x10000514                __malloc_av_
 .data.__malloc_trim_threshold
                0x1000091c        0x4 c:/nxp/lpcxpresso_7.3.0_186/lpcxpresso/tools/bin/../lib/gcc/arm-none-eabi/4.8.4/../../../../arm-none-eabi/lib/armv7-m\libc.a(lib_a-mallocr.o)
                0x1000091c                __malloc_trim_threshold
 .data.__malloc_sbrk_base
                0x10000920        0x4 c:/nxp/lpcxpresso_7.3.0_186/lpcxpresso/tools/bin/../lib/gcc/arm-none-eabi/4.8.4/../../../../arm-none-eabi/lib/armv7-m\libc.a(lib_a-mallocr.o)
                0x10000920                __malloc_sbrk_base
 .data.__ctype_ptr__
                0x10000924        0x4 c:/nxp/lpcxpresso_7.3.0_186/lpcxpresso/tools/bin/../lib/gcc/arm-none-eabi/4.8.4/../../../../arm-none-eabi/lib/armv7-m\libc.a(lib_a-ctype_.o)
                0x10000924                __ctype_ptr__
 .data.lconv    0x10000928       0x38 c:/nxp/lpcxpresso_7.3.0_186/lpcxpresso/tools/bin/../lib/gcc/arm-none-eabi/4.8.4/../../../../arm-none-eabi/lib/armv7-m\libc.a(lib_a-locale.o)
 .data.lc_ctype_charset
                0x10000960       0x20 c:/nxp/lpcxpresso_7.3.0_186/lpcxpresso/tools/bin/../lib/gcc/arm-none-eabi/4.8.4/../../../../arm-none-eabi/lib/armv7-m\libc.a(lib_a-locale.o)
 .data.__mb_cur_max
                0x10000980        0x4 c:/nxp/lpcxpresso_7.3.0_186/lpcxpresso/tools/bin/../lib/gcc/arm-none-eabi/4.8.4/../../../../arm-none-eabi/lib/armv7-m\libc.a(lib_a-locale.o)
                0x10000980                __mb_cur_max
 .data.__mbtowc
                0x10000984        0x4 c:/nxp/lpcxpresso_7.3.0_186/lpcxpresso/tools/bin/../lib/gcc/arm-none-eabi/4.8.4/../../../../arm-none-eabi/lib/armv7-m\libc.a(lib_a-mbtowc_r.o)
                0x10000984                __mbtowc
 .data.__wctomb
                0x10000988        0x4 c:/nxp/lpcxpresso_7.3.0_186/lpcxpresso/tools/bin/../lib/gcc/arm-none-eabi/4.8.4/../../../../arm-none-eabi/lib/armv7-m\libc.a(lib_a-wctomb_r.o)
                0x10000988                __wctomb
 .data          0x1000098c        0x4 c:/nxp/lpcxpresso_7.3.0_186/lpcxpresso/tools/bin/../lib/gcc/arm-none-eabi/4.8.4/armv7-m\crtbegin.o
                0x1000098c                __dso_handle
                0x10000990                . = ALIGN (0x4)
                0x10000990                _edata = .

.igot.plt       0x10000990        0x0 load address 0x000102a8
 .igot.plt      0x00000000        0x0 ./main.o

.jcr            0x10000990        0x0 load address 0x000102a8
 .jcr           0x10000990        0x0 c:/nxp/lpcxpresso_7.3.0_186/lpcxpresso/tools/bin/../lib/gcc/arm-none-eabi/4.8.4/armv7-m\crtbegin.o

.bss_RAM2       0x2007c000        0x0
 *(.bss.$RAM2*)
 *(.bss.$RamAHB32*)
                0x2007c000                . = ALIGN (0x4)

.bss            0x10000990      0x458
                0x10000990                _bss = .
 *(.bss*)
 .bss._ZZN4Omni6updateE13_RecievedDataE4prec
                0x10000990       0x30 ./main.o
                0x10000990                Omni::update(_RecievedData)::prec
 .bss._ZZ17checkHandleButton13_RecievedDataE1a
                0x100009c0        0x4 ./main.o
 .bss.pwm1      0x100009c4        0x8 ./main.o
                0x100009c4                pwm1
 .bss.pwm2      0x100009cc        0x8 ./main.o
                0x100009cc                pwm2
 .bss.pwm3      0x100009d4        0x8 ./main.o
                0x100009d4                pwm3
 .bss.pwm4      0x100009dc        0x8 ./main.o
                0x100009dc                pwm4
 .bss.pwm5      0x100009e4        0x8 ./main.o
                0x100009e4                pwm5
 .bss._ZZ17checkHandleButton13_RecievedDataE5power
                0x100009ec        0x4 ./main.o
 .bss.roll      0x100009f0       0x18 ./main.o
                0x100009f0                roll
 .bss._ZZ17checkHandleButton13_RecievedDataE2w5
                0x10000a08        0x4 ./main.o
 .bss.urg       0x10000a0c       0x60 ./main.o
                0x10000a0c                urg
 .bss.pc        0x10000a6c       0x60 ./main.o
                0x10000a6c                pc
 .bss.led       0x10000acc       0x18 ./main.o
                0x10000acc                led
 .bss.controller
                0x10000ae4       0x60 ./main.o
                0x10000ae4                controller
 .bss.omni      0x10000b44       0x10 ./main.o
                0x10000b44                omni
 .bss._ZZ12parseUrgData13_RecievedDatacE2cs
                0x10000b54        0x8 ./urg.o
 .bss._ZZ19parseControllerDatacE2rd
                0x10000b5c       0x30 ./util.o
 .bss._ZL11filehandles
                0x10000b8c      0x100 D:/src/xpresso/robocon2015_omni/mbed/TARGET_LPC1768/TOOLCHAIN_GCC_CR/retarget.o
 .bss.pwm_clock_mhz
                0x10000c8c        0x4 D:\src\xpresso\robocon2015_omni\mbed\TARGET_LPC1768\TOOLCHAIN_GCC_CR\libmbed.a(pwmout_api.o)
 .bss.stdio_uart_inited
                0x10000c90        0x4 D:\src\xpresso\robocon2015_omni\mbed\TARGET_LPC1768\TOOLCHAIN_GCC_CR\libmbed.a(serial_api.o)
                0x10000c90                stdio_uart_inited
 .bss.irq_handler
                0x10000c94        0x4 D:\src\xpresso\robocon2015_omni\mbed\TARGET_LPC1768\TOOLCHAIN_GCC_CR\libmbed.a(serial_api.o)
 .bss.uart_data
                0x10000c98       0xe0 D:\src\xpresso\robocon2015_omni\mbed\TARGET_LPC1768\TOOLCHAIN_GCC_CR\libmbed.a(serial_api.o)
 .bss.us_ticker_inited
                0x10000d78        0x4 D:\src\xpresso\robocon2015_omni\mbed\TARGET_LPC1768\TOOLCHAIN_GCC_CR\libmbed.a(us_ticker.o)
                0x10000d78                us_ticker_inited
 .bss._ZN4mbed8FileBase5_headE
                0x10000d7c        0x4 D:\src\xpresso\robocon2015_omni\mbed\TARGET_LPC1768\TOOLCHAIN_GCC_CR\libmbed.a(FileBase.o)
                0x10000d7c                mbed::FileBase::_head
 .bss.head      0x10000d80        0x4 D:\src\xpresso\robocon2015_omni\mbed\TARGET_LPC1768\TOOLCHAIN_GCC_CR\libmbed.a(us_ticker_api.o)
 .bss.event_handler
                0x10000d84        0x4 D:\src\xpresso\robocon2015_omni\mbed\TARGET_LPC1768\TOOLCHAIN_GCC_CR\libmbed.a(us_ticker_api.o)
 .bss.__malloc_max_total_mem
                0x10000d88        0x4 c:/nxp/lpcxpresso_7.3.0_186/lpcxpresso/tools/bin/../lib/gcc/arm-none-eabi/4.8.4/../../../../arm-none-eabi/lib/armv7-m\libc.a(lib_a-mallocr.o)
                0x10000d88                __malloc_max_total_mem
 .bss.__malloc_max_sbrked_mem
                0x10000d8c        0x4 c:/nxp/lpcxpresso_7.3.0_186/lpcxpresso/tools/bin/../lib/gcc/arm-none-eabi/4.8.4/../../../../arm-none-eabi/lib/armv7-m\libc.a(lib_a-mallocr.o)
                0x10000d8c                __malloc_max_sbrked_mem
 .bss.__malloc_top_pad
                0x10000d90        0x4 c:/nxp/lpcxpresso_7.3.0_186/lpcxpresso/tools/bin/../lib/gcc/arm-none-eabi/4.8.4/../../../../arm-none-eabi/lib/armv7-m\libc.a(lib_a-mallocr.o)
                0x10000d90                __malloc_top_pad
 .bss.__malloc_current_mallinfo
                0x10000d94       0x28 c:/nxp/lpcxpresso_7.3.0_186/lpcxpresso/tools/bin/../lib/gcc/arm-none-eabi/4.8.4/../../../../arm-none-eabi/lib/armv7-m\libc.a(lib_a-mallocr.o)
                0x10000d94                __malloc_current_mallinfo
 .bss           0x10000dbc       0x1c c:/nxp/lpcxpresso_7.3.0_186/lpcxpresso/tools/bin/../lib/gcc/arm-none-eabi/4.8.4/armv7-m\crtbegin.o
 *(COMMON)
 COMMON         0x10000dd8        0x8 D:\src\xpresso\robocon2015_omni\mbed\TARGET_LPC1768\TOOLCHAIN_GCC_CR\libmbed.a(serial_api.o)
                0x10000dd8                stdio_uart
 COMMON         0x10000de0        0x4 c:/nxp/lpcxpresso_7.3.0_186/lpcxpresso/tools/bin/../lib/gcc/arm-none-eabi/4.8.4/../../../../arm-none-eabi/lib/armv7-m\libc.a(lib_a-reent.o)
                0x10000de0                errno
 COMMON         0x10000de4        0x4 c:/nxp/lpcxpresso_7.3.0_186/lpcxpresso/tools/bin/../lib/gcc/arm-none-eabi/4.8.4/../../../../arm-none-eabi/lib/armv7-m\libcr_newlib_nohost.a(_cr_sbrk.o)
                0x10000de4                __end_of_heap
                0x10000de8                . = ALIGN (0x4)
                0x10000de8                _ebss = .
                0x10000de8                PROVIDE (end, .)
                0x10000de8                __end__ = .
                0x10000de8                PROVIDE (_pvHeapStart, .)
                0x10008000                PROVIDE (_vStackTop, (__top_RamLoc32 - 0x0))
OUTPUT(robocon2015_omni.axf elf32-littlearm)

.debug_info     0x00000000     0xab93
 .debug_info    0x00000000     0x800b ./main.o
 .debug_info    0x0000800b     0x2732 ./urg.o
 .debug_info    0x0000a73d      0x2bf ./util.o
 .debug_info    0x0000a9fc      0x12d c:/nxp/lpcxpresso_7.3.0_186/lpcxpresso/tools/bin/../lib/gcc/arm-none-eabi/4.8.4/../../../../arm-none-eabi/lib/armv7-m\libcr_newlib_nohost.a(_cr_sbrk.o)
 .debug_info    0x0000ab29       0x6a c:/nxp/lpcxpresso_7.3.0_186/lpcxpresso/tools/bin/../lib/gcc/arm-none-eabi/4.8.4/../../../../arm-none-eabi/lib/armv7-m\libcr_newlib_nohost.a(_cr_check_heap.o)

.debug_abbrev   0x00000000      0xe6b
 .debug_abbrev  0x00000000      0x7b8 ./main.o
 .debug_abbrev  0x000007b8      0x449 ./urg.o
 .debug_abbrev  0x00000c01      0x112 ./util.o
 .debug_abbrev  0x00000d13       0xf6 c:/nxp/lpcxpresso_7.3.0_186/lpcxpresso/tools/bin/../lib/gcc/arm-none-eabi/4.8.4/../../../../arm-none-eabi/lib/armv7-m\libcr_newlib_nohost.a(_cr_sbrk.o)
 .debug_abbrev  0x00000e09       0x62 c:/nxp/lpcxpresso_7.3.0_186/lpcxpresso/tools/bin/../lib/gcc/arm-none-eabi/4.8.4/../../../../arm-none-eabi/lib/armv7-m\libcr_newlib_nohost.a(_cr_check_heap.o)

.debug_loc      0x00000000     0x2653
 .debug_loc     0x00000000     0x24a4 ./main.o
 .debug_loc     0x000024a4       0x1f ./urg.o
 .debug_loc     0x000024c3      0x10f ./util.o