Archive member included because of file (symbol)

D:\src\xpresso\robocon2015_omni3\mbed\TARGET_LPC1768\TOOLCHAIN_GCC_CR\libmbed.a(pwmout_api.o)
                              ./main.o (pwmout_write)
D:\src\xpresso\robocon2015_omni3\mbed\TARGET_LPC1768\TOOLCHAIN_GCC_CR\libmbed.a(serial_api.o)
                              D:/src/xpresso/robocon2015_omni3/mbed/TARGET_LPC1768/TOOLCHAIN_GCC_CR/retarget.o (serial_getc)
D:\src\xpresso\robocon2015_omni3\mbed\TARGET_LPC1768\TOOLCHAIN_GCC_CR\libmbed.a(CAN.o)
                              ./main.o (mbed::CAN::~CAN())
D:\src\xpresso\robocon2015_omni3\mbed\TARGET_LPC1768\TOOLCHAIN_GCC_CR\libmbed.a(FunctionPointer.o)
                              D:\src\xpresso\robocon2015_omni3\mbed\TARGET_LPC1768\TOOLCHAIN_GCC_CR\libmbed.a(CAN.o) (mbed::FunctionPointer::attach(void (*)()))
D:\src\xpresso\robocon2015_omni3\mbed\TARGET_LPC1768\TOOLCHAIN_GCC_CR\libmbed.a(FilePath.o)
                              D:/src/xpresso/robocon2015_omni3/mbed/TARGET_LPC1768/TOOLCHAIN_GCC_CR/retarget.o (mbed::FilePath::fileName())
D:\src\xpresso\robocon2015_omni3\mbed\TARGET_LPC1768\TOOLCHAIN_GCC_CR\libmbed.a(FileSystemLike.o)
                              D:/src/xpresso/robocon2015_omni3/mbed/TARGET_LPC1768/TOOLCHAIN_GCC_CR/retarget.o (mbed::FileSystemLike::opendir())
D:\src\xpresso\robocon2015_omni3\mbed\TARGET_LPC1768\TOOLCHAIN_GCC_CR\libmbed.a(Serial.o)
                              ./main.o (vtable for mbed::Serial)
D:\src\xpresso\robocon2015_omni3\mbed\TARGET_LPC1768\TOOLCHAIN_GCC_CR\libmbed.a(SerialBase.o)
                              D:\src\xpresso\robocon2015_omni3\mbed\TARGET_LPC1768\TOOLCHAIN_GCC_CR\libmbed.a(Serial.o) (mbed::SerialBase::SerialBase(PinName, PinName))
D:\src\xpresso\robocon2015_omni3\mbed\TARGET_LPC1768\TOOLCHAIN_GCC_CR\libmbed.a(Stream.o)
                              D:\src\xpresso\robocon2015_omni3\mbed\TARGET_LPC1768\TOOLCHAIN_GCC_CR\libmbed.a(Serial.o) (mbed::Stream::close())
D:\src\xpresso\robocon2015_omni3\mbed\TARGET_LPC1768\TOOLCHAIN_GCC_CR\libmbed.a(assert.o)
                              D:/src/xpresso/robocon2015_omni3/mbed/TARGET_LPC1768/TOOLCHAIN_GCC_CR/board.o (mbed_assert_internal)
D:\src\xpresso\robocon2015_omni3\mbed\TARGET_LPC1768\TOOLCHAIN_GCC_CR\libmbed.a(error.o)
                              D:/src/xpresso/robocon2015_omni3/mbed/TARGET_LPC1768/TOOLCHAIN_GCC_CR/retarget.o (error)
D:\src\xpresso\robocon2015_omni3\mbed\TARGET_LPC1768\TOOLCHAIN_GCC_CR\libmbed.a(gpio.o)
                              D:\src\xpresso\robocon2015_omni3\mbed\TARGET_LPC1768\TOOLCHAIN_GCC_CR\libmbed.a(serial_api.o) (gpio_init_in)
D:\src\xpresso\robocon2015_omni3\mbed\TARGET_LPC1768\TOOLCHAIN_GCC_CR\libmbed.a(exit.o)
                              D:/src/xpresso/robocon2015_omni3/mbed/TARGET_LPC1768/TOOLCHAIN_GCC_CR/retarget.o (exit)
D:\src\xpresso\robocon2015_omni3\mbed\TARGET_LPC1768\TOOLCHAIN_GCC_CR\libmbed.a(mbed_interface.o)
                              D:\src\xpresso\robocon2015_omni3\mbed\TARGET_LPC1768\TOOLCHAIN_GCC_CR\libmbed.a(exit.o) (mbed_interface_connected)
D:\src\xpresso\robocon2015_omni3\mbed\TARGET_LPC1768\TOOLCHAIN_GCC_CR\libmbed.a(pinmap_common.o)
                              D:\src\xpresso\robocon2015_omni3\mbed\TARGET_LPC1768\TOOLCHAIN_GCC_CR\libmbed.a(pwmout_api.o) (pinmap_pinout)
D:\src\xpresso\robocon2015_omni3\mbed\TARGET_LPC1768\TOOLCHAIN_GCC_CR\libmbed.a(wait_api.o)
                              D:\src\xpresso\robocon2015_omni3\mbed\TARGET_LPC1768\TOOLCHAIN_GCC_CR\libmbed.a(SerialBase.o) (wait_us)
D:\src\xpresso\robocon2015_omni3\mbed\TARGET_LPC1768\TOOLCHAIN_GCC_CR\libmbed.a(semihost_api.o)
                              D:\src\xpresso\robocon2015_omni3\mbed\TARGET_LPC1768\TOOLCHAIN_GCC_CR\libmbed.a(exit.o) (semihost_exit)
D:\src\xpresso\robocon2015_omni3\mbed\TARGET_LPC1768\TOOLCHAIN_GCC_CR\libmbed.a(gpio_api.o)
                              D:\src\xpresso\robocon2015_omni3\mbed\TARGET_LPC1768\TOOLCHAIN_GCC_CR\libmbed.a(gpio.o) (gpio_init)
D:\src\xpresso\robocon2015_omni3\mbed\TARGET_LPC1768\TOOLCHAIN_GCC_CR\libmbed.a(pinmap.o)
                              D:\src\xpresso\robocon2015_omni3\mbed\TARGET_LPC1768\TOOLCHAIN_GCC_CR\libmbed.a(pinmap_common.o) (pin_function)
D:\src\xpresso\robocon2015_omni3\mbed\TARGET_LPC1768\TOOLCHAIN_GCC_CR\libmbed.a(can_api.o)
                              D:\src\xpresso\robocon2015_omni3\mbed\TARGET_LPC1768\TOOLCHAIN_GCC_CR\libmbed.a(CAN.o) (can_mode)
D:\src\xpresso\robocon2015_omni3\mbed\TARGET_LPC1768\TOOLCHAIN_GCC_CR\libmbed.a(us_ticker.o)
                              D:\src\xpresso\robocon2015_omni3\mbed\TARGET_LPC1768\TOOLCHAIN_GCC_CR\libmbed.a(wait_api.o) (us_ticker_read)
D:\src\xpresso\robocon2015_omni3\mbed\TARGET_LPC1768\TOOLCHAIN_GCC_CR\libmbed.a(FileBase.o)
                              D:\src\xpresso\robocon2015_omni3\mbed\TARGET_LPC1768\TOOLCHAIN_GCC_CR\libmbed.a(FileSystemLike.o) (mbed::FileBase::~FileBase())
D:\src\xpresso\robocon2015_omni3\mbed\TARGET_LPC1768\TOOLCHAIN_GCC_CR\libmbed.a(FileLike.o)
[...]
Memory Configuration

Name             Origin             Length             Attributes
MFlash512        0x00000000         0x00080000         xr
RamLoc32         0x100000c8         0x00007f38         xrw
RamAHB32         0x2007c000         0x00008000         xrw
*default*        0x00000000         0xffffffff

Linker script and memory map

LOAD ./AutoControll.o
LOAD ./main.o
LOAD ./util.o
LOAD D:/src/xpresso/robocon2015_omni3/mbed/TARGET_LPC1768/TOOLCHAIN_GCC_CR/retarget.o
LOAD D:/src/xpresso/robocon2015_omni3/mbed/TARGET_LPC1768/TOOLCHAIN_GCC_CR/system_LPC17xx.o
LOAD D:/src/xpresso/robocon2015_omni3/mbed/TARGET_LPC1768/TOOLCHAIN_GCC_CR/board.o
LOAD D:/src/xpresso/robocon2015_omni3/mbed/TARGET_LPC1768/TOOLCHAIN_GCC_CR/cmsis_nvic.o
LOAD D:/src/xpresso/robocon2015_omni3/mbed/TARGET_LPC1768/TOOLCHAIN_GCC_CR/startup_LPC17xx.o
LOAD D:\src\xpresso\robocon2015_omni3\mbed\TARGET_LPC1768\TOOLCHAIN_GCC_CR\libmbed.a
START GROUP
LOAD c:/nxp/lpcxpresso_7.3.0_186/lpcxpresso/tools/bin/../lib/gcc/arm-none-eabi/4.8.4/armv7-m\libgcc.a
LOAD c:/nxp/lpcxpresso_7.3.0_186/lpcxpresso/tools/bin/../lib/gcc/arm-none-eabi/4.8.4/../../../../arm-none-eabi/lib/armv7-m\libc.a
LOAD c:/nxp/lpcxpresso_7.3.0_186/lpcxpresso/tools/bin/../lib/gcc/arm-none-eabi/4.8.4/../../../../arm-none-eabi/lib/armv7-m\libstdc++.a
LOAD c:/nxp/lpcxpresso_7.3.0_186/lpcxpresso/tools/bin/../lib/gcc/arm-none-eabi/4.8.4/../../../../arm-none-eabi/lib/armv7-m\libm.a
LOAD c:/nxp/lpcxpresso_7.3.0_186/lpcxpresso/tools/bin/../lib/gcc/arm-none-eabi/4.8.4/../../../../arm-none-eabi/lib/armv7-m\libcr_newlib_nohost.a
LOAD c:/nxp/lpcxpresso_7.3.0_186/lpcxpresso/tools/bin/../lib/gcc/arm-none-eabi/4.8.4/armv7-m\crti.o
LOAD c:/nxp/lpcxpresso_7.3.0_186/lpcxpresso/tools/bin/../lib/gcc/arm-none-eabi/4.8.4/armv7-m\crtn.o
LOAD c:/nxp/lpcxpresso_7.3.0_186/lpcxpresso/tools/bin/../lib/gcc/arm-none-eabi/4.8.4/armv7-m\crtbegin.o
LOAD c:/nxp/lpcxpresso_7.3.0_186/lpcxpresso/tools/bin/../lib/gcc/arm-none-eabi/4.8.4/armv7-m\crtend.o
END GROUP
                0x00080000                __top_MFlash512 = 0x80000
                0x10008000                __top_RamLoc32 = 0x10008000
                0x20084000                __top_RamAHB32 = 0x20084000

.text           0x00000000    0x10f68
 FILL mask 0xff
 *(.isr_vector)
 .isr_vector    0x00000000       0xcc D:/src/xpresso/robocon2015_omni3/mbed/TARGET_LPC1768/TOOLCHAIN_GCC_CR/startup_LPC17xx.o
                0x00000000                g_pfnVectors
                0x000000cc                . = ALIGN (0x4)
                0x000000cc                __section_table_start = .
                0x000000cc                __data_section_table = .
                0x000000cc        0x4 LONG 0x10f70 LOADADDR (.data)
                0x000000d0        0x4 LONG 0x100000c8 ADDR (.data)
                0x000000d4        0x4 LONG 0x8c8 SIZEOF (.data)
                0x000000d8        0x4 LONG 0x10f70 LOADADDR (.data_RAM2)
                0x000000dc        0x4 LONG 0x2007c000 ADDR (.data_RAM2)
                0x000000e0        0x4 LONG 0x0 SIZEOF (.data_RAM2)
                0x000000e4                __data_section_table_end = .
                0x000000e4                __bss_section_table = .
                0x000000e4        0x4 LONG 0x10000990 ADDR (.bss)
                0x000000e8        0x4 LONG 0x4f4 SIZEOF (.bss)
                0x000000ec        0x4 LONG 0x2007c000 ADDR (.bss_RAM2)
                0x000000f0        0x4 LONG 0x0 SIZEOF (.bss_RAM2)
                0x000000f4                __bss_section_table_end = .
                0x000000f4                __section_table_end = .
 *(.after_vectors*)
 .after_vectors
                0x000000f4      0x138 D:/src/xpresso/robocon2015_omni3/mbed/TARGET_LPC1768/TOOLCHAIN_GCC_CR/startup_LPC17xx.o
                0x000000f4                NMI_Handler
                0x000000f8                HardFault_Handler
                0x000000fc                MemManage_Handler
                0x00000100                BusFault_Handler
                0x00000104                UsageFault_Handler
                0x00000108                SVC_Handler
                0x0000010c                DebugMon_Handler
                0x00000110                PendSV_Handler
                0x00000114                SysTick_Handler
                0x00000118                ResetISR
                0x000001c4                data_init
                0x000001f8                bss_init
                0x00000228                EINT3_IRQHandler
                0x00000228                CANActivity_IRQHandler
                0x00000228                TIMER3_IRQHandler
                0x00000228                UART0_IRQHandler
                0x00000228                UART1_IRQHandler
                0x00000228                EINT2_IRQHandler
                0x00000228                PWM1_IRQHandler
                0x00000228                IntDefaultHandler
                0x00000228                PLL0_IRQHandler
                0x00000228                USBActivity_IRQHandler
                0x00000228                PLL1_IRQHandler
                0x00000228                SSP0_IRQHandler
                0x00000228                I2S_IRQHandler
                0x00000228                I2C2_IRQHandler
                0x00000228                RTC_IRQHandler
                0x00000228                TIMER0_IRQHandler
                0x00000228                SPI_IRQHandler
                0x00000228                I2C1_IRQHandler
                0x00000228                EINT1_IRQHandler
                0x00000228                TIMER1_IRQHandler
                0x00000228                UART2_IRQHandler
                0x00000228                ADC_IRQHandler
                0x00000228                SSP1_IRQHandler
                0x00000228                USB_IRQHandler
                0x00000228                BOD_IRQHandler
                0x00000228                I2C0_IRQHandler
                0x00000228                WDT_IRQHandler
                0x00000228                RIT_IRQHandler
                0x00000228                QEI_IRQHandler
                0x00000228                EINT0_IRQHandler
                0x00000228                CAN_IRQHandler
                0x00000228                DMA_IRQHandler
                0x00000228                TIMER2_IRQHandler
                0x00000228                UART3_IRQHandler
                0x00000228                MCPWM_IRQHandler
                0x00000228                ENET_IRQHandler
 *(.text*)
 .text._ZN4mbed10SerialBaseD2Ev
                0x0000022c        0xc ./main.o
                0x0000022c                mbed::SerialBase::~SerialBase()
                0x0000022c                mbed::SerialBase::~SerialBase()
 .text._ZN4mbed10SerialBaseD0Ev
                0x00000238       0x14 ./main.o
                0x00000238                mbed::SerialBase::~SerialBase()
 .text._ZN4mbed6SerialD2Ev
                0x0000024c       0x28 ./main.o
                0x0000024c                mbed::Serial::~Serial()
                0x0000024c                mbed::Serial::~Serial()
 .text._ZN4mbed6SerialD1Ev
                0x00000274       0x10 ./main.o
                0x00000274                non-virtual thunk to mbed::Serial::~Serial()
                0x0000027c                non-virtual thunk to mbed::Serial::~Serial()
 .text._ZN4mbed6SerialD0Ev
                0x00000284       0x40 ./main.o
                0x00000284                mbed::Serial::~Serial()
                0x000002b4                non-virtual thunk to mbed::Serial::~Serial()
                0x000002bc                non-virtual thunk to mbed::Serial::~Serial()
 .text._ZN4OmniC2Ev
                0x000002c4       0xec ./main.o
                0x000002c4                Omni::Omni()
                0x000002c4                Omni::Omni()
 .text._Z41__static_initialization_and_destruction_0ii
                0x000003b0       0xf4 ./main.o
 .text._Z11checkButton13_RecievedData
                0x000004a4       0x7c ./main.o
                0x000004a4                checkButton(_RecievedData)
 .text.main     0x00000520     0x120c ./main.o
                0x00000520                main
 .text._GLOBAL__sub_I_upper
                0x0000172c       0x10 ./main.o
 *fill*         0x0000173c        0x4 
 .text._Z11rotatePointff
                0x00001740       0xb8 ./util.o
                0x00001740                rotatePoint(float, float)
 .text._Z19parseControllerDataPc
                0x000017f8       0xf4 ./util.o
                0x000017f8                parseControllerData(char*)
 .text._Z7correct13_RecievedData
                0x000018ec       0xec ./util.o
                0x000018ec                correct(_RecievedData)
 .text._Z14makeCanMessage13_RecievedDataicc
                0x000019d8      0x1d8 ./util.o
                0x000019d8                makeCanMessage(_RecievedData, int, char, char)
 .text._Z17CheckRecieveErrorPc
                0x00001bb0       0x60 ./util.o
                0x00001bb0                CheckRecieveError(char*)
 .text._Z3absf  0x00001c10       0x18 ./util.o
                0x00001c10                abs(float)
 .text._ZN4mbed10FileHandle4flenEv
                0x00001c28       0x38 D:/src/xpresso/robocon2015_omni3/mbed/TARGET_LPC1768/TOOLCHAIN_GCC_CR/retarget.o
                0x00001c28                mbed::FileHandle::flen()
 .text._ZN4mbed10FileHandleD2Ev
                0x00001c60       0x40 D:/src/xpresso/robocon2015_omni3/mbed/TARGET_LPC1768/TOOLCHAIN_GCC_CR/retarget.o
                0x00001c60                mbed::FileHandle::~FileHandle()
                0x00001c60                mbed::FileHandle::~FileHandle()
 .text._ZN4mbed10FileHandleD0Ev
                0x00001ca0       0x48 D:/src/xpresso/robocon2015_omni3/mbed/TARGET_LPC1768/TOOLCHAIN_GCC_CR/retarget.o
                0x00001ca0                mbed::FileHandle::~FileHandle()
 .text._ZL11init_serialv
                0x00001ce8       0x28 D:/src/xpresso/robocon2015_omni3/mbed/TARGET_LPC1768/TOOLCHAIN_GCC_CR/retarget.o
 .text._open    0x00001d10       0xe4 D:/src/xpresso/robocon2015_omni3/mbed/TARGET_LPC1768/TOOLCHAIN_GCC_CR/retarget.o
                0x00001d10                _open
 .text._close   0x00001df4       0x2c D:/src/xpresso/robocon2015_omni3/mbed/TARGET_LPC1768/TOOLCHAIN_GCC_CR/retarget.o
                0x00001df4                _close
 .text._write   0x00001e20       0x88 D:/src/xpresso/robocon2015_omni3/mbed/TARGET_LPC1768/TOOLCHAIN_GCC_CR/retarget.o
                0x00001e20                _write
 .text._read    0x00001ea8       0x50 D:/src/xpresso/robocon2015_omni3/mbed/TARGET_LPC1768/TOOLCHAIN_GCC_CR/retarget.o
                0x00001ea8                _read
 .text._isatty  0x00001ef8       0x28 D:/src/xpresso/robocon2015_omni3/mbed/TARGET_LPC1768/TOOLCHAIN_GCC_CR/retarget.o
                0x00001ef8                _isatty
 .text._lseek   0x00001f20       0x28 D:/src/xpresso/robocon2015_omni3/mbed/TARGET_LPC1768/TOOLCHAIN_GCC_CR/retarget.o
                0x00001f20                _lseek
 .text._fstat   0x00001f48       0x20 D:/src/xpresso/robocon2015_omni3/mbed/TARGET_LPC1768/TOOLCHAIN_GCC_CR/retarget.o
                0x00001f48                _fstat
 .text.__cxa_pure_virtual
                0x00001f68        0x8 D:/src/xpresso/robocon2015_omni3/mbed/TARGET_LPC1768/TOOLCHAIN_GCC_CR/retarget.o
                0x00001f68                __cxa_pure_virtual
 .text.SystemInit
                0x00001f70       0xd0 D:/src/xpresso/robocon2015_omni3/mbed/TARGET_LPC1768/TOOLCHAIN_GCC_CR/system_LPC17xx.o
                0x00001f70                SystemInit
 .text.mbed_die
                0x00002040      0x160 D:/src/xpresso/robocon2015_omni3/mbed/TARGET_LPC1768/TOOLCHAIN_GCC_CR/board.o
                0x00002040                mbed_die
 .text.NVIC_SetVector
                0x000021a0       0x54 D:/src/xpresso/robocon2015_omni3/mbed/TARGET_LPC1768/TOOLCHAIN_GCC_CR/cmsis_nvic.o
                0x000021a0                NVIC_SetVector
 .text.__aeabi_atexit
                0x000021f4        0x4 D:/src/xpresso/robocon2015_omni3/mbed/TARGET_LPC1768/TOOLCHAIN_GCC_CR/startup_LPC17xx.o
                0x000021f4                __aeabi_atexit
 .text._ZdlPv   0x000021f8        0x4 D:/src/xpresso/robocon2015_omni3/mbed/TARGET_LPC1768/TOOLCHAIN_GCC_CR/startup_LPC17xx.o
                0x000021f8                operator delete(void*)
 .text.pwmout_write
                0x000021fc       0x64 D:\src\xpresso\robocon2015_omni3\mbed\TARGET_LPC1768\TOOLCHAIN_GCC_CR\libmbed.a(pwmout_api.o)
                0x000021fc                pwmout_write
 .text.pwmout_read
                0x00002260       0x38 D:\src\xpresso\robocon2015_omni3\mbed\TARGET_LPC1768\TOOLCHAIN_GCC_CR\libmbed.a(pwmout_api.o)
                0x00002260                pwmout_read
 .text.pwmout_period_us
                0x00002298       0x4c D:\src\xpresso\robocon2015_omni3\mbed\TARGET_LPC1768\TOOLCHAIN_GCC_CR\libmbed.a(pwmout_api.o)
                0x00002298                pwmout_period_us
 .text.pwmout_period_ms
                0x000022e4        0xc D:\src\xpresso\robocon2015_omni3\mbed\TARGET_LPC1768\TOOLCHAIN_GCC_CR\libmbed.a(pwmout_api.o)
                0x000022e4                pwmout_period_ms
 .text.pwmout_init
                0x000022f0       0xc0 D:\src\xpresso\robocon2015_omni3\mbed\TARGET_LPC1768\TOOLCHAIN_GCC_CR\libmbed.a(pwmout_api.o)
                0x000022f0                pwmout_init
 .text.serial_irq_set_internal
                0x000023b0       0xe8 D:\src\xpresso\robocon2015_omni3\mbed\TARGET_LPC1768\TOOLCHAIN_GCC_CR\libmbed.a(serial_api.o)
 .text.uart0_irq
                0x00002498       0x60 D:\src\xpresso\robocon2015_omni3\mbed\TARGET_LPC1768\TOOLCHAIN_GCC_CR\libmbed.a(serial_api.o)
                0x00002498                uart0_irq
 .text.uart3_irq
                0x000024f8       0x68 D:\src\xpresso\robocon2015_omni3\mbed\TARGET_LPC1768\TOOLCHAIN_GCC_CR\libmbed.a(serial_api.o)
                0x000024f8                uart3_irq
 .text.uart2_irq
                0x00002560       0x64 D:\src\xpresso\robocon2015_omni3\mbed\TARGET_LPC1768\TOOLCHAIN_GCC_CR\libmbed.a(serial_api.o)
                0x00002560                uart2_irq
 .text.uart1_irq
                0x000025c4       0x60 D:\src\xpresso\robocon2015_omni3\mbed\TARGET_LPC1768\TOOLCHAIN_GCC_CR\libmbed.a(serial_api.o)
                0x000025c4                uart1_irq
 .text.serial_baud
                0x00002624      0x3a8 D:\src\xpresso\robocon2015_omni3\mbed\TARGET_LPC1768\TOOLCHAIN_GCC_CR\libmbed.a(serial_api.o)
                0x00002624                serial_baud
 .text.serial_format
                0x000029cc       0x7c D:\src\xpresso\robocon2015_omni3\mbed\TARGET_LPC1768\TOOLCHAIN_GCC_CR\libmbed.a(serial_api.o)
                0x000029cc                serial_format
 .text.serial_irq_handler
                0x00002a48       0x24 D:\src\xpresso\robocon2015_omni3\mbed\TARGET_LPC1768\TOOLCHAIN_GCC_CR\libmbed.a(serial_api.o)
                0x00002a48                serial_irq_handler
 .text.serial_getc
                0x00002a6c       0x34 D:\src\xpresso\robocon2015_omni3\mbed\TARGET_LPC1768\TOOLCHAIN_GCC_CR\libmbed.a(serial_api.o)
                0x00002a6c                serial_getc
 .text.serial_readable
                0x00002aa0        0xc D:\src\xpresso\robocon2015_omni3\mbed\TARGET_LPC1768\TOOLCHAIN_GCC_CR\libmbed.a(serial_api.o)
                0x00002aa0                serial_readable
 .text.serial_writable
                0x00002aac       0x78 D:\src\xpresso\robocon2015_omni3\mbed\TARGET_LPC1768\TOOLCHAIN_GCC_CR\libmbed.a(serial_api.o)
                0x00002aac                serial_writable
 .text.serial_putc
                0x00002b24       0x34 D:\src\xpresso\robocon2015_omni3\mbed\TARGET_LPC1768\TOOLCHAIN_GCC_CR\libmbed.a(serial_api.o)
                0x00002b24                serial_putc
 .text.serial_set_flow_control
                0x00002b58      0x140 D:\src\xpresso\robocon2015_omni3\mbed\TARGET_LPC1768\TOOLCHAIN_GCC_CR\libmbed.a(serial_api.o)
                0x00002b58                serial_set_flow_control
 .text.serial_init
                0x00002c98      0x1ec D:\src\xpresso\robocon2015_omni3\mbed\TARGET_LPC1768\TOOLCHAIN_GCC_CR\libmbed.a(serial_api.o)
                0x00002c98                serial_init
 .text._ZN4mbed3CAN12_irq_handlerEm10CanIrqType
                0x00002e84       0x10 D:\src\xpresso\robocon2015_omni3\mbed\TARGET_LPC1768\TOOLCHAIN_GCC_CR\libmbed.a(CAN.o)
                0x00002e84                mbed::CAN::_irq_handler(unsigned long, CanIrqType)
 .text._ZN4mbed3CAND2Ev
                0x00002e94       0x20 D:\src\xpresso\robocon2015_omni3\mbed\TARGET_LPC1768\TOOLCHAIN_GCC_CR\libmbed.a(CAN.o)
                0x00002e94                mbed::CAN::~CAN()
                0x00002e94                mbed::CAN::~CAN()
 .text._ZN4mbed3CAND0Ev
                0x00002eb4       0x14 D:\src\xpresso\robocon2015_omni3\mbed\TARGET_LPC1768\TOOLCHAIN_GCC_CR\libmbed.a(CAN.o)
                0x00002eb4                mbed::CAN::~CAN()
 .text._ZN4mbed3CANC2E7PinNameS1_
                0x00002ec8       0x90 D:\src\xpresso\robocon2015_omni3\mbed\TARGET_LPC1768\TOOLCHAIN_GCC_CR\libmbed.a(CAN.o)
                0x00002ec8                mbed::CAN::CAN(PinName, PinName)
                0x00002ec8                mbed::CAN::CAN(PinName, PinName)
 .text._ZN4mbed3CAN9frequencyEi
                0x00002f58        0x8 D:\src\xpresso\robocon2015_omni3\mbed\TARGET_LPC1768\TOOLCHAIN_GCC_CR\libmbed.a(CAN.o)
                0x00002f58                mbed::CAN::frequency(int)
 .text._ZN4mbed3CAN5writeENS_10CANMessageE
                0x00002f60       0x38 D:\src\xpresso\robocon2015_omni3\mbed\TARGET_LPC1768\TOOLCHAIN_GCC_CR\libmbed.a(CAN.o)
                0x00002f60                mbed::CAN::write(mbed::CANMessage)
 .text._ZN4mbed3CAN4readERNS_10CANMessageEi
                0x00002f98        0x8 D:\src\xpresso\robocon2015_omni3\mbed\TARGET_LPC1768\TOOLCHAIN_GCC_CR\libmbed.a(CAN.o)
                0x00002f98                mbed::CAN::read(mbed::CANMessage&, int)
 .text._ZN4mbed3CAN5resetEv
                0x00002fa0        0x8 D:\src\xpresso\robocon2015_omni3\mbed\TARGET_LPC1768\TOOLCHAIN_GCC_CR\libmbed.a(CAN.o)
                0x00002fa0                mbed::CAN::reset()
 .text._ZN4mbed15FunctionPointerC2EPFvvE
                0x00002fa8        0xc D:\src\xpresso\robocon2015_omni3\mbed\TARGET_LPC1768\TOOLCHAIN_GCC_CR\libmbed.a(FunctionPointer.o)
                0x00002fa8                mbed::FunctionPointer::FunctionPointer(void (*)())
                0x00002fa8                mbed::FunctionPointer::FunctionPointer(void (*)())
 .text._ZN4mbed15FunctionPointer4callEv
                0x00002fb4       0x1c D:\src\xpresso\robocon2015_omni3\mbed\TARGET_LPC1768\TOOLCHAIN_GCC_CR\libmbed.a(FunctionPointer.o)
                0x00002fb4                mbed::FunctionPointer::call()
 .text._ZN4mbed8FilePathC2EPKc
                0x00002fd0       0x58 D:\src\xpresso\robocon2015_omni3\mbed\TARGET_LPC1768\TOOLCHAIN_GCC_CR\libmbed.a(FilePath.o)
                0x00002fd0                mbed::FilePath::FilePath(char const*)
                0x00002fd0                mbed::FilePath::FilePath(char const*)
 .text._ZN4mbed8FilePath8fileNameEv
                0x00003028        0x4 D:\src\xpresso\robocon2015_omni3\mbed\TARGET_LPC1768\TOOLCHAIN_GCC_CR\libmbed.a(FilePath.o)
                0x00003028                mbed::FilePath::fileName()
 .text._ZN4mbed8FilePath12isFileSystemEv
                0x0000302c       0x18 D:\src\xpresso\robocon2015_omni3\mbed\TARGET_LPC1768\TOOLCHAIN_GCC_CR\libmbed.a(FilePath.o)
                0x0000302c                mbed::FilePath::isFileSystem()
 .text._ZN4mbed8FilePath10fileSystemEv
                0x00003044       0x10 D:\src\xpresso\robocon2015_omni3\mbed\TARGET_LPC1768\TOOLCHAIN_GCC_CR\libmbed.a(FilePath.o)
                0x00003044                mbed::FilePath::fileSystem()
 .text._ZN4mbed8FilePath6isFileEv
                0x00003054       0x14 D:\src\xpresso\robocon2015_omni3\mbed\TARGET_LPC1768\TOOLCHAIN_GCC_CR\libmbed.a(FilePath.o)
                0x00003054                mbed::FilePath::isFile()
 .text._ZN4mbed8FilePath4fileEv
                0x00003068       0x14 D:\src\xpresso\robocon2015_omni3\mbed\TARGET_LPC1768\TOOLCHAIN_GCC_CR\libmbed.a(FilePath.o)
                0x00003068                mbed::FilePath::file()
 .text._ZN4mbed8FilePath6existsEv
                0x0000307c        0xc D:\src\xpresso\robocon2015_omni3\mbed\TARGET_LPC1768\TOOLCHAIN_GCC_CR\libmbed.a(FilePath.o)
                0x0000307c                mbed::FilePath::exists()
 .text._ZThn72_N4mbed6Serial5_putcEi
                0x00003088        0x8 D:\src\xpresso\robocon2015_omni3\mbed\TARGET_LPC1768\TOOLCHAIN_GCC_CR\libmbed.a(Serial.o)
                0x00003088                non-virtual thunk to mbed::Serial::_putc(int)
 .text._ZN4mbed6Serial5_putcEi
                0x00003090        0x4 D:\src\xpresso\robocon2015_omni3\mbed\TARGET_LPC1768\TOOLCHAIN_GCC_CR\libmbed.a(Serial.o)
                0x00003090                mbed::Serial::_putc(int)
 .text._ZThn72_N4mbed6Serial5_getcEv
                0x00003094        0x8 D:\src\xpresso\robocon2015_omni3\mbed\TARGET_LPC1768\TOOLCHAIN_GCC_CR\libmbed.a(Serial.o)
                0x00003094                non-virtual thunk to mbed::Serial::_getc()
 .text._ZN4mbed6Serial5_getcEv
                0x0000309c        0x4 D:\src\xpresso\robocon2015_omni3\mbed\TARGET_LPC1768\TOOLCHAIN_GCC_CR\libmbed.a(Serial.o)
                0x0000309c                mbed::Serial::_getc()
 .text._ZN4mbed6SerialC2E7PinNameS1_PKc
                0x000030a0       0x30 D:\src\xpresso\robocon2015_omni3\mbed\TARGET_LPC1768\TOOLCHAIN_GCC_CR\libmbed.a(Serial.o)
                0x000030a0                mbed::Serial::Serial(PinName, PinName, char const*)
                0x000030a0                mbed::Serial::Serial(PinName, PinName, char const*)
 .text._ZN4mbed10SerialBase12_irq_handlerEm9SerialIrq
                0x000030d0       0x10 D:\src\xpresso\robocon2015_omni3\mbed\TARGET_LPC1768\TOOLCHAIN_GCC_CR\libmbed.a(SerialBase.o)
                0x000030d0                mbed::SerialBase::_irq_handler(unsigned long, SerialIrq)
 .text._ZN4mbed10SerialBaseC2E7PinNameS1_
                0x000030e0       0x50 D:\src\xpresso\robocon2015_omni3\mbed\TARGET_LPC1768\TOOLCHAIN_GCC_CR\libmbed.a(SerialBase.o)
                0x000030e0                mbed::SerialBase::SerialBase(PinName, PinName)
                0x000030e0                mbed::SerialBase::SerialBase(PinName, PinName)
 .text._ZN4mbed10SerialBase4baudEi
                0x00003130       0x10 D:\src\xpresso\robocon2015_omni3\mbed\TARGET_LPC1768\TOOLCHAIN_GCC_CR\libmbed.a(SerialBase.o)
                0x00003130                mbed::SerialBase::baud(int)
 .text._ZN4mbed10SerialBase8readableEv
                0x00003140        0x8 D:\src\xpresso\robocon2015_omni3\mbed\TARGET_LPC1768\TOOLCHAIN_GCC_CR\libmbed.a(SerialBase.o)
                0x00003140                mbed::SerialBase::readable()
 .text._ZN4mbed10SerialBase10_base_getcEv
                0x00003148        0x8 D:\src\xpresso\robocon2015_omni3\mbed\TARGET_LPC1768\TOOLCHAIN_GCC_CR\libmbed.a(SerialBase.o)
                0x00003148                mbed::SerialBase::_base_getc()
 .text._ZN4mbed10SerialBase10_base_putcEi
                0x00003150       0x10 D:\src\xpresso\robocon2015_omni3\mbed\TARGET_LPC1768\TOOLCHAIN_GCC_CR\libmbed.a(SerialBase.o)
                0x00003150                mbed::SerialBase::_base_putc(int)
 .text._ZN4mbed6Stream5closeEv
                0x00003160        0x4 D:\src\xpresso\robocon2015_omni3\mbed\TARGET_LPC1768\TOOLCHAIN_GCC_CR\libmbed.a(Stream.o)
                0x00003160                mbed::Stream::close()
 .text._ZN4mbed6Stream5writeEPKvj
                0x00003164       0x7c D:\src\xpresso\robocon2015_omni3\mbed\TARGET_LPC1768\TOOLCHAIN_GCC_CR\libmbed.a(Stream.o)
                0x00003164                mbed::Stream::write(void const*, unsigned int)
 .text._ZN4mbed6Stream4readEPvj
                0x000031e0       0x7c D:\src\xpresso\robocon2015_omni3\mbed\TARGET_LPC1768\TOOLCHAIN_GCC_CR\libmbed.a(Stream.o)
                0x000031e0                mbed::Stream::read(void*, unsigned int)
 .text._ZN4mbed6Stream5lseekEli
                0x0000325c        0x4 D:\src\xpresso\robocon2015_omni3\mbed\TARGET_LPC1768\TOOLCHAIN_GCC_CR\libmbed.a(Stream.o)
                0x0000325c                mbed::Stream::lseek(long, int)
 .text._ZN4mbed6Stream6isattyEv
                0x00003260        0x4 D:\src\xpresso\robocon2015_omni3\mbed\TARGET_LPC1768\TOOLCHAIN_GCC_CR\libmbed.a(Stream.o)
                0x00003260                mbed::Stream::isatty()
 .text._ZN4mbed6Stream5fsyncEv
                0x00003264        0x4 D:\src\xpresso\robocon2015_omni3\mbed\TARGET_LPC1768\TOOLCHAIN_GCC_CR\libmbed.a(Stream.o)
                0x00003264                mbed::Stream::fsync()
 .text._ZN4mbed6Stream4flenEv
                0x00003268        0x4 D:\src\xpresso\robocon2015_omni3\mbed\TARGET_LPC1768\TOOLCHAIN_GCC_CR\libmbed.a(Stream.o)
                0x00003268                mbed::Stream::flen()
 .text._ZThn4_N4mbed6StreamD1Ev
                0x0000326c        0x8 D:\src\xpresso\robocon2015_omni3\mbed\TARGET_LPC1768\TOOLCHAIN_GCC_CR\libmbed.a(Stream.o)
                0x0000326c                non-virtual thunk to mbed::Stream::~Stream()
 .text._ZN4mbed6StreamD2Ev
                0x00003274       0x28 D:\src\xpresso\robocon2015_omni3\mbed\TARGET_LPC1768\TOOLCHAIN_GCC_CR\libmbed.a(Stream.o)
                0x00003274                mbed::Stream::~Stream()
                0x00003274                mbed::Stream::~Stream()
 .text._ZThn4_N4mbed6StreamD0Ev
                0x0000329c        0x8 D:\src\xpresso\robocon2015_omni3\mbed\TARGET_LPC1768\TOOLCHAIN_GCC_CR\libmbed.a(Stream.o)
                0x0000329c                non-virtual thunk to mbed::Stream::~Stream()
 .text._ZN4mbed6StreamD0Ev
                0x000032a4       0x14 D:\src\xpresso\robocon2015_omni3\mbed\TARGET_LPC1768\TOOLCHAIN_GCC_CR\libmbed.a(Stream.o)
                0x000032a4                mbed::Stream::~Stream()
 .text._ZN4mbed6StreamC2EPKc
                0x000032b8       0x4c D:\src\xpresso\robocon2015_omni3\mbed\TARGET_LPC1768\TOOLCHAIN_GCC_CR\libmbed.a(Stream.o)
                0x000032b8                mbed::Stream::Stream(char const*)
                0x000032b8                mbed::Stream::Stream(char const*)
 .text._ZN4mbed6Stream4getsEPci
                0x00003304       0x20 D:\src\xpresso\robocon2015_omni3\mbed\TARGET_LPC1768\TOOLCHAIN_GCC_CR\libmbed.a(Stream.o)
                0x00003304                mbed::Stream::gets(char*, int)
 .text._ZN4mbed6Stream6printfEPKcz
                0x00003324       0x2c D:\src\xpresso\robocon2015_omni3\mbed\TARGET_LPC1768\TOOLCHAIN_GCC_CR\libmbed.a(Stream.o)
                0x00003324                mbed::Stream::printf(char const*, ...)
 .text.mbed_assert_internal
                0x00003350       0x34 D:\src\xpresso\robocon2015_omni3\mbed\TARGET_LPC1768\TOOLCHAIN_GCC_CR\libmbed.a(assert.o)
                0x00003350                mbed_assert_internal
 .text.error    0x00003384       0x24 D:\src\xpresso\robocon2015_omni3\mbed\TARGET_LPC1768\TOOLCHAIN_GCC_CR\libmbed.a(error.o)
                0x00003384                error
 .text.gpio_init_in_ex
                0x000033a8       0x28 D:\src\xpresso\robocon2015_omni3\mbed\TARGET_LPC1768\TOOLCHAIN_GCC_CR\libmbed.a(gpio.o)
                0x000033a8                gpio_init_in_ex
 .text.gpio_init_in
                0x000033d0        0x8 D:\src\xpresso\robocon2015_omni3\mbed\TARGET_LPC1768\TOOLCHAIN_GCC_CR\libmbed.a(gpio.o)
                0x000033d0                gpio_init_in
 .text.gpio_init_out_ex
                0x000033d8       0x54 D:\src\xpresso\robocon2015_omni3\mbed\TARGET_LPC1768\TOOLCHAIN_GCC_CR\libmbed.a(gpio.o)
                0x000033d8                gpio_init_out_ex
 .text.gpio_init_out
                0x0000342c        0x8 D:\src\xpresso\robocon2015_omni3\mbed\TARGET_LPC1768\TOOLCHAIN_GCC_CR\libmbed.a(gpio.o)
                0x0000342c                gpio_init_out
 .text.exit     0x00003434       0x30 D:\src\xpresso\robocon2015_omni3\mbed\TARGET_LPC1768\TOOLCHAIN_GCC_CR\libmbed.a(exit.o)
                0x00003434                exit
 .text.mbed_interface_connected
                0x00003464        0x4 D:\src\xpresso\robocon2015_omni3\mbed\TARGET_LPC1768\TOOLCHAIN_GCC_CR\libmbed.a(mbed_interface.o)
                0x00003464                mbed_interface_connected
 .text.pinmap_pinout
                0x00003468       0x50 D:\src\xpresso\robocon2015_omni3\mbed\TARGET_LPC1768\TOOLCHAIN_GCC_CR\libmbed.a(pinmap_common.o)
                0x00003468                pinmap_pinout
 .text.pinmap_merge
                0x000034b8       0x24 D:\src\xpresso\robocon2015_omni3\mbed\TARGET_LPC1768\TOOLCHAIN_GCC_CR\libmbed.a(pinmap_common.o)
                0x000034b8                pinmap_merge
 .text.pinmap_find_peripheral
                0x000034dc       0x30 D:\src\xpresso\robocon2015_omni3\mbed\TARGET_LPC1768\TOOLCHAIN_GCC_CR\libmbed.a(pinmap_common.o)
                0x000034dc                pinmap_find_peripheral
 .text.pinmap_peripheral
                0x0000350c       0x40 D:\src\xpresso\robocon2015_omni3\mbed\TARGET_LPC1768\TOOLCHAIN_GCC_CR\libmbed.a(pinmap_common.o)
                0x0000350c                pinmap_peripheral
 .text.wait_us  0x0000354c       0x18 D:\src\xpresso\robocon2015_omni3\mbed\TARGET_LPC1768\TOOLCHAIN_GCC_CR\libmbed.a(wait_api.o)
                0x0000354c                wait_us
 .text.wait_ms  0x00003564        0xc D:\src\xpresso\robocon2015_omni3\mbed\TARGET_LPC1768\TOOLCHAIN_GCC_CR\libmbed.a(wait_api.o)
                0x00003564                wait_ms
 .text.semihost_exit
                0x00003570       0x18 D:\src\xpresso\robocon2015_omni3\mbed\TARGET_LPC1768\TOOLCHAIN_GCC_CR\libmbed.a(semihost_api.o)
                0x00003570                semihost_exit
 .text.semihost_connected
                0x00003588       0x10 D:\src\xpresso\robocon2015_omni3\mbed\TARGET_LPC1768\TOOLCHAIN_GCC_CR\libmbed.a(semihost_api.o)
                0x00003588                semihost_connected
 .text.gpio_set
                0x00003598       0x44 D:\src\xpresso\robocon2015_omni3\mbed\TARGET_LPC1768\TOOLCHAIN_GCC_CR\libmbed.a(gpio_api.o)
                0x00003598                gpio_set
 .text.gpio_init
                0x000035dc       0x30 D:\src\xpresso\robocon2015_omni3\mbed\TARGET_LPC1768\TOOLCHAIN_GCC_CR\libmbed.a(gpio_api.o)
                0x000035dc                gpio_init
 .text.gpio_mode
                0x0000360c        0x8 D:\src\xpresso\robocon2015_omni3\mbed\TARGET_LPC1768\TOOLCHAIN_GCC_CR\libmbed.a(gpio_api.o)
                0x0000360c                gpio_mode
 .text.gpio_dir
                0x00003614       0x44 D:\src\xpresso\robocon2015_omni3\mbed\TARGET_LPC1768\TOOLCHAIN_GCC_CR\libmbed.a(gpio_api.o)
                0x00003614                gpio_dir
 .text.pin_function
                0x00003658       0x5c D:\src\xpresso\robocon2015_omni3\mbed\TARGET_LPC1768\TOOLCHAIN_GCC_CR\libmbed.a(pinmap.o)
                0x00003658                pin_function
 .text.pin_mode
                0x000036b4       0x88 D:\src\xpresso\robocon2015_omni3\mbed\TARGET_LPC1768\TOOLCHAIN_GCC_CR\libmbed.a(pinmap.o)
                0x000036b4                pin_mode
 .text.can_irq_init
                0x0000373c       0x20 D:\src\xpresso\robocon2015_omni3\mbed\TARGET_LPC1768\TOOLCHAIN_GCC_CR\libmbed.a(can_api.o)
                0x0000373c                can_irq_init
 .text.can_irq_free
                0x0000375c       0x38 D:\src\xpresso\robocon2015_omni3\mbed\TARGET_LPC1768\TOOLCHAIN_GCC_CR\libmbed.a(can_api.o)
                0x0000375c                can_irq_free
 .text.can_free
                0x00003794       0x48 D:\src\xpresso\robocon2015_omni3\mbed\TARGET_LPC1768\TOOLCHAIN_GCC_CR\libmbed.a(can_api.o)
                0x00003794                can_free
 .text.can_frequency
                0x000037dc       0xe4 D:\src\xpresso\robocon2015_omni3\mbed\TARGET_LPC1768\TOOLCHAIN_GCC_CR\libmbed.a(can_api.o)
                0x000037dc                can_frequency
 .text.can_init
                0x000038c0       0xf0 D:\src\xpresso\robocon2015_omni3\mbed\TARGET_LPC1768\TOOLCHAIN_GCC_CR\libmbed.a(can_api.o)
                0x000038c0                can_init
 .text.can_write
                0x000039b0       0xf0 D:\src\xpresso\robocon2015_omni3\mbed\TARGET_LPC1768\TOOLCHAIN_GCC_CR\libmbed.a(can_api.o)
                0x000039b0                can_write
 .text.can_read
                0x00003aa0       0x5c D:\src\xpresso\robocon2015_omni3\mbed\TARGET_LPC1768\TOOLCHAIN_GCC_CR\libmbed.a(can_api.o)
                0x00003aa0                can_read
 .text.can_reset
                0x00003afc       0x14 D:\src\xpresso\robocon2015_omni3\mbed\TARGET_LPC1768\TOOLCHAIN_GCC_CR\libmbed.a(can_api.o)
                0x00003afc                can_reset
 .text.us_ticker_init
                0x00003b10       0x74 D:\src\xpresso\robocon2015_omni3\mbed\TARGET_LPC1768\TOOLCHAIN_GCC_CR\libmbed.a(us_ticker.o)
                0x00003b10                us_ticker_init
 .text.us_ticker_read
                0x00003b84       0x1c D:\src\xpresso\robocon2015_omni3\mbed\TARGET_LPC1768\TOOLCHAIN_GCC_CR\libmbed.a(us_ticker.o)
                0x00003b84                us_ticker_read
 .text.us_ticker_set_interrupt
                0x00003ba0       0x14 D:\src\xpresso\robocon2015_omni3\mbed\TARGET_LPC1768\TOOLCHAIN_GCC_CR\libmbed.a(us_ticker.o)
                0x00003ba0                us_ticker_set_interrupt
 .text.us_ticker_disable_interrupt
                0x00003bb4       0x14 D:\src\xpresso\robocon2015_omni3\mbed\TARGET_LPC1768\TOOLCHAIN_GCC_CR\libmbed.a(us_ticker.o)
                0x00003bb4                us_ticker_disable_interrupt
 .text.us_ticker_clear_interrupt
                0x00003bc8       0x10 D:\src\xpresso\robocon2015_omni3\mbed\TARGET_LPC1768\TOOLCHAIN_GCC_CR\libmbed.a(us_ticker.o)
                0x00003bc8                us_ticker_clear_interrupt
 .text._ZN4mbed8FileBaseD2Ev
                0x00003bd8       0x30 D:\src\xpresso\robocon2015_omni3\mbed\TARGET_LPC1768\TOOLCHAIN_GCC_CR\libmbed.a(FileBase.o)
                0x00003bd8                mbed::FileBase::~FileBase()
                0x00003bd8                mbed::FileBase::~FileBase()
 .text._ZN4mbed8FileBaseD0Ev
                0x00003c08       0x14 D:\src\xpresso\robocon2015_omni3\mbed\TARGET_LPC1768\TOOLCHAIN_GCC_CR\libmbed.a(FileBase.o)
                0x00003c08                mbed::FileBase::~FileBase()
 .text._ZN4mbed8FileBaseC2EPKcNS_8PathTypeE
                0x00003c1c       0x20 D:\src\xpresso\robocon2015_omni3\mbed\TARGET_LPC1768\TOOLCHAIN_GCC_CR\libmbed.a(FileBase.o)
                0x00003c1c                mbed::FileBase::FileBase(char const*, mbed::PathType)
                0x00003c1c                mbed::FileBase::FileBase(char const*, mbed::PathType)
 .text._ZN4mbed8FileBase6lookupEPKcj
                0x00003c3c       0x38 D:\src\xpresso\robocon2015_omni3\mbed\TARGET_LPC1768\TOOLCHAIN_GCC_CR\libmbed.a(FileBase.o)
                0x00003c3c                mbed::FileBase::lookup(char const*, unsigned int)
 .text._ZN4mbed8FileBase11getPathTypeEv
                0x00003c74        0x4 D:\src\xpresso\robocon2015_omni3\mbed\TARGET_LPC1768\TOOLCHAIN_GCC_CR\libmbed.a(FileBase.o)
                0x00003c74                mbed::FileBase::getPathType()
 .text._ZThn4_N4mbed8FileLikeD1Ev
                0x00003c78        0x8 D:\src\xpresso\robocon2015_omni3\mbed\TARGET_LPC1768\TOOLCHAIN_GCC_CR\libmbed.a(FileLike.o)
                0x00003c78                non-virtual thunk to mbed::FileLike::~FileLike()
 .text._ZN4mbed8FileLikeD2Ev
                0x00003c80       0x28 D:\src\xpresso\robocon2015_omni3\mbed\TARGET_LPC1768\TOOLCHAIN_GCC_CR\libmbed.a(FileLike.o)
                0x00003c80                mbed::FileLike::~FileLike()
                0x00003c80                mbed::FileLike::~FileLike()
 .text._ZThn4_N4mbed8FileLikeD0Ev
                0x00003ca8        0x8 D:\src\xpresso\robocon2015_omni3\mbed\TARGET_LPC1768\TOOLCHAIN_GCC_CR\libmbed.a(FileLike.o)
                0x00003ca8                non-virtual thunk to mbed::FileLike::~FileLike()
 .text._ZN4mbed8FileLikeD0Ev
                0x00003cb0       0x14 D:\src\xpresso\robocon2015_omni3\mbed\TARGET_LPC1768\TOOLCHAIN_GCC_CR\libmbed.a(FileLike.o)
                0x00003cb0                mbed::FileLike::~FileLike()
 .text._ZN4mbed8FileLikeC2EPKc
                0x00003cc4       0x2c D:\src\xpresso\robocon2015_omni3\mbed\TARGET_LPC1768\TOOLCHAIN_GCC_CR\libmbed.a(FileLike.o)
                0x00003cc4                mbed::FileLike::FileLike(char const*)
                0x00003cc4                mbed::FileLike::FileLike(char const*)
 .text.us_ticker_irq_handler
                0x00003cf0       0x4c D:\src\xpresso\robocon2015_omni3\mbed\TARGET_LPC1768\TOOLCHAIN_GCC_CR\libmbed.a(us_ticker_api.o)
                0x00003cf0                us_ticker_irq_handler
 .text          0x00003d3c      0x370 c:/nxp/lpcxpresso_7.3.0_186/lpcxpresso/tools/bin/../lib/gcc/arm-none-eabi/4.8.4/armv7-m\libgcc.a(_arm_addsubdf3.o)
                0x00003d3c                __aeabi_drsub
                0x00003d44                __aeabi_dsub
                0x00003d44                __subdf3
                0x00003d48                __aeabi_dadd
                0x00003d48                __adddf3
                0x00003fc0                __floatunsidf
                0x00003fc0                __aeabi_ui2d
                0x00003fe0                __floatsidf
                0x00003fe0                __aeabi_i2d
                0x00004004                __aeabi_f2d
                0x00004004                __extendsfdf2
                0x00004040                __floatundidf
                0x00004040                __aeabi_ul2d
                0x00004050                __floatdidf
                0x00004050                __aeabi_l2d
 .text          0x000040ac      0x424 c:/nxp/lpcxpresso_7.3.0_186/lpcxpresso/tools/bin/../lib/gcc/arm-none-eabi/4.8.4/armv7-m\libgcc.a(_arm_muldivdf3.o)
                0x000040ac                __aeabi_dmul
                0x000040ac                __muldf3
                0x00004300                __divdf3
                0x00004300                __aeabi_ddiv
 .text          0x000044d0       0x50 c:/nxp/lpcxpresso_7.3.0_186/lpcxpresso/tools/bin/../lib/gcc/arm-none-eabi/4.8.4/armv7-m\libgcc.a(_arm_fixdfsi.o)
                0x000044d0                __aeabi_d2iz
                0x000044d0                __fixdfsi
 .text          0x00004520       0xa0 c:/nxp/lpcxpresso_7.3.0_186/lpcxpresso/tools/bin/../lib/gcc/arm-none-eabi/4.8.4/armv7-m\libgcc.a(_arm_truncdfsf2.o)
                0x00004520                __truncdfsf2
                0x00004520                __aeabi_d2f
 .text          0x000045c0      0x21c c:/nxp/lpcxpresso_7.3.0_186/lpcxpresso/tools/bin/../lib/gcc/arm-none-eabi/4.8.4/armv7-m\libgcc.a(_arm_addsubsf3.o)
                0x000045c0                __aeabi_frsub
                0x000045c8                __subsf3
                0x000045c8                __aeabi_fsub
                0x000045cc                __aeabi_fadd
                0x000045cc                __addsf3
                0x0000472c                __aeabi_ui2f
                0x0000472c                __floatunsisf
                0x00004734                __aeabi_i2f
                0x00004734                __floatsisf
                0x00004750                __aeabi_ul2f
                0x00004750                __floatundisf
                0x00004760                __aeabi_l2f
                0x00004760                __floatdisf
 .text          0x000047dc      0x2a0 c:/nxp/lpcxpresso_7.3.0_186/lpcxpresso/tools/bin/../lib/gcc/arm-none-eabi/4.8.4/armv7-m\libgcc.a(_arm_muldivsf3.o)
                0x000047dc                __mulsf3
                0x000047dc                __aeabi_fmul
                0x00004944                __aeabi_fdiv
                0x00004944                __divsf3
 .text          0x00004a7c       0xec c:/nxp/lpcxpresso_7.3.0_186/lpcxpresso/tools/bin/../lib/gcc/arm-none-eabi/4.8.4/armv7-m\libgcc.a(_arm_cmpsf2.o)
                0x00004a7c                __gesf2
                0x00004a7c                __gtsf2
                0x00004a84                __lesf2
                0x00004a84                __ltsf2
                0x00004a8c                __nesf2
                0x00004a8c                __eqsf2
                0x00004a8c                __cmpsf2
                0x00004aec                __aeabi_cfrcmple
                0x00004af4                __aeabi_cfcmpeq
                0x00004af4                __aeabi_cfcmple
                0x00004b04                __aeabi_fcmpeq
                0x00004b18                __aeabi_fcmplt
                0x00004b2c                __aeabi_fcmple
                0x00004b40                __aeabi_fcmpge
                0x00004b54                __aeabi_fcmpgt
 .text          0x00004b68       0x40 c:/nxp/lpcxpresso_7.3.0_186/lpcxpresso/tools/bin/../lib/gcc/arm-none-eabi/4.8.4/armv7-m\libgcc.a(_arm_fixunssfsi.o)
                0x00004b68                __fixunssfsi
                0x00004b68                __aeabi_f2uiz
 .text          0x00004ba8       0x2c c:/nxp/lpcxpresso_7.3.0_186/lpcxpresso/tools/bin/../lib/gcc/arm-none-eabi/4.8.4/armv7-m\libgcc.a(_aeabi_uldivmod.o)
                0x00004ba8                __aeabi_uldivmod
 .text          0x00004bd4       0x60 c:/nxp/lpcxpresso_7.3.0_186/lpcxpresso/tools/bin/../lib/gcc/arm-none-eabi/4.8.4/armv7-m\libgcc.a(bpabi.o)
                0x00004bd4                __gnu_ldivmod_helper
                0x00004c04                __gnu_uldivmod_helper
 .text          0x00004c34        0x4 c:/nxp/lpcxpresso_7.3.0_186/lpcxpresso/tools/bin/../lib/gcc/arm-none-eabi/4.8.4/armv7-m\libgcc.a(_dvmd_tls.o)
                0x00004c34                __aeabi_idiv0
                0x00004c34                __aeabi_ldiv0
 .text          0x00004c38      0x2a0 c:/nxp/lpcxpresso_7.3.0_186/lpcxpresso/tools/bin/../lib/gcc/arm-none-eabi/4.8.4/armv7-m\libgcc.a(_divdi3.o)
                0x00004c38                __divdi3
 .text          0x00004ed8      0x290 c:/nxp/lpcxpresso_7.3.0_186/lpcxpresso/tools/bin/../lib/gcc/arm-none-eabi/4.8.4/armv7-m\libgcc.a(_udivdi3.o)
                0x00004ed8                __udivdi3
 .text.abs      0x00005168        0x8 c:/nxp/lpcxpresso_7.3.0_186/lpcxpresso/tools/bin/../lib/gcc/arm-none-eabi/4.8.4/../../../../arm-none-eabi/lib/armv7-m\libc.a(lib_a-abs.o)
                0x00005168                abs
 .text.__errno  0x00005170        0xc c:/nxp/lpcxpresso_7.3.0_186/lpcxpresso/tools/bin/../lib/gcc/arm-none-eabi/4.8.4/../../../../arm-none-eabi/lib/armv7-m\libc.a(lib_a-errno.o)
                0x00005170                __errno
 .text._fclose_r
                0x0000517c       0x80 c:/nxp/lpcxpresso_7.3.0_186/lpcxpresso/tools/bin/../lib/gcc/arm-none-eabi/4.8.4/../../../../arm-none-eabi/lib/armv7-m\libc.a(lib_a-fclose.o)
                0x0000517c                _fclose_r
 .text.fclose   0x000051fc       0x10 c:/nxp/lpcxpresso_7.3.0_186/lpcxpresso/tools/bin/../lib/gcc/arm-none-eabi/4.8.4/../../../../arm-none-eabi/lib/armv7-m\libc.a(lib_a-fclose.o)
                0x000051fc                fclose
 .text.__sflush_r
                0x0000520c      0x148 c:/nxp/lpcxpresso_7.3.0_186/lpcxpresso/tools/bin/../lib/gcc/arm-none-eabi/4.8.4/../../../../arm-none-eabi/lib/armv7-m\libc.a(lib_a-fflush.o)
                0x0000520c                __sflush_r
 .text._fflush_r
                0x00005354       0x2c c:/nxp/lpcxpresso_7.3.0_186/lpcxpresso/tools/bin/../lib/gcc/arm-none-eabi/4.8.4/../../../../arm-none-eabi/lib/armv7-m\libc.a(lib_a-fflush.o)
                0x00005354                _fflush_r
 .text.fflush   0x00005380       0x24 c:/nxp/lpcxpresso_7.3.0_186/lpcxpresso/tools/bin/../lib/gcc/arm-none-eabi/4.8.4/../../../../arm-none-eabi/lib/armv7-m\libc.a(lib_a-fflush.o)
                0x00005380                fflush
 .text._fgets_r
                0x000053a4       0xa0 c:/nxp/lpcxpresso_7.3.0_186/lpcxpresso/tools/bin/../lib/gcc/arm-none-eabi/4.8.4/../../../../arm-none-eabi/lib/armv7-m\libc.a(lib_a-fgets.o)
                0x000053a4                _fgets_r
 .text.fgets    0x00005444       0x18 c:/nxp/lpcxpresso_7.3.0_186/lpcxpresso/tools/bin/../lib/gcc/arm-none-eabi/4.8.4/../../../../arm-none-eabi/lib/armv7-m\libc.a(lib_a-fgets.o)
                0x00005444                fgets
 .text._cleanup_r
                0x0000545c        0xc c:/nxp/lpcxpresso_7.3.0_186/lpcxpresso/tools/bin/../lib/gcc/arm-none-eabi/4.8.4/../../../../arm-none-eabi/lib/armv7-m\libc.a(lib_a-findfp.o)
                0x0000545c                _cleanup_r
 .text.__sfmoreglue
                0x00005468       0x30 c:/nxp/lpcxpresso_7.3.0_186/lpcxpresso/tools/bin/../lib/gcc/arm-none-eabi/4.8.4/../../../../arm-none-eabi/lib/armv7-m\libc.a(lib_a-findfp.o)
                0x00005468                __sfmoreglue
 .text.__sinit  0x00005498       0xf4 c:/nxp/lpcxpresso_7.3.0_186/lpcxpresso/tools/bin/../lib/gcc/arm-none-eabi/4.8.4/../../../../arm-none-eabi/lib/armv7-m\libc.a(lib_a-findfp.o)
                0x00005498                __sinit
 .text.__sfp    0x0000558c       0x8c c:/nxp/lpcxpresso_7.3.0_186/lpcxpresso/tools/bin/../lib/gcc/arm-none-eabi/4.8.4/../../../../arm-none-eabi/lib/armv7-m\libc.a(lib_a-findfp.o)
                0x0000558c                __sfp
 .text.__sfp_lock_acquire
                0x00005618        0x4 c:/nxp/lpcxpresso_7.3.0_186/lpcxpresso/tools/bin/../lib/gcc/arm-none-eabi/4.8.4/../../../../arm-none-eabi/lib/armv7-m\libc.a(lib_a-findfp.o)
                0x00005618                __sfp_lock_acquire
 .text.__sfp_lock_release
                0x0000561c        0x4 c:/nxp/lpcxpresso_7.3.0_186/lpcxpresso/tools/bin/../lib/gcc/arm-none-eabi/4.8.4/../../../../arm-none-eabi/lib/armv7-m\libc.a(lib_a-findfp.o)
                0x0000561c                __sfp_lock_release
 .text._fopen_r
                0x00005620       0x88 c:/nxp/lpcxpresso_7.3.0_186/lpcxpresso/tools/bin/../lib/gcc/arm-none-eabi/4.8.4/../../../../arm-none-eabi/lib/armv7-m\libc.a(lib_a-fopen.o)
                0x00005620                _fopen_r
 .text.fopen    0x000056a8       0x10 c:/nxp/lpcxpresso_7.3.0_186/lpcxpresso/tools/bin/../lib/gcc/arm-none-eabi/4.8.4/../../../../arm-none-eabi/lib/armv7-m\libc.a(lib_a-fopen.o)
                0x000056a8                fopen
 .text.fprintf  0x000056b8       0x28 c:/nxp/lpcxpresso_7.3.0_186/lpcxpresso/tools/bin/../lib/gcc/arm-none-eabi/4.8.4/../../../../arm-none-eabi/lib/armv7-m\libc.a(lib_a-fprintf.o)
                0x000056b8                fprintf
 .text._malloc_trim_r
                0x000056e0       0x9c c:/nxp/lpcxpresso_7.3.0_186/lpcxpresso/tools/bin/../lib/gcc/arm-none-eabi/4.8.4/../../../../arm-none-eabi/lib/armv7-m\libc.a(lib_a-freer.o)
                0x000056e0                _malloc_trim_r
 .text._free_r  0x0000577c      0x198 c:/nxp/lpcxpresso_7.3.0_186/lpcxpresso/tools/bin/../lib/gcc/arm-none-eabi/4.8.4/../../../../arm-none-eabi/lib/armv7-m\libc.a(lib_a-freer.o)
                0x0000577c                _free_r
 .text._fseek_r
                0x00005914        0x4 c:/nxp/lpcxpresso_7.3.0_186/lpcxpresso/tools/bin/../lib/gcc/arm-none-eabi/4.8.4/../../../../arm-none-eabi/lib/armv7-m\libc.a(lib_a-fseek.o)
                0x00005914                _fseek_r
 .text._fseeko_r
                0x00005918      0x2d8 c:/nxp/lpcxpresso_7.3.0_186/lpcxpresso/tools/bin/../lib/gcc/arm-none-eabi/4.8.4/../../../../arm-none-eabi/lib/armv7-m\libc.a(lib_a-fseeko.o)
                0x00005918                _fseeko_r
 .text._fstat_r
                0x00005bf0       0x28 c:/nxp/lpcxpresso_7.3.0_186/lpcxpresso/tools/bin/../lib/gcc/arm-none-eabi/4.8.4/../../../../arm-none-eabi/lib/armv7-m\libc.a(lib_a-fstatr.o)
                0x00005bf0                _fstat_r
 .text.__sfvwrite_r
                0x00005c18      0x318 c:/nxp/lpcxpresso_7.3.0_186/lpcxpresso/tools/bin/../lib/gcc/arm-none-eabi/4.8.4/../../../../arm-none-eabi/lib/armv7-m\libc.a(lib_a-fvwrite.o)
                0x00005c18                __sfvwrite_r
 .text._fwalk   0x00005f30       0x48 c:/nxp/lpcxpresso_7.3.0_186/lpcxpresso/tools/bin/../lib/gcc/arm-none-eabi/4.8.4/../../../../arm-none-eabi/lib/armv7-m\libc.a(lib_a-fwalk.o)
                0x00005f30                _fwalk
 .text._fwalk_reent
                0x00005f78       0x4c c:/nxp/lpcxpresso_7.3.0_186/lpcxpresso/tools/bin/../lib/gcc/arm-none-eabi/4.8.4/../../../../arm-none-eabi/lib/armv7-m\libc.a(lib_a-fwalk.o)
                0x00005f78                _fwalk_reent
 .text.__libc_init_array
                0x00005fc4       0x50 c:/nxp/lpcxpresso_7.3.0_186/lpcxpresso/tools/bin/../lib/gcc/arm-none-eabi/4.8.4/../../../../arm-none-eabi/lib/armv7-m\libc.a(lib_a-init.o)
                0x00005fc4                __libc_init_array
 .text.__smakebuf_r
                0x00006014       0xe0 c:/nxp/lpcxpresso_7.3.0_186/lpcxpresso/tools/bin/../lib/gcc/arm-none-eabi/4.8.4/../../../../arm-none-eabi/lib/armv7-m\libc.a(lib_a-makebuf.o)
                0x00006014                __smakebuf_r
 .text.malloc   0x000060f4       0x10 c:/nxp/lpcxpresso_7.3.0_186/lpcxpresso/tools/bin/../lib/gcc/arm-none-eabi/4.8.4/../../../../arm-none-eabi/lib/armv7-m\libc.a(lib_a-malloc.o)
                0x000060f4                malloc
 .text.free     0x00006104       0x10 c:/nxp/lpcxpresso_7.3.0_186/lpcxpresso/tools/bin/../lib/gcc/arm-none-eabi/4.8.4/../../../../arm-none-eabi/lib/armv7-m\libc.a(lib_a-malloc.o)
                0x00006104                free
 .text._malloc_r
                0x00006114      0x538 c:/nxp/lpcxpresso_7.3.0_186/lpcxpresso/tools/bin/../lib/gcc/arm-none-eabi/4.8.4/../../../../arm-none-eabi/lib/armv7-m\libc.a(lib_a-mallocr.o)
                0x00006114                _malloc_r
 .text.memchr   0x0000664c       0x94 c:/nxp/lpcxpresso_7.3.0_186/lpcxpresso/tools/bin/../lib/gcc/arm-none-eabi/4.8.4/../../../../arm-none-eabi/lib/armv7-m\libc.a(lib_a-memchr-stub.o)
                0x0000664c                memchr
 .text          0x000066e0       0xec c:/nxp/lpcxpresso_7.3.0_186/lpcxpresso/tools/bin/../lib/gcc/arm-none-eabi/4.8.4/../../../../arm-none-eabi/lib/armv7-m\libc.a(lib_a-memcpy.o)
                0x000066e0                memcpy
 .text.memmove  0x000067cc       0xcc c:/nxp/lpcxpresso_7.3.0_186/lpcxpresso/tools/bin/../lib/gcc/arm-none-eabi/4.8.4/../../../../arm-none-eabi/lib/armv7-m\libc.a(lib_a-memmove.o)
                0x000067cc                memmove
 .text.memset   0x00006898       0x94 c:/nxp/lpcxpresso_7.3.0_186/lpcxpresso/tools/bin/../lib/gcc/arm-none-eabi/4.8.4/../../../../arm-none-eabi/lib/armv7-m\libc.a(lib_a-memset.o)
                0x00006898                memset
 .text.__malloc_lock
                0x0000692c        0x4 c:/nxp/lpcxpresso_7.3.0_186/lpcxpresso/tools/bin/../lib/gcc/arm-none-eabi/4.8.4/../../../../arm-none-eabi/lib/armv7-m\libc.a(lib_a-mlock.o)
                0x0000692c                __malloc_lock
 .text.__malloc_unlock
                0x00006930        0x4 c:/nxp/lpcxpresso_7.3.0_186/lpcxpresso/tools/bin/../lib/gcc/arm-none-eabi/4.8.4/../../../../arm-none-eabi/lib/armv7-m\libc.a(lib_a-mlock.o)
                0x00006930                __malloc_unlock
 .text._open_r  0x00006934       0x28 c:/nxp/lpcxpresso_7.3.0_186/lpcxpresso/tools/bin/../lib/gcc/arm-none-eabi/4.8.4/../../../../arm-none-eabi/lib/armv7-m\libc.a(lib_a-openr.o)
                0x00006934                _open_r
 .text._realloc_r
                0x0000695c      0x3c0 c:/nxp/lpcxpresso_7.3.0_186/lpcxpresso/tools/bin/../lib/gcc/arm-none-eabi/4.8.4/../../../../arm-none-eabi/lib/armv7-m\libc.a(lib_a-reallocr.o)
                0x0000695c                _realloc_r
 .text.lflush   0x00006d1c       0x14 c:/nxp/lpcxpresso_7.3.0_186/lpcxpresso/tools/bin/../lib/gcc/arm-none-eabi/4.8.4/../../../../arm-none-eabi/lib/armv7-m\libc.a(lib_a-refill.o)
 .text.__srefill_r
                0x00006d30      0x114 c:/nxp/lpcxpresso_7.3.0_186/lpcxpresso/tools/bin/../lib/gcc/arm-none-eabi/4.8.4/../../../../arm-none-eabi/lib/armv7-m\libc.a(lib_a-refill.o)
                0x00006d30                __srefill_r
 .text._sbrk_r  0x00006e44       0x24 c:/nxp/lpcxpresso_7.3.0_186/lpcxpresso/tools/bin/../lib/gcc/arm-none-eabi/4.8.4/../../../../arm-none-eabi/lib/armv7-m\libc.a(lib_a-sbrkr.o)
                0x00006e44                _sbrk_r
 .text.setbuf   0x00006e68       0x10 c:/nxp/lpcxpresso_7.3.0_186/lpcxpresso/tools/bin/../lib/gcc/arm-none-eabi/4.8.4/../../../../arm-none-eabi/lib/armv7-m\libc.a(lib_a-setbuf.o)
                0x00006e68                setbuf
 .text.setvbuf  0x00006e78      0x100 c:/nxp/lpcxpresso_7.3.0_186/lpcxpresso/tools/bin/../lib/gcc/arm-none-eabi/4.8.4/../../../../arm-none-eabi/lib/armv7-m\libc.a(lib_a-setvbuf.o)
                0x00006e78                setvbuf
 .text.sprintf  0x00006f78       0x4c c:/nxp/lpcxpresso_7.3.0_186/lpcxpresso/tools/bin/../lib/gcc/arm-none-eabi/4.8.4/../../../../arm-none-eabi/lib/armv7-m\libc.a(lib_a-sprintf.o)
                0x00006f78                sprintf
 .text.sscanf   0x00006fc4       0x5c c:/nxp/lpcxpresso_7.3.0_186/lpcxpresso/tools/bin/../lib/gcc/arm-none-eabi/4.8.4/../../../../arm-none-eabi/lib/armv7-m\libc.a(lib_a-sscanf.o)
                0x00006fc4                sscanf
 .text.__sread  0x00007020       0x24 c:/nxp/lpcxpresso_7.3.0_186/lpcxpresso/tools/bin/../lib/gcc/arm-none-eabi/4.8.4/../../../../arm-none-eabi/lib/armv7-m\libc.a(lib_a-stdio.o)
                0x00007020                __sread
 .text.__seofread
                0x00007044        0x4 c:/nxp/lpcxpresso_7.3.0_186/lpcxpresso/tools/bin/../lib/gcc/arm-none-eabi/4.8.4/../../../../arm-none-eabi/lib/armv7-m\libc.a(lib_a-stdio.o)
                0x00007044                __seofread
 .text.__swrite
                0x00007048       0x38 c:/nxp/lpcxpresso_7.3.0_186/lpcxpresso/tools/bin/../lib/gcc/arm-none-eabi/4.8.4/../../../../arm-none-eabi/lib/armv7-m\libc.a(lib_a-stdio.o)
                0x00007048                __swrite
 .text.__sseek  0x00007080       0x20 c:/nxp/lpcxpresso_7.3.0_186/lpcxpresso/tools/bin/../lib/gcc/arm-none-eabi/4.8.4/../../../../arm-none-eabi/lib/armv7-m\libc.a(lib_a-stdio.o)
                0x00007080                __sseek
 .text.__sclose
                0x000070a0        0x8 c:/nxp/lpcxpresso_7.3.0_186/lpcxpresso/tools/bin/../lib/gcc/arm-none-eabi/4.8.4/../../../../arm-none-eabi/lib/armv7-m\libc.a(lib_a-stdio.o)
                0x000070a0                __sclose
 .text          0x000070a8      0x23c c:/nxp/lpcxpresso_7.3.0_186/lpcxpresso/tools/bin/../lib/gcc/arm-none-eabi/4.8.4/../../../../arm-none-eabi/lib/armv7-m\libc.a(lib_a-strcmp.o)
                0x000070a8                strcmp
 .text.strlen   0x000072e4       0x60 c:/nxp/lpcxpresso_7.3.0_186/lpcxpresso/tools/bin/../lib/gcc/arm-none-eabi/4.8.4/../../../../arm-none-eabi/lib/armv7-m\libc.a(lib_a-strlen.o)
                0x000072e4                strlen
 .text.strncmp  0x00007344       0xb4 c:/nxp/lpcxpresso_7.3.0_186/lpcxpresso/tools/bin/../lib/gcc/arm-none-eabi/4.8.4/../../../../arm-none-eabi/lib/armv7-m\libc.a(lib_a-strncmp.o)
                0x00007344                strncmp
 .text.strncpy  0x000073f8       0x64 c:/nxp/lpcxpresso_7.3.0_186/lpcxpresso/tools/bin/../lib/gcc/arm-none-eabi/4.8.4/../../../../arm-none-eabi/lib/armv7-m\libc.a(lib_a-strncpy.o)
                0x000073f8                strncpy
 .text._svfprintf_r
                0x0000745c     0x14e0 c:/nxp/lpcxpresso_7.3.0_186/lpcxpresso/tools/bin/../lib/gcc/arm-none-eabi/4.8.4/../../../../arm-none-eabi/lib/armv7-m\libc.a(lib_a-svfprintf.o)
                0x0000745c                _svfprintf_r
 .text.__ssvfscanf_r
                0x0000893c      0xe78 c:/nxp/lpcxpresso_7.3.0_186/lpcxpresso/tools/bin/../lib/gcc/arm-none-eabi/4.8.4/../../../../arm-none-eabi/lib/armv7-m\libc.a(lib_a-svfscanf.o)
                0x0000893c                __ssvfscanf_r
 .text._vfprintf_r
                0x000097b4     0x1524 c:/nxp/lpcxpresso_7.3.0_186/lpcxpresso/tools/bin/../lib/gcc/arm-none-eabi/4.8.4/../../../../arm-none-eabi/lib/armv7-m\libc.a(lib_a-vfprintf.o)
                0x000097b4                _vfprintf_r
 .text.vfprintf
                0x0000acd8       0x18 c:/nxp/lpcxpresso_7.3.0_186/lpcxpresso/tools/bin/../lib/gcc/arm-none-eabi/4.8.4/../../../../arm-none-eabi/lib/armv7-m\libc.a(lib_a-vfprintf.o)
                0x0000acd8                vfprintf
 .text.__sbprintf
                0x0000acf0       0x7c c:/nxp/lpcxpresso_7.3.0_186/lpcxpresso/tools/bin/../lib/gcc/arm-none-eabi/4.8.4/../../../../arm-none-eabi/lib/armv7-m\libc.a(lib_a-vfprintf.o)
 .text.__swbuf_r
                0x0000ad6c       0xa8 c:/nxp/lpcxpresso_7.3.0_186/lpcxpresso/tools/bin/../lib/gcc/arm-none-eabi/4.8.4/../../../../arm-none-eabi/lib/armv7-m\libc.a(lib_a-wbuf.o)
                0x0000ad6c                __swbuf_r
 .text._write_r
                0x0000ae14       0x28 c:/nxp/lpcxpresso_7.3.0_186/lpcxpresso/tools/bin/../lib/gcc/arm-none-eabi/4.8.4/../../../../arm-none-eabi/lib/armv7-m\libc.a(lib_a-writer.o)
                0x0000ae14                _write_r
 .text.__swsetup_r
                0x0000ae3c       0xc4 c:/nxp/lpcxpresso_7.3.0_186/lpcxpresso/tools/bin/../lib/gcc/arm-none-eabi/4.8.4/../../../../arm-none-eabi/lib/armv7-m\libc.a(lib_a-wsetup.o)
                0x0000ae3c                __swsetup_r
 .text._close_r
                0x0000af00       0x24 c:/nxp/lpcxpresso_7.3.0_186/lpcxpresso/tools/bin/../lib/gcc/arm-none-eabi/4.8.4/../../../../arm-none-eabi/lib/armv7-m\libc.a(lib_a-closer.o)
                0x0000af00                _close_r
 .text.quorem   0x0000af24      0x134 c:/nxp/lpcxpresso_7.3.0_186/lpcxpresso/tools/bin/../lib/gcc/arm-none-eabi/4.8.4/../../../../arm-none-eabi/lib/armv7-m\libc.a(lib_a-dtoa.o)
 .text._dtoa_r  0x0000b058      0xe38 c:/nxp/lpcxpresso_7.3.0_186/lpcxpresso/tools/bin/../lib/gcc/arm-none-eabi/4.8.4/../../../../arm-none-eabi/lib/armv7-m\libc.a(lib_a-dtoa.o)
                0x0000b058                _dtoa_r
 .text.__sflags
                0x0000be90       0x70 c:/nxp/lpcxpresso_7.3.0_186/lpcxpresso/tools/bin/../lib/gcc/arm-none-eabi/4.8.4/../../../../arm-none-eabi/lib/armv7-m\libc.a(lib_a-flags.o)
                0x0000be90                __sflags
 .text._isatty_r
                0x0000bf00       0x24 c:/nxp/lpcxpresso_7.3.0_186/lpcxpresso/tools/bin/../lib/gcc/arm-none-eabi/4.8.4/../../../../arm-none-eabi/lib/armv7-m\libc.a(lib_a-isattyr.o)
                0x0000bf00                _isatty_r
 .text.iswspace
                0x0000bf24       0x1c c:/nxp/lpcxpresso_7.3.0_186/lpcxpresso/tools/bin/../lib/gcc/arm-none-eabi/4.8.4/../../../../arm-none-eabi/lib/armv7-m\libc.a(lib_a-iswspace.o)
                0x0000bf24                iswspace
 .text.__locale_charset
                0x0000bf40        0x8 c:/nxp/lpcxpresso_7.3.0_186/lpcxpresso/tools/bin/../lib/gcc/arm-none-eabi/4.8.4/../../../../arm-none-eabi/lib/armv7-m\libc.a(lib_a-locale.o)
                0x0000bf40                __locale_charset
 .text.__locale_mb_cur_max
                0x0000bf48        0xc c:/nxp/lpcxpresso_7.3.0_186/lpcxpresso/tools/bin/../lib/gcc/arm-none-eabi/4.8.4/../../../../arm-none-eabi/lib/armv7-m\libc.a(lib_a-locale.o)
                0x0000bf48                __locale_mb_cur_max
 .text._localeconv_r
                0x0000bf54        0x8 c:/nxp/lpcxpresso_7.3.0_186/lpcxpresso/tools/bin/../lib/gcc/arm-none-eabi/4.8.4/../../../../arm-none-eabi/lib/armv7-m\libc.a(lib_a-locale.o)
                0x0000bf54                _localeconv_r
 .text._lseek_r
                0x0000bf5c       0x28 c:/nxp/lpcxpresso_7.3.0_186/lpcxpresso/tools/bin/../lib/gcc/arm-none-eabi/4.8.4/../../../../arm-none-eabi/lib/armv7-m\libc.a(lib_a-lseekr.o)
                0x0000bf5c                _lseek_r
 .text._mbrtowc_r
                0x0000bf84       0x5c c:/nxp/lpcxpresso_7.3.0_186/lpcxpresso/tools/bin/../lib/gcc/arm-none-eabi/4.8.4/../../../../arm-none-eabi/lib/armv7-m\libc.a(lib_a-mbrtowc.o)
                0x0000bf84                _mbrtowc_r
 .text.__ascii_mbtowc
                0x0000bfe0       0x2c c:/nxp/lpcxpresso_7.3.0_186/lpcxpresso/tools/bin/../lib/gcc/arm-none-eabi/4.8.4/../../../../arm-none-eabi/lib/armv7-m\libc.a(lib_a-mbtowc_r.o)
                0x0000bfe0                __ascii_mbtowc
 .text._Balloc  0x0000c00c       0x4c c:/nxp/lpcxpresso_7.3.0_186/lpcxpresso/tools/bin/../lib/gcc/arm-none-eabi/4.8.4/../../../../arm-none-eabi/lib/armv7-m\libc.a(lib_a-mprec.o)
                0x0000c00c                _Balloc
 .text._Bfree   0x0000c058       0x14 c:/nxp/lpcxpresso_7.3.0_186/lpcxpresso/tools/bin/../lib/gcc/arm-none-eabi/4.8.4/../../../../arm-none-eabi/lib/armv7-m\libc.a(lib_a-mprec.o)
                0x0000c058                _Bfree
 .text.__multadd
                0x0000c06c       0x94 c:/nxp/lpcxpresso_7.3.0_186/lpcxpresso/tools/bin/../lib/gcc/arm-none-eabi/4.8.4/../../../../arm-none-eabi/lib/armv7-m\libc.a(lib_a-mprec.o)
                0x0000c06c                __multadd
 .text.__s2b    0x0000c100       0x98 c:/nxp/lpcxpresso_7.3.0_186/lpcxpresso/tools/bin/../lib/gcc/arm-none-eabi/4.8.4/../../../../arm-none-eabi/lib/armv7-m\libc.a(lib_a-mprec.o)
                0x0000c100                __s2b
 .text.__hi0bits
                0x0000c198       0x40 c:/nxp/lpcxpresso_7.3.0_186/lpcxpresso/tools/bin/../lib/gcc/arm-none-eabi/4.8.4/../../../../arm-none-eabi/lib/armv7-m\libc.a(lib_a-mprec.o)
                0x0000c198                __hi0bits
 .text.__lo0bits
                0x0000c1d8       0x5c c:/nxp/lpcxpresso_7.3.0_186/lpcxpresso/tools/bin/../lib/gcc/arm-none-eabi/4.8.4/../../../../arm-none-eabi/lib/armv7-m\libc.a(lib_a-mprec.o)
                0x0000c1d8                __lo0bits
 .text.__i2b    0x0000c234       0x14 c:/nxp/lpcxpresso_7.3.0_186/lpcxpresso/tools/bin/../lib/gcc/arm-none-eabi/4.8.4/../../../../arm-none-eabi/lib/armv7-m\libc.a(lib_a-mprec.o)
                0x0000c234                __i2b
 .text.__multiply
                0x0000c248      0x13c c:/nxp/lpcxpresso_7.3.0_186/lpcxpresso/tools/bin/../lib/gcc/arm-none-eabi/4.8.4/../../../../arm-none-eabi/lib/armv7-m\libc.a(lib_a-mprec.o)
                0x0000c248                __multiply
 .text.__pow5mult
                0x0000c384       0x9c c:/nxp/lpcxpresso_7.3.0_186/lpcxpresso/tools/bin/../lib/gcc/arm-none-eabi/4.8.4/../../../../arm-none-eabi/lib/armv7-m\libc.a(lib_a-mprec.o)
                0x0000c384                __pow5mult
 .text.__lshift
                0x0000c420       0xbc c:/nxp/lpcxpresso_7.3.0_186/lpcxpresso/tools/bin/../lib/gcc/arm-none-eabi/4.8.4/../../../../arm-none-eabi/lib/armv7-m\libc.a(lib_a-mprec.o)
                0x0000c420                __lshift
 .text.__mcmp   0x0000c4dc       0x48 c:/nxp/lpcxpresso_7.3.0_186/lpcxpresso/tools/bin/../lib/gcc/arm-none-eabi/4.8.4/../../../../arm-none-eabi/lib/armv7-m\libc.a(lib_a-mprec.o)
                0x0000c4dc                __mcmp
 .text.__mdiff  0x0000c524       0xd8 c:/nxp/lpcxpresso_7.3.0_186/lpcxpresso/tools/bin/../lib/gcc/arm-none-eabi/4.8.4/../../../../arm-none-eabi/lib/armv7-m\libc.a(lib_a-mprec.o)
                0x0000c524                __mdiff
 .text.__ulp    0x0000c5fc       0x40 c:/nxp/lpcxpresso_7.3.0_186/lpcxpresso/tools/bin/../lib/gcc/arm-none-eabi/4.8.4/../../../../arm-none-eabi/lib/armv7-m\libc.a(lib_a-mprec.o)
                0x0000c5fc                __ulp
 .text.__b2d    0x0000c63c       0xb8 c:/nxp/lpcxpresso_7.3.0_186/lpcxpresso/tools/bin/../lib/gcc/arm-none-eabi/4.8.4/../../../../arm-none-eabi/lib/armv7-m\libc.a(lib_a-mprec.o)
                0x0000c63c                __b2d
 .text.__d2b    0x0000c6f4       0xbc c:/nxp/lpcxpresso_7.3.0_186/lpcxpresso/tools/bin/../lib/gcc/arm-none-eabi/4.8.4/../../../../arm-none-eabi/lib/armv7-m\libc.a(lib_a-mprec.o)
                0x0000c6f4                __d2b
 .text.__ratio  0x0000c7b0       0x50 c:/nxp/lpcxpresso_7.3.0_186/lpcxpresso/tools/bin/../lib/gcc/arm-none-eabi/4.8.4/../../../../arm-none-eabi/lib/armv7-m\libc.a(lib_a-mprec.o)
                0x0000c7b0                __ratio
 .text.__copybits
                0x0000c800       0x48 c:/nxp/lpcxpresso_7.3.0_186/lpcxpresso/tools/bin/../lib/gcc/arm-none-eabi/4.8.4/../../../../arm-none-eabi/lib/armv7-m\libc.a(lib_a-mprec.o)
                0x0000c800                __copybits
 .text.__any_on
                0x0000c848       0x60 c:/nxp/lpcxpresso_7.3.0_186/lpcxpresso/tools/bin/../lib/gcc/arm-none-eabi/4.8.4/../../../../arm-none-eabi/lib/armv7-m\libc.a(lib_a-mprec.o)
                0x0000c848                __any_on
 .text._read_r  0x0000c8a8       0x28 c:/nxp/lpcxpresso_7.3.0_186/lpcxpresso/tools/bin/../lib/gcc/arm-none-eabi/4.8.4/../../../../arm-none-eabi/lib/armv7-m\libc.a(lib_a-readr.o)
                0x0000c8a8                _read_r
 .text.__fpclassifyd
                0x0000c8d0       0x50 c:/nxp/lpcxpresso_7.3.0_186/lpcxpresso/tools/bin/../lib/gcc/arm-none-eabi/4.8.4/../../../../arm-none-eabi/lib/armv7-m\libc.a(lib_a-s_fpclassify.o)
                0x0000c8d0                __fpclassifyd
 .text.__sccl   0x0000c920       0x70 c:/nxp/lpcxpresso_7.3.0_186/lpcxpresso/tools/bin/../lib/gcc/arm-none-eabi/4.8.4/../../../../arm-none-eabi/lib/armv7-m\libc.a(lib_a-sccl.o)
                0x0000c920                __sccl
 .text.nanf     0x0000c990        0x8 c:/nxp/lpcxpresso_7.3.0_186/lpcxpresso/tools/bin/../lib/gcc/arm-none-eabi/4.8.4/../../../../arm-none-eabi/lib/armv7-m\libc.a(lib_a-sf_nan.o)
                0x0000c990                nanf
 .text.sulp     0x0000c998       0x40 c:/nxp/lpcxpresso_7.3.0_186/lpcxpresso/tools/bin/../lib/gcc/arm-none-eabi/4.8.4/../../../../arm-none-eabi/lib/armv7-m\libc.a(lib_a-strtod.o)
 .text._strtod_r
                0x0000c9d8      0xf40 c:/nxp/lpcxpresso_7.3.0_186/lpcxpresso/tools/bin/../lib/gcc/arm-none-eabi/4.8.4/../../../../arm-none-eabi/lib/armv7-m\libc.a(lib_a-strtod.o)
                0x0000c9d8                _strtod_r
 .text._strtol_r
                0x0000d918      0x114 c:/nxp/lpcxpresso_7.3.0_186/lpcxpresso/tools/bin/../lib/gcc/arm-none-eabi/4.8.4/../../../../arm-none-eabi/lib/armv7-m\libc.a(lib_a-strtol.o)
                0x0000d918                _strtol_r
 .text._strtoll_r
                0x0000da2c      0x19c c:/nxp/lpcxpresso_7.3.0_186/lpcxpresso/tools/bin/../lib/gcc/arm-none-eabi/4.8.4/../../../../arm-none-eabi/lib/armv7-m\libc.a(lib_a-strtoll_r.o)
                0x0000da2c                _strtoll_r
 .text._strtoul_r
                0x0000dbc8      0x130 c:/nxp/lpcxpresso_7.3.0_186/lpcxpresso/tools/bin/../lib/gcc/arm-none-eabi/4.8.4/../../../../arm-none-eabi/lib/armv7-m\libc.a(lib_a-strtoul.o)
                0x0000dbc8                _strtoul_r
 .text._strtoull_r
                0x0000dcf8      0x190 c:/nxp/lpcxpresso_7.3.0_186/lpcxpresso/tools/bin/../lib/gcc/arm-none-eabi/4.8.4/../../../../arm-none-eabi/lib/armv7-m\libc.a(lib_a-strtoull_r.o)
                0x0000dcf8                _strtoull_r
 .text.__ssprint_r
                0x0000de88      0x100 c:/nxp/lpcxpresso_7.3.0_186/lpcxpresso/tools/bin/../lib/gcc/arm-none-eabi/4.8.4/../../../../arm-none-eabi/lib/armv7-m\libc.a(lib_a-svfiprintf.o)
                0x0000de88                __ssprint_r
 .text._sungetc_r
                0x0000df88       0x80 c:/nxp/lpcxpresso_7.3.0_186/lpcxpresso/tools/bin/../lib/gcc/arm-none-eabi/4.8.4/../../../../arm-none-eabi/lib/armv7-m\libc.a(lib_a-svfiscanf.o)
                0x0000df88                _sungetc_r
 .text.__ssrefill_r
                0x0000e008       0x3c c:/nxp/lpcxpresso_7.3.0_186/lpcxpresso/tools/bin/../lib/gcc/arm-none-eabi/4.8.4/../../../../arm-none-eabi/lib/armv7-m\libc.a(lib_a-svfiscanf.o)
                0x0000e008                __ssrefill_r
 .text._sfread_r
                0x0000e044       0x80 c:/nxp/lpcxpresso_7.3.0_186/lpcxpresso/tools/bin/../lib/gcc/arm-none-eabi/4.8.4/../../../../arm-none-eabi/lib/armv7-m\libc.a(lib_a-svfiscanf.o)
                0x0000e044                _sfread_r
 .text.__submore
                0x0000e0c4       0x7c c:/nxp/lpcxpresso_7.3.0_186/lpcxpresso/tools/bin/../lib/gcc/arm-none-eabi/4.8.4/../../../../arm-none-eabi/lib/armv7-m\libc.a(lib_a-ungetc.o)
                0x0000e0c4                __submore
 .text.__sprint_r.part.0
                0x0000e140       0x78 c:/nxp/lpcxpresso_7.3.0_186/lpcxpresso/tools/bin/../lib/gcc/arm-none-eabi/4.8.4/../../../../arm-none-eabi/lib/armv7-m\libc.a(lib_a-vfiprintf.o)
 .text.__sprint_r
                0x0000e1b8       0x18 c:/nxp/lpcxpresso_7.3.0_186/lpcxpresso/tools/bin/../lib/gcc/arm-none-eabi/4.8.4/../../../../arm-none-eabi/lib/armv7-m\libc.a(lib_a-vfiprintf.o)
                0x0000e1b8                __sprint_r
 .text._calloc_r
                0x0000e1d0       0x60 c:/nxp/lpcxpresso_7.3.0_186/lpcxpresso/tools/bin/../lib/gcc/arm-none-eabi/4.8.4/../../../../arm-none-eabi/lib/armv7-m\libc.a(lib_a-callocr.o)
                0x0000e1d0                _calloc_r
 .text._fputwc_r
                0x0000e230       0xc0 c:/nxp/lpcxpresso_7.3.0_186/lpcxpresso/tools/bin/../lib/gcc/arm-none-eabi/4.8.4/../../../../arm-none-eabi/lib/armv7-m\libc.a(lib_a-fputwc.o)
                0x0000e230                _fputwc_r
 .text.rshift   0x0000e2f0       0xa0 c:/nxp/lpcxpresso_7.3.0_186/lpcxpresso/tools/bin/../lib/gcc/arm-none-eabi/4.8.4/../../../../arm-none-eabi/lib/armv7-m\libc.a(lib_a-gdtoa-gethex.o)
 .text.__gethex
                0x0000e390      0x52c c:/nxp/lpcxpresso_7.3.0_186/lpcxpresso/tools/bin/../lib/gcc/arm-none-eabi/4.8.4/../../../../arm-none-eabi/lib/armv7-m\libc.a(lib_a-gdtoa-gethex.o)
                0x0000e390                __gethex
 .text.__hexnan
                0x0000e8bc      0x194 c:/nxp/lpcxpresso_7.3.0_186/lpcxpresso/tools/bin/../lib/gcc/arm-none-eabi/4.8.4/../../../../arm-none-eabi/lib/armv7-m\libc.a(lib_a-gdtoa-hexnan.o)
                0x0000e8bc                __hexnan
 .text._wcrtomb_r
                0x0000ea50       0x50 c:/nxp/lpcxpresso_7.3.0_186/lpcxpresso/tools/bin/../lib/gcc/arm-none-eabi/4.8.4/../../../../arm-none-eabi/lib/armv7-m\libc.a(lib_a-wcrtomb.o)
                0x0000ea50                _wcrtomb_r
 .text.__ascii_wctomb
                0x0000eaa0       0x1c c:/nxp/lpcxpresso_7.3.0_186/lpcxpresso/tools/bin/../lib/gcc/arm-none-eabi/4.8.4/../../../../arm-none-eabi/lib/armv7-m\libc.a(lib_a-wctomb_r.o)
                0x0000eaa0                __ascii_wctomb
 .text.cos      0x0000eabc       0x8c c:/nxp/lpcxpresso_7.3.0_186/lpcxpresso/tools/bin/../lib/gcc/arm-none-eabi/4.8.4/../../../../arm-none-eabi/lib/armv7-m\libm.a(lib_a-s_cos.o)
                0x0000eabc                cos
 .text.sin      0x0000eb48       0x94 c:/nxp/lpcxpresso_7.3.0_186/lpcxpresso/tools/bin/../lib/gcc/arm-none-eabi/4.8.4/../../../../arm-none-eabi/lib/armv7-m\libm.a(lib_a-s_sin.o)
                0x0000eb48                sin
 *fill*         0x0000ebdc        0x4 
 .text.__ieee754_rem_pio2
                0x0000ebe0      0x440 c:/nxp/lpcxpresso_7.3.0_186/lpcxpresso/tools/bin/../lib/gcc/arm-none-eabi/4.8.4/../../../../arm-none-eabi/lib/armv7-m\libm.a(lib_a-e_rem_pio2.o)
                0x0000ebe0                __ieee754_rem_pio2
 .text.__kernel_cos
                0x0000f020      0x248 c:/nxp/lpcxpresso_7.3.0_186/lpcxpresso/tools/bin/../lib/gcc/arm-none-eabi/4.8.4/../../../../arm-none-eabi/lib/armv7-m\libm.a(lib_a-k_cos.o)
                0x0000f020                __kernel_cos
 .text.__kernel_rem_pio2
                0x0000f268      0x7bc c:/nxp/lpcxpresso_7.3.0_186/lpcxpresso/tools/bin/../lib/gcc/arm-none-eabi/4.8.4/../../../../arm-none-eabi/lib/armv7-m\libm.a(lib_a-k_rem_pio2.o)
                0x0000f268                __kernel_rem_pio2
 *fill*         0x0000fa24        0x4 
 .text.__kernel_sin
                0x0000fa28      0x170 c:/nxp/lpcxpresso_7.3.0_186/lpcxpresso/tools/bin/../lib/gcc/arm-none-eabi/4.8.4/../../../../arm-none-eabi/lib/armv7-m\libm.a(lib_a-k_sin.o)
                0x0000fa28                __kernel_sin
 .text.fabs     0x0000fb98        0x8 c:/nxp/lpcxpresso_7.3.0_186/lpcxpresso/tools/bin/../lib/gcc/arm-none-eabi/4.8.4/../../../../arm-none-eabi/lib/armv7-m\libm.a(lib_a-s_fabs.o)
                0x0000fb98                fabs
 .text.floor    0x0000fba0      0x120 c:/nxp/lpcxpresso_7.3.0_186/lpcxpresso/tools/bin/../lib/gcc/arm-none-eabi/4.8.4/../../../../arm-none-eabi/lib/armv7-m\libm.a(lib_a-s_floor.o)
                0x0000fba0                floor
 .text.scalbn   0x0000fcc0      0x100 c:/nxp/lpcxpresso_7.3.0_186/lpcxpresso/tools/bin/../lib/gcc/arm-none-eabi/4.8.4/../../../../arm-none-eabi/lib/armv7-m\libm.a(lib_a-s_scalbn.o)
                0x0000fcc0                scalbn
 .text.copysign
                0x0000fdc0       0x14 c:/nxp/lpcxpresso_7.3.0_186/lpcxpresso/tools/bin/../lib/gcc/arm-none-eabi/4.8.4/../../../../arm-none-eabi/lib/armv7-m\libm.a(lib_a-s_copysign.o)
                0x0000fdc0                copysign
 .text._sbrk    0x0000fdd4       0x3c c:/nxp/lpcxpresso_7.3.0_186/lpcxpresso/tools/bin/../lib/gcc/arm-none-eabi/4.8.4/../../../../arm-none-eabi/lib/armv7-m\libcr_newlib_nohost.a(_cr_sbrk.o)
                0x0000fdd4                _sbrk
 .text.__check_heap_overflow
                0x0000fe10       0x18 c:/nxp/lpcxpresso_7.3.0_186/lpcxpresso/tools/bin/../lib/gcc/arm-none-eabi/4.8.4/../../../../arm-none-eabi/lib/armv7-m\libcr_newlib_nohost.a(_cr_check_heap.o)
                0x0000fe10                __check_heap_overflow
 .text          0x0000fe28       0x54 c:/nxp/lpcxpresso_7.3.0_186/lpcxpresso/tools/bin/../lib/gcc/arm-none-eabi/4.8.4/armv7-m\crtbegin.o
 .text          0x0000fe7c      0x110 c:/nxp/lpcxpresso_7.3.0_186/lpcxpresso/tools/bin/../lib/gcc/arm-none-eabi/4.8.4/armv7-m\libgcc.a(_arm_cmpdf2.o)
                0x0000fe7c                __gtdf2
                0x0000fe7c                __gedf2
                0x0000fe84                __ltdf2
                0x0000fe84                __ledf2
                0x0000fe8c                __nedf2
                0x0000fe8c                __eqdf2
                0x0000fe8c                __cmpdf2
                0x0000ff08                __aeabi_cdrcmple
                0x0000ff18                __aeabi_cdcmpeq
                0x0000ff18                __aeabi_cdcmple
                0x0000ff28                __aeabi_dcmpeq
                0x0000ff3c                __aeabi_dcmplt
                0x0000ff50                __aeabi_dcmple
                0x0000ff64                __aeabi_dcmpge
                0x0000ff78                __aeabi_dcmpgt
 .text          0x0000ff8c       0x40 c:/nxp/lpcxpresso_7.3.0_186/lpcxpresso/tools/bin/../lib/gcc/arm-none-eabi/4.8.4/armv7-m\libgcc.a(_arm_fixunsdfsi.o)
                0x0000ff8c                __aeabi_d2uiz
                0x0000ff8c                __fixunsdfsi
 *(.rodata .rodata.*)
 *fill*         0x0000ffcc        0x4 
 .rodata._ZTVN4mbed10SerialBaseE
                0x0000ffd0       0x10 ./main.o
                0x0000ffd0                vtable for mbed::SerialBase
 .rodata.str1.4
                0x0000ffe0       0x97 ./main.o
                                 0x98 (size before relaxing)
 *fill*         0x00010077        0x1 
 .rodata.__stdin_name
                0x00010078        0x8 D:/src/xpresso/robocon2015_omni3/mbed/TARGET_LPC1768/TOOLCHAIN_GCC_CR/retarget.o
                0x00010078                __stdin_name
 .rodata.__stderr_name
                0x00010080        0x8 D:/src/xpresso/robocon2015_omni3/mbed/TARGET_LPC1768/TOOLCHAIN_GCC_CR/retarget.o
                0x00010080                __stderr_name
 .rodata.__stdout_name
                0x00010088        0x8 D:/src/xpresso/robocon2015_omni3/mbed/TARGET_LPC1768/TOOLCHAIN_GCC_CR/retarget.o
                0x00010088                __stdout_name
 .rodata._ZTVN4mbed10FileHandleE
                0x00010090       0x30 D:/src/xpresso/robocon2015_omni3/mbed/TARGET_LPC1768/TOOLCHAIN_GCC_CR/retarget.o
                0x00010090                vtable for mbed::FileHandle
 .rodata.str1.4
                0x000100c0        0xe D:/src/xpresso/robocon2015_omni3/mbed/TARGET_LPC1768/TOOLCHAIN_GCC_CR/retarget.o
                                 0x10 (size before relaxing)
 *fill*         0x000100ce        0x2 
 .rodata.str1.4
                0x000100d0       0x67 D:/src/xpresso/robocon2015_omni3/mbed/TARGET_LPC1768/TOOLCHAIN_GCC_CR/board.o
                                 0x68 (size before relaxing)
 *fill*         0x00010137        0x1 
 .rodata.PinMap_PWM
                0x00010138       0xb4 D:\src\xpresso\robocon2015_omni3\mbed\TARGET_LPC1768\TOOLCHAIN_GCC_CR\libmbed.a(pwmout_api.o)
 .rodata.str1.4
                0x000101ec       0x6e D:\src\xpresso\robocon2015_omni3\mbed\TARGET_LPC1768\TOOLCHAIN_GCC_CR\libmbed.a(pwmout_api.o)
                                 0x70 (size before relaxing)
 *fill*         0x0001025a        0x2 
 .rodata.PinMap_UART_RTS
                0x0001025c       0x24 D:\src\xpresso\robocon2015_omni3\mbed\TARGET_LPC1768\TOOLCHAIN_GCC_CR\libmbed.a(serial_api.o)
 .rodata.PinMap_UART_RX
                0x00010280       0x6c D:\src\xpresso\robocon2015_omni3\mbed\TARGET_LPC1768\TOOLCHAIN_GCC_CR\libmbed.a(serial_api.o)
 .rodata.CSWTCH.9
                0x000102ec       0x10 D:\src\xpresso\robocon2015_omni3\mbed\TARGET_LPC1768\TOOLCHAIN_GCC_CR\libmbed.a(serial_api.o)
 .rodata.str1.4
                0x000102fc      0x1b4 D:\src\xpresso\robocon2015_omni3\mbed\TARGET_LPC1768\TOOLCHAIN_GCC_CR\libmbed.a(serial_api.o)
                                0x1cc (size before relaxing)
 .rodata.PinMap_UART_TX
                0x000104b0       0x6c D:\src\xpresso\robocon2015_omni3\mbed\TARGET_LPC1768\TOOLCHAIN_GCC_CR\libmbed.a(serial_api.o)
 .rodata.PinMap_UART_CTS
                0x0001051c       0x24 D:\src\xpresso\robocon2015_omni3\mbed\TARGET_LPC1768\TOOLCHAIN_GCC_CR\libmbed.a(serial_api.o)
 .rodata._ZTVN4mbed3CANE
                0x00010540       0x10 D:\src\xpresso\robocon2015_omni3\mbed\TARGET_LPC1768\TOOLCHAIN_GCC_CR\libmbed.a(CAN.o)
                0x00010540                vtable for mbed::CAN
 .rodata._ZTVN4mbed6SerialE
                0x00010550       0x60 D:\src\xpresso\robocon2015_omni3\mbed\TARGET_LPC1768\TOOLCHAIN_GCC_CR\libmbed.a(Serial.o)
                0x00010550                vtable for mbed::Serial
 .rodata._ZTVN4mbed6StreamE
                0x000105b0       0x48 D:\src\xpresso\robocon2015_omni3\mbed\TARGET_LPC1768\TOOLCHAIN_GCC_CR\libmbed.a(Stream.o)
                0x000105b0                vtable for mbed::Stream
 .rodata.str1.4
                0x000105f8        0x3 D:\src\xpresso\robocon2015_omni3\mbed\TARGET_LPC1768\TOOLCHAIN_GCC_CR\libmbed.a(Stream.o)
                                  0x8 (size before relaxing)
 *fill*         0x000105fb        0x1 
 .rodata.str1.4
                0x000105fc       0x31 D:\src\xpresso\robocon2015_omni3\mbed\TARGET_LPC1768\TOOLCHAIN_GCC_CR\libmbed.a(assert.o)
                                 0x34 (size before relaxing)
 .rodata.str1.4
                0x00000000       0x68 D:\src\xpresso\robocon2015_omni3\mbed\TARGET_LPC1768\TOOLCHAIN_GCC_CR\libmbed.a(gpio.o)
 *fill*         0x0001062d        0x3 
 .rodata.str1.4
                0x00010630       0x48 D:\src\xpresso\robocon2015_omni3\mbed\TARGET_LPC1768\TOOLCHAIN_GCC_CR\libmbed.a(pinmap_common.o)
 .rodata.str1.4
                0x00010678       0x6c D:\src\xpresso\robocon2015_omni3\mbed\TARGET_LPC1768\TOOLCHAIN_GCC_CR\libmbed.a(gpio_api.o)
                                 0x84 (size before relaxing)
 .rodata.str1.4
                0x000106e4       0x56 D:\src\xpresso\robocon2015_omni3\mbed\TARGET_LPC1768\TOOLCHAIN_GCC_CR\libmbed.a(pinmap.o)
                                 0x6c (size before relaxing)
 *fill*         0x0001073a        0x2 
 .rodata.timing_pts
                0x0001073c       0xb8 D:\src\xpresso\robocon2015_omni3\mbed\TARGET_LPC1768\TOOLCHAIN_GCC_CR\libmbed.a(can_api.o)
 .rodata.PinMap_CAN_RD
                0x000107f4       0x3c D:\src\xpresso\robocon2015_omni3\mbed\TARGET_LPC1768\TOOLCHAIN_GCC_CR\libmbed.a(can_api.o)
 .rodata.PinMap_CAN_TD
                0x00010830       0x3c D:\src\xpresso\robocon2015_omni3\mbed\TARGET_LPC1768\TOOLCHAIN_GCC_CR\libmbed.a(can_api.o)
 .rodata.str1.4
                0x0001086c       0x6b D:\src\xpresso\robocon2015_omni3\mbed\TARGET_LPC1768\TOOLCHAIN_GCC_CR\libmbed.a(can_api.o)
                                 0x6c (size before relaxing)
 *fill*         0x000108d7        0x1 
 .rodata.CSWTCH.10
                0x000108d8        0xc D:\src\xpresso\robocon2015_omni3\mbed\TARGET_LPC1768\TOOLCHAIN_GCC_CR\libmbed.a(can_api.o)
 *fill*         0x000108e4        0x4 
 .rodata._ZTVN4mbed8FileBaseE
                0x000108e8       0x10 D:\src\xpresso\robocon2015_omni3\mbed\TARGET_LPC1768\TOOLCHAIN_GCC_CR\libmbed.a(FileBase.o)
                0x000108e8                vtable for mbed::FileBase
 .rodata._ZTVN4mbed8FileLikeE
                0x000108f8       0x40 D:\src\xpresso\robocon2015_omni3\mbed\TARGET_LPC1768\TOOLCHAIN_GCC_CR\libmbed.a(FileLike.o)
                0x000108f8                vtable for mbed::FileLike
 .rodata.str1.4
                0x00010938        0x2 c:/nxp/lpcxpresso_7.3.0_186/lpcxpresso/tools/bin/../lib/gcc/arm-none-eabi/4.8.4/../../../../arm-none-eabi/lib/armv7-m\libc.a(lib_a-impure.o)
                                  0x4 (size before relaxing)
 *fill*         0x0001093a        0x2 
 .rodata._global_impure_ptr
                0x0001093c        0x4 c:/nxp/lpcxpresso_7.3.0_186/lpcxpresso/tools/bin/../lib/gcc/arm-none-eabi/4.8.4/../../../../arm-none-eabi/lib/armv7-m\libc.a(lib_a-impure.o)
                0x0001093c                _global_impure_ptr
 .rodata.zeroes.6763
                0x00010940       0x10 c:/nxp/lpcxpresso_7.3.0_186/lpcxpresso/tools/bin/../lib/gcc/arm-none-eabi/4.8.4/../../../../arm-none-eabi/lib/armv7-m\libc.a(lib_a-svfprintf.o)
 .rodata.str1.4
                0x00010950       0x42 c:/nxp/lpcxpresso_7.3.0_186/lpcxpresso/tools/bin/../lib/gcc/arm-none-eabi/4.8.4/../../../../arm-none-eabi/lib/armv7-m\libc.a(lib_a-svfprintf.o)
                                 0x44 (size before relaxing)
 *fill*         0x00010992        0x2 
 .rodata.blanks.6762
                0x00010994       0x10 c:/nxp/lpcxpresso_7.3.0_186/lpcxpresso/tools/bin/../lib/gcc/arm-none-eabi/4.8.4/../../../../arm-none-eabi/lib/armv7-m\libc.a(lib_a-svfprintf.o)
 .rodata.basefix.6714
                0x000109a4       0x24 c:/nxp/lpcxpresso_7.3.0_186/lpcxpresso/tools/bin/../lib/gcc/arm-none-eabi/4.8.4/../../../../arm-none-eabi/lib/armv7-m\libc.a(lib_a-svfscanf.o)
 .rodata.str1.4
                0x000109c8        0x5 c:/nxp/lpcxpresso_7.3.0_186/lpcxpresso/tools/bin/../lib/gcc/arm-none-eabi/4.8.4/../../../../arm-none-eabi/lib/armv7-m\libc.a(lib_a-svfscanf.o)
                                  0x8 (size before relaxing)
 *fill*         0x000109cd        0x3 
 .rodata.blanks.6777
                0x000109d0       0x10 c:/nxp/lpcxpresso_7.3.0_186/lpcxpresso/tools/bin/../lib/gcc/arm-none-eabi/4.8.4/../../../../arm-none-eabi/lib/armv7-m\libc.a(lib_a-vfprintf.o)
 .rodata.str1.4
                0x00000000       0x44 c:/nxp/lpcxpresso_7.3.0_186/lpcxpresso/tools/bin/../lib/gcc/arm-none-eabi/4.8.4/../../../../arm-none-eabi/lib/armv7-m\libc.a(lib_a-vfprintf.o)
 .rodata.zeroes.6778
                0x000109e0       0x10 c:/nxp/lpcxpresso_7.3.0_186/lpcxpresso/tools/bin/../lib/gcc/arm-none-eabi/4.8.4/../../../../arm-none-eabi/lib/armv7-m\libc.a(lib_a-vfprintf.o)
 .rodata._ctype_
                0x000109f0      0x104 c:/nxp/lpcxpresso_7.3.0_186/lpcxpresso/tools/bin/../lib/gcc/arm-none-eabi/4.8.4/../../../../arm-none-eabi/lib/armv7-m\libc.a(lib_a-ctype_.o)
                0x000109f0                _ctype_
 .rodata.str1.4
                0x00010af4       0x10 c:/nxp/lpcxpresso_7.3.0_186/lpcxpresso/tools/bin/../lib/gcc/arm-none-eabi/4.8.4/../../../../arm-none-eabi/lib/armv7-m\libc.a(lib_a-dtoa.o)
                                 0x14 (size before relaxing)
 .rodata.str1.4
                0x00010b04        0xa c:/nxp/lpcxpresso_7.3.0_186/lpcxpresso/tools/bin/../lib/gcc/arm-none-eabi/4.8.4/../../../../arm-none-eabi/lib/armv7-m\libc.a(lib_a-locale.o)
                                 0x14 (size before relaxing)
 .rodata.str1.4
                0x00000000        0x4 c:/nxp/lpcxpresso_7.3.0_186/lpcxpresso/tools/bin/../lib/gcc/arm-none-eabi/4.8.4/../../../../arm-none-eabi/lib/armv7-m\libc.a(lib_a-mbrtowc.o)
 *fill*         0x00010b0e        0x2 
 .rodata.__mprec_tens
                0x00010b10       0xc8 c:/nxp/lpcxpresso_7.3.0_186/lpcxpresso/tools/bin/../lib/gcc/arm-none-eabi/4.8.4/../../../../arm-none-eabi/lib/armv7-m\libc.a(lib_a-mprec.o)
                0x00010b10                __mprec_tens
 .rodata.__mprec_bigtens
                0x00010bd8       0x28 c:/nxp/lpcxpresso_7.3.0_186/lpcxpresso/tools/bin/../lib/gcc/arm-none-eabi/4.8.4/../../../../arm-none-eabi/lib/armv7-m\libc.a(lib_a-mprec.o)
                0x00010bd8                __mprec_bigtens
 .rodata.p05.5269
                0x00010c00        0xc c:/nxp/lpcxpresso_7.3.0_186/lpcxpresso/tools/bin/../lib/gcc/arm-none-eabi/4.8.4/../../../../arm-none-eabi/lib/armv7-m\libc.a(lib_a-mprec.o)
 .rodata.fpi.5238
                0x00010c0c       0x14 c:/nxp/lpcxpresso_7.3.0_186/lpcxpresso/tools/bin/../lib/gcc/arm-none-eabi/4.8.4/../../../../arm-none-eabi/lib/armv7-m\libc.a(lib_a-strtod.o)
 .rodata.str1.4
                0x00010c20       0x10 c:/nxp/lpcxpresso_7.3.0_186/lpcxpresso/tools/bin/../lib/gcc/arm-none-eabi/4.8.4/../../../../arm-none-eabi/lib/armv7-m\libc.a(lib_a-strtod.o)
 .rodata.fpinan.5274
                0x00010c30       0x14 c:/nxp/lpcxpresso_7.3.0_186/lpcxpresso/tools/bin/../lib/gcc/arm-none-eabi/4.8.4/../../../../arm-none-eabi/lib/armv7-m\libc.a(lib_a-strtod.o)
 *fill*         0x00010c44        0x4 
 .rodata.tinytens
                0x00010c48       0x28 c:/nxp/lpcxpresso_7.3.0_186/lpcxpresso/tools/bin/../lib/gcc/arm-none-eabi/4.8.4/../../../../arm-none-eabi/lib/armv7-m\libc.a(lib_a-strtod.o)
 .rodata.__hexdig
                0x00010c70      0x100 c:/nxp/lpcxpresso_7.3.0_186/lpcxpresso/tools/bin/../lib/gcc/arm-none-eabi/4.8.4/../../../../arm-none-eabi/lib/armv7-m\libc.a(lib_a-gdtoa-gethex.o)
                0x00010c70                __hexdig
 .rodata.npio2_hw
                0x00010d70       0x80 c:/nxp/lpcxpresso_7.3.0_186/lpcxpresso/tools/bin/../lib/gcc/arm-none-eabi/4.8.4/../../../../arm-none-eabi/lib/armv7-m\libm.a(lib_a-e_rem_pio2.o)
 .rodata.two_over_pi
                0x00010df0      0x108 c:/nxp/lpcxpresso_7.3.0_186/lpcxpresso/tools/bin/../lib/gcc/arm-none-eabi/4.8.4/../../../../arm-none-eabi/lib/armv7-m\libm.a(lib_a-e_rem_pio2.o)
 .rodata.init_jk
                0x00010ef8       0x10 c:/nxp/lpcxpresso_7.3.0_186/lpcxpresso/tools/bin/../lib/gcc/arm-none-eabi/4.8.4/../../../../arm-none-eabi/lib/armv7-m\libm.a(lib_a-k_rem_pio2.o)
 .rodata.PIo2   0x00010f08       0x40 c:/nxp/lpcxpresso_7.3.0_186/lpcxpresso/tools/bin/../lib/gcc/arm-none-eabi/4.8.4/../../../../arm-none-eabi/lib/armv7-m\libm.a(lib_a-k_rem_pio2.o)
                0x00010f48                . = ALIGN (0x4)
                0x00010f48                . = ALIGN (0x4)
 *(.init)
 .init          0x00010f48        0x4 c:/nxp/lpcxpresso_7.3.0_186/lpcxpresso/tools/bin/../lib/gcc/arm-none-eabi/4.8.4/armv7-m\crti.o
                0x00010f48                _init
 .init          0x00010f4c        0x8 c:/nxp/lpcxpresso_7.3.0_186/lpcxpresso/tools/bin/../lib/gcc/arm-none-eabi/4.8.4/armv7-m\crtn.o
                0x00010f54                . = ALIGN (0x4)
                0x00010f54                __preinit_array_start = .
 *(.preinit_array)
                0x00010f54                __preinit_array_end = .
                0x00010f54                . = ALIGN (0x4)
                0x00010f54                __init_array_start = .
 *(SORT(.init_array.*))
 *(.init_array)
 .init_array    0x00010f54        0x4 ./main.o
 .init_array    0x00010f58        0x4 c:/nxp/lpcxpresso_7.3.0_186/lpcxpresso/tools/bin/../lib/gcc/arm-none-eabi/4.8.4/armv7-m\crtbegin.o
                0x00010f5c                __init_array_end = .
 *(.fini)
 .fini          0x00010f5c        0x4 c:/nxp/lpcxpresso_7.3.0_186/lpcxpresso/tools/bin/../lib/gcc/arm-none-eabi/4.8.4/armv7-m\crti.o
                0x00010f5c                _fini
 .fini          0x00010f60        0x8 c:/nxp/lpcxpresso_7.3.0_186/lpcxpresso/tools/bin/../lib/gcc/arm-none-eabi/4.8.4/armv7-m\crtn.o
                0x00010f68                . = ALIGN (0x4)
 *crtbegin.o(.ctors)
 *(EXCLUDE_FILE(*crtend.o) .ctors)
 *(SORT(.ctors.*))
 *crtend.o(.ctors)
                0x00010f68                . = ALIGN (0x4)
 *crtbegin.o(.dtors)
 *(EXCLUDE_FILE(*crtend.o) .dtors)
 *(SORT(.dtors.*))
 *crtend.o(.dtors)

.glue_7         0x00010f68        0x0
 .glue_7        0x00000000        0x0 linker stubs

.glue_7t        0x00010f68        0x0
 .glue_7t       0x00000000        0x0 linker stubs

.vfp11_veneer   0x00010f68        0x0
 .vfp11_veneer  0x00000000        0x0 linker stubs

.v4_bx          0x00010f68        0x0
 .v4_bx         0x00000000        0x0 linker stubs

.iplt           0x00010f68        0x0
 .iplt          0x00000000        0x0 ./AutoControll.o

.ARM.extab
 *(.ARM.extab* .gnu.linkonce.armextab.*)
                0x00010f68                __exidx_start = .

.ARM.exidx      0x00010f68        0x8
 *(.ARM.exidx* .gnu.linkonce.armexidx.*)
 .ARM.exidx     0x00010f68        0x8 c:/nxp/lpcxpresso_7.3.0_186/lpcxpresso/tools/bin/../lib/gcc/arm-none-eabi/4.8.4/armv7-m\libgcc.a(_divdi3.o)
 .ARM.exidx     0x00010f70        0x0 c:/nxp/lpcxpresso_7.3.0_186/lpcxpresso/tools/bin/../lib/gcc/arm-none-eabi/4.8.4/armv7-m\libgcc.a(_udivdi3.o)
                                  0x8 (size before relaxing)
                0x00010f70                __exidx_end = .
                0x00010f70                _etext = .

.rel.dyn        0x00010f70        0x0
 .rel.iplt      0x00000000        0x0 ./AutoControll.o

.eh_frame       0x00010f70        0x0
 .eh_frame      0x00010f70        0x0 c:/nxp/lpcxpresso_7.3.0_186/lpcxpresso/tools/bin/../lib/gcc/arm-none-eabi/4.8.4/armv7-m\crtbegin.o

.data_RAM2      0x2007c000        0x0 load address 0x00010f70
 FILL mask 0xff
 *(.data.$RAM2*)
 *(.data.$RamAHB32*)
                0x2007c000                . = ALIGN (0x4)

.uninit_RESERVED
 *(.bss.$RESERVED*)

.data           0x100000c8      0x8c8 load address 0x00010f70
 FILL mask 0xff
                0x100000c8                _data = .
 *(vtable)
 *(.data*)
 .data.SystemCoreClock
                0x100000c8        0x4 D:/src/xpresso/robocon2015_omni3/mbed/TARGET_LPC1768/TOOLCHAIN_GCC_CR/system_LPC17xx.o
                0x100000c8                SystemCoreClock
 .data.PWM_MATCH
                0x100000cc       0x1c D:\src\xpresso\robocon2015_omni3\mbed\TARGET_LPC1768\TOOLCHAIN_GCC_CR\libmbed.a(pwmout_api.o)
                0x100000cc                PWM_MATCH
 .data.impure_data
                0x100000e8      0x428 c:/nxp/lpcxpresso_7.3.0_186/lpcxpresso/tools/bin/../lib/gcc/arm-none-eabi/4.8.4/../../../../arm-none-eabi/lib/armv7-m\libc.a(lib_a-impure.o)
 .data._impure_ptr
                0x10000510        0x4 c:/nxp/lpcxpresso_7.3.0_186/lpcxpresso/tools/bin/../lib/gcc/arm-none-eabi/4.8.4/../../../../arm-none-eabi/lib/armv7-m\libc.a(lib_a-impure.o)
                0x10000510                _impure_ptr
 .data.__malloc_av_
                0x10000514      0x408 c:/nxp/lpcxpresso_7.3.0_186/lpcxpresso/tools/bin/../lib/gcc/arm-none-eabi/4.8.4/../../../../arm-none-eabi/lib/armv7-m\libc.a(lib_a-mallocr.o)
                0x10000514                __malloc_av_
 .data.__malloc_trim_threshold
                0x1000091c        0x4 c:/nxp/lpcxpresso_7.3.0_186/lpcxpresso/tools/bin/../lib/gcc/arm-none-eabi/4.8.4/../../../../arm-none-eabi/lib/armv7-m\libc.a(lib_a-mallocr.o)
                0x1000091c                __malloc_trim_threshold
 .data.__malloc_sbrk_base
                0x10000920        0x4 c:/nxp/lpcxpresso_7.3.0_186/lpcxpresso/tools/bin/../lib/gcc/arm-none-eabi/4.8.4/../../../../arm-none-eabi/lib/armv7-m\libc.a(lib_a-mallocr.o)
                0x10000920                __malloc_sbrk_base
 .data.__ctype_ptr__
                0x10000924        0x4 c:/nxp/lpcxpresso_7.3.0_186/lpcxpresso/tools/bin/../lib/gcc/arm-none-eabi/4.8.4/../../../../arm-none-eabi/lib/armv7-m\libc.a(lib_a-ctype_.o)
                0x10000924                __ctype_ptr__
 .data.lconv    0x10000928       0x38 c:/nxp/lpcxpresso_7.3.0_186/lpcxpresso/tools/bin/../lib/gcc/arm-none-eabi/4.8.4/../../../../arm-none-eabi/lib/armv7-m\libc.a(lib_a-locale.o)
 .data.lc_ctype_charset
                0x10000960       0x20 c:/nxp/lpcxpresso_7.3.0_186/lpcxpresso/tools/bin/../lib/gcc/arm-none-eabi/4.8.4/../../../../arm-none-eabi/lib/armv7-m\libc.a(lib_a-locale.o)
 .data.__mb_cur_max
                0x10000980        0x4 c:/nxp/lpcxpresso_7.3.0_186/lpcxpresso/tools/bin/../lib/gcc/arm-none-eabi/4.8.4/../../../../arm-none-eabi/lib/armv7-m\libc.a(lib_a-locale.o)
                0x10000980                __mb_cur_max
 .data.__mbtowc
                0x10000984        0x4 c:/nxp/lpcxpresso_7.3.0_186/lpcxpresso/tools/bin/../lib/gcc/arm-none-eabi/4.8.4/../../../../arm-none-eabi/lib/armv7-m\libc.a(lib_a-mbtowc_r.o)
                0x10000984                __mbtowc
 .data.__wctomb
                0x10000988        0x4 c:/nxp/lpcxpresso_7.3.0_186/lpcxpresso/tools/bin/../lib/gcc/arm-none-eabi/4.8.4/../../../../arm-none-eabi/lib/armv7-m\libc.a(lib_a-wctomb_r.o)
                0x10000988                __wctomb
 .data          0x1000098c        0x4 c:/nxp/lpcxpresso_7.3.0_186/lpcxpresso/tools/bin/../lib/gcc/arm-none-eabi/4.8.4/armv7-m\crtbegin.o
                0x1000098c                __dso_handle
                0x10000990                . = ALIGN (0x4)
                0x10000990                _edata = .

.igot.plt       0x10000990        0x0 load address 0x00011838
 .igot.plt      0x00000000        0x0 ./AutoControll.o

.jcr            0x10000990        0x0 load address 0x00011838
 .jcr           0x10000990        0x0 c:/nxp/lpcxpresso_7.3.0_186/lpcxpresso/tools/bin/../lib/gcc/arm-none-eabi/4.8.4/armv7-m\crtbegin.o

.bss_RAM2       0x2007c000        0x0
 *(.bss.$RAM2*)
 *(.bss.$RamAHB32*)
                0x2007c000                . = ALIGN (0x4)

.bss            0x10000990      0x4f4
                0x10000990                _bss = .
 *(.bss*)
 .bss._ZZN4Omni6updateE13_RecievedDataE4prec
                0x10000990       0x38 ./main.o
                0x10000990                Omni::update(_RecievedData)::prec
 .bss.pwm1      0x100009c8        0x8 ./main.o
                0x100009c8                pwm1
 .bss.pwm2      0x100009d0        0x8 ./main.o
                0x100009d0                pwm2