Archive member included because of file (symbol)

D:\xpresso\run555recieveRaspi\mbed\TARGET_LPC1768\TOOLCHAIN_GCC_CR\libmbed.a(pwmout_api.o)
                              ./main.o (pwmout_write)
D:\xpresso\run555recieveRaspi\mbed\TARGET_LPC1768\TOOLCHAIN_GCC_CR\libmbed.a(serial_api.o)
                              D:/xpresso/run555recieveRaspi/mbed/TARGET_LPC1768/TOOLCHAIN_GCC_CR/retarget.o (serial_getc)
D:\xpresso\run555recieveRaspi\mbed\TARGET_LPC1768\TOOLCHAIN_GCC_CR\libmbed.a(FilePath.o)
                              D:/xpresso/run555recieveRaspi/mbed/TARGET_LPC1768/TOOLCHAIN_GCC_CR/retarget.o (mbed::FilePath::fileName())
D:\xpresso\run555recieveRaspi\mbed\TARGET_LPC1768\TOOLCHAIN_GCC_CR\libmbed.a(FileSystemLike.o)
                              D:/xpresso/run555recieveRaspi/mbed/TARGET_LPC1768/TOOLCHAIN_GCC_CR/retarget.o (mbed::FileSystemLike::opendir())
D:\xpresso\run555recieveRaspi\mbed\TARGET_LPC1768\TOOLCHAIN_GCC_CR\libmbed.a(Serial.o)
                              ./main.o (vtable for mbed::Serial)
D:\xpresso\run555recieveRaspi\mbed\TARGET_LPC1768\TOOLCHAIN_GCC_CR\libmbed.a(SerialBase.o)
                              D:\xpresso\run555recieveRaspi\mbed\TARGET_LPC1768\TOOLCHAIN_GCC_CR\libmbed.a(Serial.o) (mbed::SerialBase::SerialBase(PinName, PinName))
D:\xpresso\run555recieveRaspi\mbed\TARGET_LPC1768\TOOLCHAIN_GCC_CR\libmbed.a(Stream.o)
                              D:\xpresso\run555recieveRaspi\mbed\TARGET_LPC1768\TOOLCHAIN_GCC_CR\libmbed.a(Serial.o) (mbed::Stream::close())
D:\xpresso\run555recieveRaspi\mbed\TARGET_LPC1768\TOOLCHAIN_GCC_CR\libmbed.a(assert.o)
                              ./main.o (mbed_assert_internal)
D:\xpresso\run555recieveRaspi\mbed\TARGET_LPC1768\TOOLCHAIN_GCC_CR\libmbed.a(error.o)
                              D:/xpresso/run555recieveRaspi/mbed/TARGET_LPC1768/TOOLCHAIN_GCC_CR/retarget.o (error)
D:\xpresso\run555recieveRaspi\mbed\TARGET_LPC1768\TOOLCHAIN_GCC_CR\libmbed.a(gpio.o)
                              D:\xpresso\run555recieveRaspi\mbed\TARGET_LPC1768\TOOLCHAIN_GCC_CR\libmbed.a(serial_api.o) (gpio_init_in)
D:\xpresso\run555recieveRaspi\mbed\TARGET_LPC1768\TOOLCHAIN_GCC_CR\libmbed.a(exit.o)
                              D:/xpresso/run555recieveRaspi/mbed/TARGET_LPC1768/TOOLCHAIN_GCC_CR/retarget.o (exit)
D:\xpresso\run555recieveRaspi\mbed\TARGET_LPC1768\TOOLCHAIN_GCC_CR\libmbed.a(mbed_interface.o)
                              D:\xpresso\run555recieveRaspi\mbed\TARGET_LPC1768\TOOLCHAIN_GCC_CR\libmbed.a(exit.o) (mbed_interface_connected)
D:\xpresso\run555recieveRaspi\mbed\TARGET_LPC1768\TOOLCHAIN_GCC_CR\libmbed.a(pinmap_common.o)
                              D:\xpresso\run555recieveRaspi\mbed\TARGET_LPC1768\TOOLCHAIN_GCC_CR\libmbed.a(pwmout_api.o) (pinmap_pinout)
D:\xpresso\run555recieveRaspi\mbed\TARGET_LPC1768\TOOLCHAIN_GCC_CR\libmbed.a(wait_api.o)
                              D:\xpresso\run555recieveRaspi\mbed\TARGET_LPC1768\TOOLCHAIN_GCC_CR\libmbed.a(SerialBase.o) (wait_us)
D:\xpresso\run555recieveRaspi\mbed\TARGET_LPC1768\TOOLCHAIN_GCC_CR\libmbed.a(semihost_api.o)
                              D:\xpresso\run555recieveRaspi\mbed\TARGET_LPC1768\TOOLCHAIN_GCC_CR\libmbed.a(exit.o) (semihost_exit)
D:\xpresso\run555recieveRaspi\mbed\TARGET_LPC1768\TOOLCHAIN_GCC_CR\libmbed.a(gpio_api.o)
                              D:\xpresso\run555recieveRaspi\mbed\TARGET_LPC1768\TOOLCHAIN_GCC_CR\libmbed.a(gpio.o) (gpio_init)
D:\xpresso\run555recieveRaspi\mbed\TARGET_LPC1768\TOOLCHAIN_GCC_CR\libmbed.a(pinmap.o)
                              D:\xpresso\run555recieveRaspi\mbed\TARGET_LPC1768\TOOLCHAIN_GCC_CR\libmbed.a(pinmap_common.o) (pin_function)
D:\xpresso\run555recieveRaspi\mbed\TARGET_LPC1768\TOOLCHAIN_GCC_CR\libmbed.a(us_ticker.o)
                              D:\xpresso\run555recieveRaspi\mbed\TARGET_LPC1768\TOOLCHAIN_GCC_CR\libmbed.a(wait_api.o) (us_ticker_read)
D:\xpresso\run555recieveRaspi\mbed\TARGET_LPC1768\TOOLCHAIN_GCC_CR\libmbed.a(FileBase.o)
                              D:\xpresso\run555recieveRaspi\mbed\TARGET_LPC1768\TOOLCHAIN_GCC_CR\libmbed.a(FileSystemLike.o) (mbed::FileBase::~FileBase())
D:\xpresso\run555recieveRaspi\mbed\TARGET_LPC1768\TOOLCHAIN_GCC_CR\libmbed.a(FileLike.o)
                              D:\xpresso\run555recieveRaspi\mbed\TARGET_LPC1768\TOOLCHAIN_GCC_CR\libmbed.a(Stream.o) (mbed::FileLike::~FileLike())
D:\xpresso\run555recieveRaspi\mbed\TARGET_LPC1768\TOOLCHAIN_GCC_CR\libmbed.a(FunctionPointer.o)
                              D:\xpresso\run555recieveRaspi\mbed\TARGET_LPC1768\TOOLCHAIN_GCC_CR\libmbed.a(SerialBase.o) (mbed::FunctionPointer::attach(void (*)()))
D:\xpresso\run555recieveRaspi\mbed\TARGET_LPC1768\TOOLCHAIN_GCC_CR\libmbed.a(us_ticker_api.o)
                              D:\xpresso\run555recieveRaspi\mbed\TARGET_LPC1768\TOOLCHAIN_GCC_CR\libmbed.a(us_ticker.o) (us_ticker_irq_handler)
c:/nxp/lpcxpresso_7.3.0_186/lpcxpresso/tools/bin/../lib/gcc/arm-none-eabi/4.8.4/armv7-m\libgcc.a(_arm_addsubsf3.o)
[...]
Memory Configuration

Name             Origin             Length             Attributes
MFlash512        0x00000000         0x00080000         xr
RamLoc32         0x100000c8         0x00007f38         xrw
RamAHB32         0x2007c000         0x00008000         xrw
*default*        0x00000000         0xffffffff

Linker script and memory map

LOAD ./main.o
LOAD ./util.o
LOAD D:/xpresso/run555recieveRaspi/mbed/TARGET_LPC1768/TOOLCHAIN_GCC_CR/retarget.o
LOAD D:/xpresso/run555recieveRaspi/mbed/TARGET_LPC1768/TOOLCHAIN_GCC_CR/system_LPC17xx.o
LOAD D:/xpresso/run555recieveRaspi/mbed/TARGET_LPC1768/TOOLCHAIN_GCC_CR/board.o
LOAD D:/xpresso/run555recieveRaspi/mbed/TARGET_LPC1768/TOOLCHAIN_GCC_CR/cmsis_nvic.o
LOAD D:/xpresso/run555recieveRaspi/mbed/TARGET_LPC1768/TOOLCHAIN_GCC_CR/startup_LPC17xx.o
LOAD D:\xpresso\run555recieveRaspi\mbed\TARGET_LPC1768\TOOLCHAIN_GCC_CR\libmbed.a
START GROUP
LOAD c:/nxp/lpcxpresso_7.3.0_186/lpcxpresso/tools/bin/../lib/gcc/arm-none-eabi/4.8.4/armv7-m\libgcc.a
LOAD c:/nxp/lpcxpresso_7.3.0_186/lpcxpresso/tools/bin/../lib/gcc/arm-none-eabi/4.8.4/../../../../arm-none-eabi/lib/armv7-m\libc.a
LOAD c:/nxp/lpcxpresso_7.3.0_186/lpcxpresso/tools/bin/../lib/gcc/arm-none-eabi/4.8.4/../../../../arm-none-eabi/lib/armv7-m\libstdc++.a
LOAD c:/nxp/lpcxpresso_7.3.0_186/lpcxpresso/tools/bin/../lib/gcc/arm-none-eabi/4.8.4/../../../../arm-none-eabi/lib/armv7-m\libm.a
LOAD c:/nxp/lpcxpresso_7.3.0_186/lpcxpresso/tools/bin/../lib/gcc/arm-none-eabi/4.8.4/../../../../arm-none-eabi/lib/armv7-m\libcr_newlib_nohost.a
LOAD c:/nxp/lpcxpresso_7.3.0_186/lpcxpresso/tools/bin/../lib/gcc/arm-none-eabi/4.8.4/armv7-m\crti.o
LOAD c:/nxp/lpcxpresso_7.3.0_186/lpcxpresso/tools/bin/../lib/gcc/arm-none-eabi/4.8.4/armv7-m\crtn.o
LOAD c:/nxp/lpcxpresso_7.3.0_186/lpcxpresso/tools/bin/../lib/gcc/arm-none-eabi/4.8.4/armv7-m\crtbegin.o
LOAD c:/nxp/lpcxpresso_7.3.0_186/lpcxpresso/tools/bin/../lib/gcc/arm-none-eabi/4.8.4/armv7-m\crtend.o
END GROUP
                0x00080000                __top_MFlash512 = 0x80000
                0x10008000                __top_RamLoc32 = 0x10008000
                0x20084000                __top_RamAHB32 = 0x20084000

.text           0x00000000     0xdfe0
 FILL mask 0xff
 *(.isr_vector)
 .isr_vector    0x00000000       0xcc D:/xpresso/run555recieveRaspi/mbed/TARGET_LPC1768/TOOLCHAIN_GCC_CR/startup_LPC17xx.o
                0x00000000                g_pfnVectors
                0x000000cc                . = ALIGN (0x4)
                0x000000cc                __section_table_start = .
                0x000000cc                __data_section_table = .
                0x000000cc        0x4 LONG 0xdfe8 LOADADDR (.data)
                0x000000d0        0x4 LONG 0x100000c8 ADDR (.data)
                0x000000d4        0x4 LONG 0x8d0 SIZEOF (.data)
                0x000000d8        0x4 LONG 0xdfe8 LOADADDR (.data_RAM2)
                0x000000dc        0x4 LONG 0x2007c000 ADDR (.data_RAM2)
                0x000000e0        0x4 LONG 0x0 SIZEOF (.data_RAM2)
                0x000000e4                __data_section_table_end = .
                0x000000e4                __bss_section_table = .
                0x000000e4        0x4 LONG 0x10000998 ADDR (.bss)
                0x000000e8        0x4 LONG 0x2f0 SIZEOF (.bss)
                0x000000ec        0x4 LONG 0x2007c000 ADDR (.bss_RAM2)
                0x000000f0        0x4 LONG 0x0 SIZEOF (.bss_RAM2)
                0x000000f4                __bss_section_table_end = .
                0x000000f4                __section_table_end = .
 *(.after_vectors*)
 .after_vectors
                0x000000f4      0x138 D:/xpresso/run555recieveRaspi/mbed/TARGET_LPC1768/TOOLCHAIN_GCC_CR/startup_LPC17xx.o
                0x000000f4                NMI_Handler
                0x000000f8                HardFault_Handler
                0x000000fc                MemManage_Handler
                0x00000100                BusFault_Handler
                0x00000104                UsageFault_Handler
                0x00000108                SVC_Handler
                0x0000010c                DebugMon_Handler
                0x00000110                PendSV_Handler
                0x00000114                SysTick_Handler
                0x00000118                ResetISR
                0x000001c4                data_init
                0x000001f8                bss_init
                0x00000228                EINT3_IRQHandler
                0x00000228                CANActivity_IRQHandler
                0x00000228                TIMER3_IRQHandler
                0x00000228                UART0_IRQHandler
                0x00000228                UART1_IRQHandler
                0x00000228                EINT2_IRQHandler
                0x00000228                PWM1_IRQHandler
                0x00000228                IntDefaultHandler
                0x00000228                PLL0_IRQHandler
                0x00000228                USBActivity_IRQHandler
                0x00000228                PLL1_IRQHandler
                0x00000228                SSP0_IRQHandler
                0x00000228                I2S_IRQHandler
                0x00000228                I2C2_IRQHandler
                0x00000228                RTC_IRQHandler
                0x00000228                TIMER0_IRQHandler
                0x00000228                SPI_IRQHandler
                0x00000228                I2C1_IRQHandler
                0x00000228                EINT1_IRQHandler
                0x00000228                TIMER1_IRQHandler
                0x00000228                UART2_IRQHandler
                0x00000228                ADC_IRQHandler
                0x00000228                SSP1_IRQHandler
                0x00000228                USB_IRQHandler
                0x00000228                BOD_IRQHandler
                0x00000228                I2C0_IRQHandler
                0x00000228                WDT_IRQHandler
                0x00000228                RIT_IRQHandler
                0x00000228                QEI_IRQHandler
                0x00000228                EINT0_IRQHandler
                0x00000228                CAN_IRQHandler
                0x00000228                DMA_IRQHandler
                0x00000228                TIMER2_IRQHandler
                0x00000228                UART3_IRQHandler
                0x00000228                MCPWM_IRQHandler
                0x00000228                ENET_IRQHandler
 *(.text*)
 .text._ZN4mbed10SerialBaseD2Ev
                0x0000022c        0xc ./main.o
                0x0000022c                mbed::SerialBase::~SerialBase()
                0x0000022c                mbed::SerialBase::~SerialBase()
 .text._ZN4mbed10SerialBaseD0Ev
                0x00000238       0x14 ./main.o
                0x00000238                mbed::SerialBase::~SerialBase()
 .text.gpio_write
                0x0000024c       0x34 ./main.o
 .text._ZN4mbed6SerialD2Ev
                0x00000280       0x28 ./main.o
                0x00000280                mbed::Serial::~Serial()
                0x00000280                mbed::Serial::~Serial()
 .text._ZN4mbed6SerialD1Ev
                0x000002a8       0x10 ./main.o
                0x000002a8                non-virtual thunk to mbed::Serial::~Serial()
                0x000002b0                non-virtual thunk to mbed::Serial::~Serial()
 .text._ZN4mbed6SerialD0Ev
                0x000002b8       0x40 ./main.o
                0x000002b8                mbed::Serial::~Serial()
                0x000002e8                non-virtual thunk to mbed::Serial::~Serial()
                0x000002f0                non-virtual thunk to mbed::Serial::~Serial()
 .text._Z41__static_initialization_and_destruction_0ii
                0x000002f8       0x7c ./main.o
 .text._Z10setLeftDigv
                0x00000374       0x10 ./main.o
                0x00000374                setLeftDig()
 .text._Z10clrLeftDigv
                0x00000384       0x10 ./main.o
                0x00000384                clrLeftDig()
 .text._Z11setRightDigv
                0x00000394       0x10 ./main.o
                0x00000394                setRightDig()
 .text._Z11clrRightDigv
                0x000003a4       0x10 ./main.o
                0x000003a4                clrRightDig()
 .text._Z6updatecf
                0x000003b4      0x434 ./main.o
                0x000003b4                update(char, float)
 .text.main     0x000007e8      0x10c ./main.o
                0x000007e8                main
 .text._GLOBAL__sub_I_led
                0x000008f4       0x10 ./main.o
 .text._Z17powerErrorControlf
                0x00000904       0x28 ./util.o
                0x00000904                powerErrorControl(float)
 .text._ZN4mbed10FileHandle4flenEv
                0x0000092c       0x38 D:/xpresso/run555recieveRaspi/mbed/TARGET_LPC1768/TOOLCHAIN_GCC_CR/retarget.o
                0x0000092c                mbed::FileHandle::flen()
 .text._ZN4mbed10FileHandleD2Ev
                0x00000964       0x40 D:/xpresso/run555recieveRaspi/mbed/TARGET_LPC1768/TOOLCHAIN_GCC_CR/retarget.o
                0x00000964                mbed::FileHandle::~FileHandle()
                0x00000964                mbed::FileHandle::~FileHandle()
 .text._ZN4mbed10FileHandleD0Ev
                0x000009a4       0x48 D:/xpresso/run555recieveRaspi/mbed/TARGET_LPC1768/TOOLCHAIN_GCC_CR/retarget.o
                0x000009a4                mbed::FileHandle::~FileHandle()
 .text._ZL11init_serialv
                0x000009ec       0x28 D:/xpresso/run555recieveRaspi/mbed/TARGET_LPC1768/TOOLCHAIN_GCC_CR/retarget.o
 .text._open    0x00000a14       0xe4 D:/xpresso/run555recieveRaspi/mbed/TARGET_LPC1768/TOOLCHAIN_GCC_CR/retarget.o
                0x00000a14                _open
 .text._close   0x00000af8       0x2c D:/xpresso/run555recieveRaspi/mbed/TARGET_LPC1768/TOOLCHAIN_GCC_CR/retarget.o
                0x00000af8                _close
 .text._write   0x00000b24       0x88 D:/xpresso/run555recieveRaspi/mbed/TARGET_LPC1768/TOOLCHAIN_GCC_CR/retarget.o
                0x00000b24                _write
 .text._read    0x00000bac       0x50 D:/xpresso/run555recieveRaspi/mbed/TARGET_LPC1768/TOOLCHAIN_GCC_CR/retarget.o
                0x00000bac                _read
 .text._isatty  0x00000bfc       0x28 D:/xpresso/run555recieveRaspi/mbed/TARGET_LPC1768/TOOLCHAIN_GCC_CR/retarget.o
                0x00000bfc                _isatty
 .text._lseek   0x00000c24       0x28 D:/xpresso/run555recieveRaspi/mbed/TARGET_LPC1768/TOOLCHAIN_GCC_CR/retarget.o
                0x00000c24                _lseek
 .text._fstat   0x00000c4c       0x20 D:/xpresso/run555recieveRaspi/mbed/TARGET_LPC1768/TOOLCHAIN_GCC_CR/retarget.o
                0x00000c4c                _fstat
 .text.__cxa_pure_virtual
                0x00000c6c        0x8 D:/xpresso/run555recieveRaspi/mbed/TARGET_LPC1768/TOOLCHAIN_GCC_CR/retarget.o
                0x00000c6c                __cxa_pure_virtual
 .text.SystemInit
                0x00000c74       0xd0 D:/xpresso/run555recieveRaspi/mbed/TARGET_LPC1768/TOOLCHAIN_GCC_CR/system_LPC17xx.o
                0x00000c74                SystemInit
 .text.mbed_die
                0x00000d44      0x160 D:/xpresso/run555recieveRaspi/mbed/TARGET_LPC1768/TOOLCHAIN_GCC_CR/board.o
                0x00000d44                mbed_die
 .text.NVIC_SetVector
                0x00000ea4       0x54 D:/xpresso/run555recieveRaspi/mbed/TARGET_LPC1768/TOOLCHAIN_GCC_CR/cmsis_nvic.o
                0x00000ea4                NVIC_SetVector
 .text.__aeabi_atexit
                0x00000ef8        0x4 D:/xpresso/run555recieveRaspi/mbed/TARGET_LPC1768/TOOLCHAIN_GCC_CR/startup_LPC17xx.o
                0x00000ef8                __aeabi_atexit
 .text._ZdlPv   0x00000efc        0x4 D:/xpresso/run555recieveRaspi/mbed/TARGET_LPC1768/TOOLCHAIN_GCC_CR/startup_LPC17xx.o
                0x00000efc                operator delete(void*)
 .text.pwmout_write
                0x00000f00       0x64 D:\xpresso\run555recieveRaspi\mbed\TARGET_LPC1768\TOOLCHAIN_GCC_CR\libmbed.a(pwmout_api.o)
                0x00000f00                pwmout_write
 .text.pwmout_period_us
                0x00000f64       0x4c D:\xpresso\run555recieveRaspi\mbed\TARGET_LPC1768\TOOLCHAIN_GCC_CR\libmbed.a(pwmout_api.o)
                0x00000f64                pwmout_period_us
 .text.pwmout_period_ms
                0x00000fb0        0xc D:\xpresso\run555recieveRaspi\mbed\TARGET_LPC1768\TOOLCHAIN_GCC_CR\libmbed.a(pwmout_api.o)
                0x00000fb0                pwmout_period_ms
 .text.pwmout_init
                0x00000fbc       0xc0 D:\xpresso\run555recieveRaspi\mbed\TARGET_LPC1768\TOOLCHAIN_GCC_CR\libmbed.a(pwmout_api.o)
                0x00000fbc                pwmout_init
 .text.serial_irq_set_internal
                0x0000107c       0xe8 D:\xpresso\run555recieveRaspi\mbed\TARGET_LPC1768\TOOLCHAIN_GCC_CR\libmbed.a(serial_api.o)
 .text.uart0_irq
                0x00001164       0x60 D:\xpresso\run555recieveRaspi\mbed\TARGET_LPC1768\TOOLCHAIN_GCC_CR\libmbed.a(serial_api.o)
                0x00001164                uart0_irq
 .text.uart3_irq
                0x000011c4       0x68 D:\xpresso\run555recieveRaspi\mbed\TARGET_LPC1768\TOOLCHAIN_GCC_CR\libmbed.a(serial_api.o)
                0x000011c4                uart3_irq
 .text.uart2_irq
                0x0000122c       0x64 D:\xpresso\run555recieveRaspi\mbed\TARGET_LPC1768\TOOLCHAIN_GCC_CR\libmbed.a(serial_api.o)
                0x0000122c                uart2_irq
 .text.uart1_irq
                0x00001290       0x60 D:\xpresso\run555recieveRaspi\mbed\TARGET_LPC1768\TOOLCHAIN_GCC_CR\libmbed.a(serial_api.o)
                0x00001290                uart1_irq
 .text.serial_baud
                0x000012f0      0x3a8 D:\xpresso\run555recieveRaspi\mbed\TARGET_LPC1768\TOOLCHAIN_GCC_CR\libmbed.a(serial_api.o)
                0x000012f0                serial_baud
 .text.serial_format
                0x00001698       0x7c D:\xpresso\run555recieveRaspi\mbed\TARGET_LPC1768\TOOLCHAIN_GCC_CR\libmbed.a(serial_api.o)
                0x00001698                serial_format
 .text.serial_irq_handler
                0x00001714       0x24 D:\xpresso\run555recieveRaspi\mbed\TARGET_LPC1768\TOOLCHAIN_GCC_CR\libmbed.a(serial_api.o)
                0x00001714                serial_irq_handler
 .text.serial_getc
                0x00001738       0x34 D:\xpresso\run555recieveRaspi\mbed\TARGET_LPC1768\TOOLCHAIN_GCC_CR\libmbed.a(serial_api.o)
                0x00001738                serial_getc
 .text.serial_readable
                0x0000176c        0xc D:\xpresso\run555recieveRaspi\mbed\TARGET_LPC1768\TOOLCHAIN_GCC_CR\libmbed.a(serial_api.o)
                0x0000176c                serial_readable
 .text.serial_writable
                0x00001778       0x78 D:\xpresso\run555recieveRaspi\mbed\TARGET_LPC1768\TOOLCHAIN_GCC_CR\libmbed.a(serial_api.o)
                0x00001778                serial_writable
 .text.serial_putc
                0x000017f0       0x34 D:\xpresso\run555recieveRaspi\mbed\TARGET_LPC1768\TOOLCHAIN_GCC_CR\libmbed.a(serial_api.o)
                0x000017f0                serial_putc
 .text.serial_set_flow_control
                0x00001824      0x140 D:\xpresso\run555recieveRaspi\mbed\TARGET_LPC1768\TOOLCHAIN_GCC_CR\libmbed.a(serial_api.o)
                0x00001824                serial_set_flow_control
 .text.serial_init
                0x00001964      0x1ec D:\xpresso\run555recieveRaspi\mbed\TARGET_LPC1768\TOOLCHAIN_GCC_CR\libmbed.a(serial_api.o)
                0x00001964                serial_init
 .text._ZN4mbed8FilePathC2EPKc
                0x00001b50       0x58 D:\xpresso\run555recieveRaspi\mbed\TARGET_LPC1768\TOOLCHAIN_GCC_CR\libmbed.a(FilePath.o)
                0x00001b50                mbed::FilePath::FilePath(char const*)
                0x00001b50                mbed::FilePath::FilePath(char const*)
 .text._ZN4mbed8FilePath8fileNameEv
                0x00001ba8        0x4 D:\xpresso\run555recieveRaspi\mbed\TARGET_LPC1768\TOOLCHAIN_GCC_CR\libmbed.a(FilePath.o)
                0x00001ba8                mbed::FilePath::fileName()
 .text._ZN4mbed8FilePath12isFileSystemEv
                0x00001bac       0x18 D:\xpresso\run555recieveRaspi\mbed\TARGET_LPC1768\TOOLCHAIN_GCC_CR\libmbed.a(FilePath.o)
                0x00001bac                mbed::FilePath::isFileSystem()
 .text._ZN4mbed8FilePath10fileSystemEv
                0x00001bc4       0x10 D:\xpresso\run555recieveRaspi\mbed\TARGET_LPC1768\TOOLCHAIN_GCC_CR\libmbed.a(FilePath.o)
                0x00001bc4                mbed::FilePath::fileSystem()
 .text._ZN4mbed8FilePath6isFileEv
                0x00001bd4       0x14 D:\xpresso\run555recieveRaspi\mbed\TARGET_LPC1768\TOOLCHAIN_GCC_CR\libmbed.a(FilePath.o)
                0x00001bd4                mbed::FilePath::isFile()
 .text._ZN4mbed8FilePath4fileEv
                0x00001be8       0x14 D:\xpresso\run555recieveRaspi\mbed\TARGET_LPC1768\TOOLCHAIN_GCC_CR\libmbed.a(FilePath.o)
                0x00001be8                mbed::FilePath::file()
 .text._ZN4mbed8FilePath6existsEv
                0x00001bfc        0xc D:\xpresso\run555recieveRaspi\mbed\TARGET_LPC1768\TOOLCHAIN_GCC_CR\libmbed.a(FilePath.o)
                0x00001bfc                mbed::FilePath::exists()
 .text._ZThn72_N4mbed6Serial5_putcEi
                0x00001c08        0x8 D:\xpresso\run555recieveRaspi\mbed\TARGET_LPC1768\TOOLCHAIN_GCC_CR\libmbed.a(Serial.o)
                0x00001c08                non-virtual thunk to mbed::Serial::_putc(int)
 .text._ZN4mbed6Serial5_putcEi
                0x00001c10        0x4 D:\xpresso\run555recieveRaspi\mbed\TARGET_LPC1768\TOOLCHAIN_GCC_CR\libmbed.a(Serial.o)
                0x00001c10                mbed::Serial::_putc(int)
 .text._ZThn72_N4mbed6Serial5_getcEv
                0x00001c14        0x8 D:\xpresso\run555recieveRaspi\mbed\TARGET_LPC1768\TOOLCHAIN_GCC_CR\libmbed.a(Serial.o)
                0x00001c14                non-virtual thunk to mbed::Serial::_getc()
 .text._ZN4mbed6Serial5_getcEv
                0x00001c1c        0x4 D:\xpresso\run555recieveRaspi\mbed\TARGET_LPC1768\TOOLCHAIN_GCC_CR\libmbed.a(Serial.o)
                0x00001c1c                mbed::Serial::_getc()
 .text._ZN4mbed6SerialC2E7PinNameS1_PKc
                0x00001c20       0x30 D:\xpresso\run555recieveRaspi\mbed\TARGET_LPC1768\TOOLCHAIN_GCC_CR\libmbed.a(Serial.o)
                0x00001c20                mbed::Serial::Serial(PinName, PinName, char const*)
                0x00001c20                mbed::Serial::Serial(PinName, PinName, char const*)
 .text._ZN4mbed10SerialBase12_irq_handlerEm9SerialIrq
                0x00001c50       0x10 D:\xpresso\run555recieveRaspi\mbed\TARGET_LPC1768\TOOLCHAIN_GCC_CR\libmbed.a(SerialBase.o)
                0x00001c50                mbed::SerialBase::_irq_handler(unsigned long, SerialIrq)
 .text._ZN4mbed10SerialBaseC2E7PinNameS1_
                0x00001c60       0x50 D:\xpresso\run555recieveRaspi\mbed\TARGET_LPC1768\TOOLCHAIN_GCC_CR\libmbed.a(SerialBase.o)
                0x00001c60                mbed::SerialBase::SerialBase(PinName, PinName)
                0x00001c60                mbed::SerialBase::SerialBase(PinName, PinName)
 .text._ZN4mbed10SerialBase4baudEi
                0x00001cb0       0x10 D:\xpresso\run555recieveRaspi\mbed\TARGET_LPC1768\TOOLCHAIN_GCC_CR\libmbed.a(SerialBase.o)
                0x00001cb0                mbed::SerialBase::baud(int)
 .text._ZN4mbed10SerialBase8readableEv
                0x00001cc0        0x8 D:\xpresso\run555recieveRaspi\mbed\TARGET_LPC1768\TOOLCHAIN_GCC_CR\libmbed.a(SerialBase.o)
                0x00001cc0                mbed::SerialBase::readable()
 .text._ZN4mbed10SerialBase10_base_getcEv
                0x00001cc8        0x8 D:\xpresso\run555recieveRaspi\mbed\TARGET_LPC1768\TOOLCHAIN_GCC_CR\libmbed.a(SerialBase.o)
                0x00001cc8                mbed::SerialBase::_base_getc()
 .text._ZN4mbed10SerialBase10_base_putcEi
                0x00001cd0       0x10 D:\xpresso\run555recieveRaspi\mbed\TARGET_LPC1768\TOOLCHAIN_GCC_CR\libmbed.a(SerialBase.o)
                0x00001cd0                mbed::SerialBase::_base_putc(int)
 .text._ZN4mbed6Stream5closeEv
                0x00001ce0        0x4 D:\xpresso\run555recieveRaspi\mbed\TARGET_LPC1768\TOOLCHAIN_GCC_CR\libmbed.a(Stream.o)
                0x00001ce0                mbed::Stream::close()
 .text._ZN4mbed6Stream5writeEPKvj
                0x00001ce4       0x7c D:\xpresso\run555recieveRaspi\mbed\TARGET_LPC1768\TOOLCHAIN_GCC_CR\libmbed.a(Stream.o)
                0x00001ce4                mbed::Stream::write(void const*, unsigned int)
 .text._ZN4mbed6Stream4readEPvj
                0x00001d60       0x7c D:\xpresso\run555recieveRaspi\mbed\TARGET_LPC1768\TOOLCHAIN_GCC_CR\libmbed.a(Stream.o)
                0x00001d60                mbed::Stream::read(void*, unsigned int)
 .text._ZN4mbed6Stream5lseekEli
                0x00001ddc        0x4 D:\xpresso\run555recieveRaspi\mbed\TARGET_LPC1768\TOOLCHAIN_GCC_CR\libmbed.a(Stream.o)
                0x00001ddc                mbed::Stream::lseek(long, int)
 .text._ZN4mbed6Stream6isattyEv
                0x00001de0        0x4 D:\xpresso\run555recieveRaspi\mbed\TARGET_LPC1768\TOOLCHAIN_GCC_CR\libmbed.a(Stream.o)
                0x00001de0                mbed::Stream::isatty()
 .text._ZN4mbed6Stream5fsyncEv
                0x00001de4        0x4 D:\xpresso\run555recieveRaspi\mbed\TARGET_LPC1768\TOOLCHAIN_GCC_CR\libmbed.a(Stream.o)
                0x00001de4                mbed::Stream::fsync()
 .text._ZN4mbed6Stream4flenEv
                0x00001de8        0x4 D:\xpresso\run555recieveRaspi\mbed\TARGET_LPC1768\TOOLCHAIN_GCC_CR\libmbed.a(Stream.o)
                0x00001de8                mbed::Stream::flen()
 .text._ZThn4_N4mbed6StreamD1Ev
                0x00001dec        0x8 D:\xpresso\run555recieveRaspi\mbed\TARGET_LPC1768\TOOLCHAIN_GCC_CR\libmbed.a(Stream.o)
                0x00001dec                non-virtual thunk to mbed::Stream::~Stream()
 .text._ZN4mbed6StreamD2Ev
                0x00001df4       0x28 D:\xpresso\run555recieveRaspi\mbed\TARGET_LPC1768\TOOLCHAIN_GCC_CR\libmbed.a(Stream.o)
                0x00001df4                mbed::Stream::~Stream()
                0x00001df4                mbed::Stream::~Stream()
 .text._ZThn4_N4mbed6StreamD0Ev
                0x00001e1c        0x8 D:\xpresso\run555recieveRaspi\mbed\TARGET_LPC1768\TOOLCHAIN_GCC_CR\libmbed.a(Stream.o)
                0x00001e1c                non-virtual thunk to mbed::Stream::~Stream()
 .text._ZN4mbed6StreamD0Ev
                0x00001e24       0x14 D:\xpresso\run555recieveRaspi\mbed\TARGET_LPC1768\TOOLCHAIN_GCC_CR\libmbed.a(Stream.o)
                0x00001e24                mbed::Stream::~Stream()
 .text._ZN4mbed6StreamC2EPKc
                0x00001e38       0x4c D:\xpresso\run555recieveRaspi\mbed\TARGET_LPC1768\TOOLCHAIN_GCC_CR\libmbed.a(Stream.o)
                0x00001e38                mbed::Stream::Stream(char const*)
                0x00001e38                mbed::Stream::Stream(char const*)
 .text._ZN4mbed6Stream4getcEv
                0x00001e84       0x14 D:\xpresso\run555recieveRaspi\mbed\TARGET_LPC1768\TOOLCHAIN_GCC_CR\libmbed.a(Stream.o)
                0x00001e84                mbed::Stream::getc()
 .text.mbed_assert_internal
                0x00001e98       0x34 D:\xpresso\run555recieveRaspi\mbed\TARGET_LPC1768\TOOLCHAIN_GCC_CR\libmbed.a(assert.o)
                0x00001e98                mbed_assert_internal
 .text.error    0x00001ecc       0x24 D:\xpresso\run555recieveRaspi\mbed\TARGET_LPC1768\TOOLCHAIN_GCC_CR\libmbed.a(error.o)
                0x00001ecc                error
 .text.gpio_init_in_ex
                0x00001ef0       0x28 D:\xpresso\run555recieveRaspi\mbed\TARGET_LPC1768\TOOLCHAIN_GCC_CR\libmbed.a(gpio.o)
                0x00001ef0                gpio_init_in_ex
 .text.gpio_init_in
                0x00001f18        0x8 D:\xpresso\run555recieveRaspi\mbed\TARGET_LPC1768\TOOLCHAIN_GCC_CR\libmbed.a(gpio.o)
                0x00001f18                gpio_init_in
 .text.gpio_init_out_ex
                0x00001f20       0x54 D:\xpresso\run555recieveRaspi\mbed\TARGET_LPC1768\TOOLCHAIN_GCC_CR\libmbed.a(gpio.o)
                0x00001f20                gpio_init_out_ex
 .text.gpio_init_out
                0x00001f74        0x8 D:\xpresso\run555recieveRaspi\mbed\TARGET_LPC1768\TOOLCHAIN_GCC_CR\libmbed.a(gpio.o)
                0x00001f74                gpio_init_out
 .text.exit     0x00001f7c       0x30 D:\xpresso\run555recieveRaspi\mbed\TARGET_LPC1768\TOOLCHAIN_GCC_CR\libmbed.a(exit.o)
                0x00001f7c                exit
 .text.mbed_interface_connected
                0x00001fac        0x4 D:\xpresso\run555recieveRaspi\mbed\TARGET_LPC1768\TOOLCHAIN_GCC_CR\libmbed.a(mbed_interface.o)
                0x00001fac                mbed_interface_connected
 .text.pinmap_pinout
                0x00001fb0       0x50 D:\xpresso\run555recieveRaspi\mbed\TARGET_LPC1768\TOOLCHAIN_GCC_CR\libmbed.a(pinmap_common.o)
                0x00001fb0                pinmap_pinout
 .text.pinmap_merge
                0x00002000       0x24 D:\xpresso\run555recieveRaspi\mbed\TARGET_LPC1768\TOOLCHAIN_GCC_CR\libmbed.a(pinmap_common.o)
                0x00002000                pinmap_merge
 .text.pinmap_find_peripheral
                0x00002024       0x30 D:\xpresso\run555recieveRaspi\mbed\TARGET_LPC1768\TOOLCHAIN_GCC_CR\libmbed.a(pinmap_common.o)
                0x00002024                pinmap_find_peripheral
 .text.pinmap_peripheral
                0x00002054       0x40 D:\xpresso\run555recieveRaspi\mbed\TARGET_LPC1768\TOOLCHAIN_GCC_CR\libmbed.a(pinmap_common.o)
                0x00002054                pinmap_peripheral
 .text.wait_us  0x00002094       0x18 D:\xpresso\run555recieveRaspi\mbed\TARGET_LPC1768\TOOLCHAIN_GCC_CR\libmbed.a(wait_api.o)
                0x00002094                wait_us
 .text.wait_ms  0x000020ac        0xc D:\xpresso\run555recieveRaspi\mbed\TARGET_LPC1768\TOOLCHAIN_GCC_CR\libmbed.a(wait_api.o)
                0x000020ac                wait_ms
 .text.wait     0x000020b8       0x1c D:\xpresso\run555recieveRaspi\mbed\TARGET_LPC1768\TOOLCHAIN_GCC_CR\libmbed.a(wait_api.o)
                0x000020b8                wait
 .text.semihost_exit
                0x000020d4       0x18 D:\xpresso\run555recieveRaspi\mbed\TARGET_LPC1768\TOOLCHAIN_GCC_CR\libmbed.a(semihost_api.o)
                0x000020d4                semihost_exit
 .text.semihost_connected
                0x000020ec       0x10 D:\xpresso\run555recieveRaspi\mbed\TARGET_LPC1768\TOOLCHAIN_GCC_CR\libmbed.a(semihost_api.o)
                0x000020ec                semihost_connected
 .text.gpio_set
                0x000020fc       0x44 D:\xpresso\run555recieveRaspi\mbed\TARGET_LPC1768\TOOLCHAIN_GCC_CR\libmbed.a(gpio_api.o)
                0x000020fc                gpio_set
 .text.gpio_init
                0x00002140       0x30 D:\xpresso\run555recieveRaspi\mbed\TARGET_LPC1768\TOOLCHAIN_GCC_CR\libmbed.a(gpio_api.o)
                0x00002140                gpio_init
 .text.gpio_mode
                0x00002170        0x8 D:\xpresso\run555recieveRaspi\mbed\TARGET_LPC1768\TOOLCHAIN_GCC_CR\libmbed.a(gpio_api.o)
                0x00002170                gpio_mode
 .text.gpio_dir
                0x00002178       0x44 D:\xpresso\run555recieveRaspi\mbed\TARGET_LPC1768\TOOLCHAIN_GCC_CR\libmbed.a(gpio_api.o)
                0x00002178                gpio_dir
 .text.pin_function
                0x000021bc       0x5c D:\xpresso\run555recieveRaspi\mbed\TARGET_LPC1768\TOOLCHAIN_GCC_CR\libmbed.a(pinmap.o)
                0x000021bc                pin_function
 .text.pin_mode
                0x00002218       0x88 D:\xpresso\run555recieveRaspi\mbed\TARGET_LPC1768\TOOLCHAIN_GCC_CR\libmbed.a(pinmap.o)
                0x00002218                pin_mode
 .text.us_ticker_init
                0x000022a0       0x74 D:\xpresso\run555recieveRaspi\mbed\TARGET_LPC1768\TOOLCHAIN_GCC_CR\libmbed.a(us_ticker.o)
                0x000022a0                us_ticker_init
 .text.us_ticker_read
                0x00002314       0x1c D:\xpresso\run555recieveRaspi\mbed\TARGET_LPC1768\TOOLCHAIN_GCC_CR\libmbed.a(us_ticker.o)
                0x00002314                us_ticker_read
 .text.us_ticker_set_interrupt
                0x00002330       0x14 D:\xpresso\run555recieveRaspi\mbed\TARGET_LPC1768\TOOLCHAIN_GCC_CR\libmbed.a(us_ticker.o)
                0x00002330                us_ticker_set_interrupt
 .text.us_ticker_disable_interrupt
                0x00002344       0x14 D:\xpresso\run555recieveRaspi\mbed\TARGET_LPC1768\TOOLCHAIN_GCC_CR\libmbed.a(us_ticker.o)
                0x00002344                us_ticker_disable_interrupt
 .text.us_ticker_clear_interrupt
                0x00002358       0x10 D:\xpresso\run555recieveRaspi\mbed\TARGET_LPC1768\TOOLCHAIN_GCC_CR\libmbed.a(us_ticker.o)
                0x00002358                us_ticker_clear_interrupt
 .text._ZN4mbed8FileBaseD2Ev
                0x00002368       0x30 D:\xpresso\run555recieveRaspi\mbed\TARGET_LPC1768\TOOLCHAIN_GCC_CR\libmbed.a(FileBase.o)
                0x00002368                mbed::FileBase::~FileBase()
                0x00002368                mbed::FileBase::~FileBase()
 .text._ZN4mbed8FileBaseD0Ev
                0x00002398       0x14 D:\xpresso\run555recieveRaspi\mbed\TARGET_LPC1768\TOOLCHAIN_GCC_CR\libmbed.a(FileBase.o)
                0x00002398                mbed::FileBase::~FileBase()
 .text._ZN4mbed8FileBaseC2EPKcNS_8PathTypeE
                0x000023ac       0x20 D:\xpresso\run555recieveRaspi\mbed\TARGET_LPC1768\TOOLCHAIN_GCC_CR\libmbed.a(FileBase.o)
                0x000023ac                mbed::FileBase::FileBase(char const*, mbed::PathType)
                0x000023ac                mbed::FileBase::FileBase(char const*, mbed::PathType)
 .text._ZN4mbed8FileBase6lookupEPKcj
                0x000023cc       0x38 D:\xpresso\run555recieveRaspi\mbed\TARGET_LPC1768\TOOLCHAIN_GCC_CR\libmbed.a(FileBase.o)
                0x000023cc                mbed::FileBase::lookup(char const*, unsigned int)
 .text._ZN4mbed8FileBase11getPathTypeEv
                0x00002404        0x4 D:\xpresso\run555recieveRaspi\mbed\TARGET_LPC1768\TOOLCHAIN_GCC_CR\libmbed.a(FileBase.o)
                0x00002404                mbed::FileBase::getPathType()
 .text._ZThn4_N4mbed8FileLikeD1Ev
                0x00002408        0x8 D:\xpresso\run555recieveRaspi\mbed\TARGET_LPC1768\TOOLCHAIN_GCC_CR\libmbed.a(FileLike.o)
                0x00002408                non-virtual thunk to mbed::FileLike::~FileLike()
 .text._ZN4mbed8FileLikeD2Ev
                0x00002410       0x28 D:\xpresso\run555recieveRaspi\mbed\TARGET_LPC1768\TOOLCHAIN_GCC_CR\libmbed.a(FileLike.o)
                0x00002410                mbed::FileLike::~FileLike()
                0x00002410                mbed::FileLike::~FileLike()
 .text._ZThn4_N4mbed8FileLikeD0Ev
                0x00002438        0x8 D:\xpresso\run555recieveRaspi\mbed\TARGET_LPC1768\TOOLCHAIN_GCC_CR\libmbed.a(FileLike.o)
                0x00002438                non-virtual thunk to mbed::FileLike::~FileLike()
 .text._ZN4mbed8FileLikeD0Ev
                0x00002440       0x14 D:\xpresso\run555recieveRaspi\mbed\TARGET_LPC1768\TOOLCHAIN_GCC_CR\libmbed.a(FileLike.o)
                0x00002440                mbed::FileLike::~FileLike()
 .text._ZN4mbed8FileLikeC2EPKc
                0x00002454       0x2c D:\xpresso\run555recieveRaspi\mbed\TARGET_LPC1768\TOOLCHAIN_GCC_CR\libmbed.a(FileLike.o)
                0x00002454                mbed::FileLike::FileLike(char const*)
                0x00002454                mbed::FileLike::FileLike(char const*)
 .text._ZN4mbed15FunctionPointerC2EPFvvE
                0x00002480        0xc D:\xpresso\run555recieveRaspi\mbed\TARGET_LPC1768\TOOLCHAIN_GCC_CR\libmbed.a(FunctionPointer.o)
                0x00002480                mbed::FunctionPointer::FunctionPointer(void (*)())
                0x00002480                mbed::FunctionPointer::FunctionPointer(void (*)())
 .text._ZN4mbed15FunctionPointer4callEv
                0x0000248c       0x1c D:\xpresso\run555recieveRaspi\mbed\TARGET_LPC1768\TOOLCHAIN_GCC_CR\libmbed.a(FunctionPointer.o)
                0x0000248c                mbed::FunctionPointer::call()
 .text.us_ticker_irq_handler
                0x000024a8       0x4c D:\xpresso\run555recieveRaspi\mbed\TARGET_LPC1768\TOOLCHAIN_GCC_CR\libmbed.a(us_ticker_api.o)
                0x000024a8                us_ticker_irq_handler
 .text          0x000024f4      0x21c c:/nxp/lpcxpresso_7.3.0_186/lpcxpresso/tools/bin/../lib/gcc/arm-none-eabi/4.8.4/armv7-m\libgcc.a(_arm_addsubsf3.o)
                0x000024f4                __aeabi_frsub
                0x000024fc                __subsf3
                0x000024fc                __aeabi_fsub
                0x00002500                __aeabi_fadd
                0x00002500                __addsf3
                0x00002660                __aeabi_ui2f
                0x00002660                __floatunsisf
                0x00002668                __aeabi_i2f
                0x00002668                __floatsisf
                0x00002684                __aeabi_ul2f
                0x00002684                __floatundisf
                0x00002694                __aeabi_l2f
                0x00002694                __floatdisf
 .text          0x00002710      0x2a0 c:/nxp/lpcxpresso_7.3.0_186/lpcxpresso/tools/bin/../lib/gcc/arm-none-eabi/4.8.4/armv7-m\libgcc.a(_arm_muldivsf3.o)
                0x00002710                __mulsf3
                0x00002710                __aeabi_fmul
                0x00002878                __aeabi_fdiv
                0x00002878                __divsf3
 .text          0x000029b0       0xec c:/nxp/lpcxpresso_7.3.0_186/lpcxpresso/tools/bin/../lib/gcc/arm-none-eabi/4.8.4/armv7-m\libgcc.a(_arm_cmpsf2.o)
                0x000029b0                __gesf2
                0x000029b0                __gtsf2
                0x000029b8                __lesf2
                0x000029b8                __ltsf2
                0x000029c0                __nesf2
                0x000029c0                __eqsf2
                0x000029c0                __cmpsf2
                0x00002a20                __aeabi_cfrcmple
                0x00002a28                __aeabi_cfcmpeq
                0x00002a28                __aeabi_cfcmple
                0x00002a38                __aeabi_fcmpeq
                0x00002a4c                __aeabi_fcmplt
                0x00002a60                __aeabi_fcmple
                0x00002a74                __aeabi_fcmpge
                0x00002a88                __aeabi_fcmpgt
 .text          0x00002a9c       0x4c c:/nxp/lpcxpresso_7.3.0_186/lpcxpresso/tools/bin/../lib/gcc/arm-none-eabi/4.8.4/armv7-m\libgcc.a(_arm_fixsfsi.o)
                0x00002a9c                __aeabi_f2iz
                0x00002a9c                __fixsfsi
 .text          0x00002ae8       0x40 c:/nxp/lpcxpresso_7.3.0_186/lpcxpresso/tools/bin/../lib/gcc/arm-none-eabi/4.8.4/armv7-m\libgcc.a(_arm_fixunssfsi.o)
                0x00002ae8                __fixunssfsi
                0x00002ae8                __aeabi_f2uiz
 .text          0x00002b28       0x2c c:/nxp/lpcxpresso_7.3.0_186/lpcxpresso/tools/bin/../lib/gcc/arm-none-eabi/4.8.4/armv7-m\libgcc.a(_aeabi_uldivmod.o)
                0x00002b28                __aeabi_uldivmod
 .text          0x00002b54       0x60 c:/nxp/lpcxpresso_7.3.0_186/lpcxpresso/tools/bin/../lib/gcc/arm-none-eabi/4.8.4/armv7-m\libgcc.a(bpabi.o)
                0x00002b54                __gnu_ldivmod_helper
                0x00002b84                __gnu_uldivmod_helper
 .text          0x00002bb4        0x4 c:/nxp/lpcxpresso_7.3.0_186/lpcxpresso/tools/bin/../lib/gcc/arm-none-eabi/4.8.4/armv7-m\libgcc.a(_dvmd_tls.o)
                0x00002bb4                __aeabi_idiv0
                0x00002bb4                __aeabi_ldiv0
 .text          0x00002bb8      0x2a0 c:/nxp/lpcxpresso_7.3.0_186/lpcxpresso/tools/bin/../lib/gcc/arm-none-eabi/4.8.4/armv7-m\libgcc.a(_divdi3.o)
                0x00002bb8                __divdi3
 .text          0x00002e58      0x290 c:/nxp/lpcxpresso_7.3.0_186/lpcxpresso/tools/bin/../lib/gcc/arm-none-eabi/4.8.4/armv7-m\libgcc.a(_udivdi3.o)
                0x00002e58                __udivdi3
 .text.abs      0x000030e8        0x8 c:/nxp/lpcxpresso_7.3.0_186/lpcxpresso/tools/bin/../lib/gcc/arm-none-eabi/4.8.4/../../../../arm-none-eabi/lib/armv7-m\libc.a(lib_a-abs.o)
                0x000030e8                abs
 .text.__errno  0x000030f0        0xc c:/nxp/lpcxpresso_7.3.0_186/lpcxpresso/tools/bin/../lib/gcc/arm-none-eabi/4.8.4/../../../../arm-none-eabi/lib/armv7-m\libc.a(lib_a-errno.o)
                0x000030f0                __errno
 .text._fclose_r
                0x000030fc       0x80 c:/nxp/lpcxpresso_7.3.0_186/lpcxpresso/tools/bin/../lib/gcc/arm-none-eabi/4.8.4/../../../../arm-none-eabi/lib/armv7-m\libc.a(lib_a-fclose.o)
                0x000030fc                _fclose_r
 .text.fclose   0x0000317c       0x10 c:/nxp/lpcxpresso_7.3.0_186/lpcxpresso/tools/bin/../lib/gcc/arm-none-eabi/4.8.4/../../../../arm-none-eabi/lib/armv7-m\libc.a(lib_a-fclose.o)
                0x0000317c                fclose
 .text.__sflush_r
                0x0000318c      0x148 c:/nxp/lpcxpresso_7.3.0_186/lpcxpresso/tools/bin/../lib/gcc/arm-none-eabi/4.8.4/../../../../arm-none-eabi/lib/armv7-m\libc.a(lib_a-fflush.o)
                0x0000318c                __sflush_r
 .text._fflush_r
                0x000032d4       0x2c c:/nxp/lpcxpresso_7.3.0_186/lpcxpresso/tools/bin/../lib/gcc/arm-none-eabi/4.8.4/../../../../arm-none-eabi/lib/armv7-m\libc.a(lib_a-fflush.o)
                0x000032d4                _fflush_r
 .text.fflush   0x00003300       0x24 c:/nxp/lpcxpresso_7.3.0_186/lpcxpresso/tools/bin/../lib/gcc/arm-none-eabi/4.8.4/../../../../arm-none-eabi/lib/armv7-m\libc.a(lib_a-fflush.o)
                0x00003300                fflush
 .text.fgetc    0x00003324       0x3c c:/nxp/lpcxpresso_7.3.0_186/lpcxpresso/tools/bin/../lib/gcc/arm-none-eabi/4.8.4/../../../../arm-none-eabi/lib/armv7-m\libc.a(lib_a-fgetc.o)
                0x00003324                fgetc
 .text._cleanup_r
                0x00003360        0xc c:/nxp/lpcxpresso_7.3.0_186/lpcxpresso/tools/bin/../lib/gcc/arm-none-eabi/4.8.4/../../../../arm-none-eabi/lib/armv7-m\libc.a(lib_a-findfp.o)
                0x00003360                _cleanup_r
 .text.__sfmoreglue
                0x0000336c       0x30 c:/nxp/lpcxpresso_7.3.0_186/lpcxpresso/tools/bin/../lib/gcc/arm-none-eabi/4.8.4/../../../../arm-none-eabi/lib/armv7-m\libc.a(lib_a-findfp.o)
                0x0000336c                __sfmoreglue
 .text.__sinit  0x0000339c       0xf4 c:/nxp/lpcxpresso_7.3.0_186/lpcxpresso/tools/bin/../lib/gcc/arm-none-eabi/4.8.4/../../../../arm-none-eabi/lib/armv7-m\libc.a(lib_a-findfp.o)
                0x0000339c                __sinit
 .text.__sfp    0x00003490       0x8c c:/nxp/lpcxpresso_7.3.0_186/lpcxpresso/tools/bin/../lib/gcc/arm-none-eabi/4.8.4/../../../../arm-none-eabi/lib/armv7-m\libc.a(lib_a-findfp.o)
                0x00003490                __sfp
 .text.__sfp_lock_acquire
                0x0000351c        0x4 c:/nxp/lpcxpresso_7.3.0_186/lpcxpresso/tools/bin/../lib/gcc/arm-none-eabi/4.8.4/../../../../arm-none-eabi/lib/armv7-m\libc.a(lib_a-findfp.o)
                0x0000351c                __sfp_lock_acquire
 .text.__sfp_lock_release
                0x00003520        0x4 c:/nxp/lpcxpresso_7.3.0_186/lpcxpresso/tools/bin/../lib/gcc/arm-none-eabi/4.8.4/../../../../arm-none-eabi/lib/armv7-m\libc.a(lib_a-findfp.o)
                0x00003520                __sfp_lock_release
 .text._fopen_r
                0x00003524       0x88 c:/nxp/lpcxpresso_7.3.0_186/lpcxpresso/tools/bin/../lib/gcc/arm-none-eabi/4.8.4/../../../../arm-none-eabi/lib/armv7-m\libc.a(lib_a-fopen.o)
                0x00003524                _fopen_r
 .text.fopen    0x000035ac       0x10 c:/nxp/lpcxpresso_7.3.0_186/lpcxpresso/tools/bin/../lib/gcc/arm-none-eabi/4.8.4/../../../../arm-none-eabi/lib/armv7-m\libc.a(lib_a-fopen.o)
                0x000035ac                fopen
 .text.fprintf  0x000035bc       0x28 c:/nxp/lpcxpresso_7.3.0_186/lpcxpresso/tools/bin/../lib/gcc/arm-none-eabi/4.8.4/../../../../arm-none-eabi/lib/armv7-m\libc.a(lib_a-fprintf.o)
                0x000035bc                fprintf
 .text._malloc_trim_r
                0x000035e4       0x9c c:/nxp/lpcxpresso_7.3.0_186/lpcxpresso/tools/bin/../lib/gcc/arm-none-eabi/4.8.4/../../../../arm-none-eabi/lib/armv7-m\libc.a(lib_a-freer.o)
                0x000035e4                _malloc_trim_r
 .text._free_r  0x00003680      0x198 c:/nxp/lpcxpresso_7.3.0_186/lpcxpresso/tools/bin/../lib/gcc/arm-none-eabi/4.8.4/../../../../arm-none-eabi/lib/armv7-m\libc.a(lib_a-freer.o)
                0x00003680                _free_r
 .text._fseek_r
                0x00003818        0x4 c:/nxp/lpcxpresso_7.3.0_186/lpcxpresso/tools/bin/../lib/gcc/arm-none-eabi/4.8.4/../../../../arm-none-eabi/lib/armv7-m\libc.a(lib_a-fseek.o)
                0x00003818                _fseek_r
 .text._fseeko_r
                0x0000381c      0x2d8 c:/nxp/lpcxpresso_7.3.0_186/lpcxpresso/tools/bin/../lib/gcc/arm-none-eabi/4.8.4/../../../../arm-none-eabi/lib/armv7-m\libc.a(lib_a-fseeko.o)
                0x0000381c                _fseeko_r
 .text._fstat_r
                0x00003af4       0x28 c:/nxp/lpcxpresso_7.3.0_186/lpcxpresso/tools/bin/../lib/gcc/arm-none-eabi/4.8.4/../../../../arm-none-eabi/lib/armv7-m\libc.a(lib_a-fstatr.o)
                0x00003af4                _fstat_r
 .text.__sfvwrite_r
                0x00003b1c      0x318 c:/nxp/lpcxpresso_7.3.0_186/lpcxpresso/tools/bin/../lib/gcc/arm-none-eabi/4.8.4/../../../../arm-none-eabi/lib/armv7-m\libc.a(lib_a-fvwrite.o)
                0x00003b1c                __sfvwrite_r
 .text._fwalk   0x00003e34       0x48 c:/nxp/lpcxpresso_7.3.0_186/lpcxpresso/tools/bin/../lib/gcc/arm-none-eabi/4.8.4/../../../../arm-none-eabi/lib/armv7-m\libc.a(lib_a-fwalk.o)
                0x00003e34                _fwalk
 .text._fwalk_reent
                0x00003e7c       0x4c c:/nxp/lpcxpresso_7.3.0_186/lpcxpresso/tools/bin/../lib/gcc/arm-none-eabi/4.8.4/../../../../arm-none-eabi/lib/armv7-m\libc.a(lib_a-fwalk.o)
                0x00003e7c                _fwalk_reent
 .text.__libc_init_array
                0x00003ec8       0x50 c:/nxp/lpcxpresso_7.3.0_186/lpcxpresso/tools/bin/../lib/gcc/arm-none-eabi/4.8.4/../../../../arm-none-eabi/lib/armv7-m\libc.a(lib_a-init.o)
                0x00003ec8                __libc_init_array
 .text.__smakebuf_r
                0x00003f18       0xe0 c:/nxp/lpcxpresso_7.3.0_186/lpcxpresso/tools/bin/../lib/gcc/arm-none-eabi/4.8.4/../../../../arm-none-eabi/lib/armv7-m\libc.a(lib_a-makebuf.o)
                0x00003f18                __smakebuf_r
 .text.malloc   0x00003ff8       0x10 c:/nxp/lpcxpresso_7.3.0_186/lpcxpresso/tools/bin/../lib/gcc/arm-none-eabi/4.8.4/../../../../arm-none-eabi/lib/armv7-m\libc.a(lib_a-malloc.o)
                0x00003ff8                malloc
 .text.free     0x00004008       0x10 c:/nxp/lpcxpresso_7.3.0_186/lpcxpresso/tools/bin/../lib/gcc/arm-none-eabi/4.8.4/../../../../arm-none-eabi/lib/armv7-m\libc.a(lib_a-malloc.o)
                0x00004008                free
 .text._malloc_r
                0x00004018      0x538 c:/nxp/lpcxpresso_7.3.0_186/lpcxpresso/tools/bin/../lib/gcc/arm-none-eabi/4.8.4/../../../../arm-none-eabi/lib/armv7-m\libc.a(lib_a-mallocr.o)
                0x00004018                _malloc_r
 .text.memchr   0x00004550       0x94 c:/nxp/lpcxpresso_7.3.0_186/lpcxpresso/tools/bin/../lib/gcc/arm-none-eabi/4.8.4/../../../../arm-none-eabi/lib/armv7-m\libc.a(lib_a-memchr-stub.o)
                0x00004550                memchr
 .text          0x000045e4       0xec c:/nxp/lpcxpresso_7.3.0_186/lpcxpresso/tools/bin/../lib/gcc/arm-none-eabi/4.8.4/../../../../arm-none-eabi/lib/armv7-m\libc.a(lib_a-memcpy.o)
                0x000045e4                memcpy
 .text.memmove  0x000046d0       0xcc c:/nxp/lpcxpresso_7.3.0_186/lpcxpresso/tools/bin/../lib/gcc/arm-none-eabi/4.8.4/../../../../arm-none-eabi/lib/armv7-m\libc.a(lib_a-memmove.o)
                0x000046d0                memmove
 .text.memset   0x0000479c       0x94 c:/nxp/lpcxpresso_7.3.0_186/lpcxpresso/tools/bin/../lib/gcc/arm-none-eabi/4.8.4/../../../../arm-none-eabi/lib/armv7-m\libc.a(lib_a-memset.o)
                0x0000479c                memset
 .text.__malloc_lock
                0x00004830        0x4 c:/nxp/lpcxpresso_7.3.0_186/lpcxpresso/tools/bin/../lib/gcc/arm-none-eabi/4.8.4/../../../../arm-none-eabi/lib/armv7-m\libc.a(lib_a-mlock.o)
                0x00004830                __malloc_lock
 .text.__malloc_unlock
                0x00004834        0x4 c:/nxp/lpcxpresso_7.3.0_186/lpcxpresso/tools/bin/../lib/gcc/arm-none-eabi/4.8.4/../../../../arm-none-eabi/lib/armv7-m\libc.a(lib_a-mlock.o)
                0x00004834                __malloc_unlock
 .text._open_r  0x00004838       0x28 c:/nxp/lpcxpresso_7.3.0_186/lpcxpresso/tools/bin/../lib/gcc/arm-none-eabi/4.8.4/../../../../arm-none-eabi/lib/armv7-m\libc.a(lib_a-openr.o)
                0x00004838                _open_r
 .text._realloc_r
                0x00004860      0x3c0 c:/nxp/lpcxpresso_7.3.0_186/lpcxpresso/tools/bin/../lib/gcc/arm-none-eabi/4.8.4/../../../../arm-none-eabi/lib/armv7-m\libc.a(lib_a-reallocr.o)
                0x00004860                _realloc_r
 .text.lflush   0x00004c20       0x14 c:/nxp/lpcxpresso_7.3.0_186/lpcxpresso/tools/bin/../lib/gcc/arm-none-eabi/4.8.4/../../../../arm-none-eabi/lib/armv7-m\libc.a(lib_a-refill.o)
 .text.__srefill_r
                0x00004c34      0x114 c:/nxp/lpcxpresso_7.3.0_186/lpcxpresso/tools/bin/../lib/gcc/arm-none-eabi/4.8.4/../../../../arm-none-eabi/lib/armv7-m\libc.a(lib_a-refill.o)
                0x00004c34                __srefill_r
 .text.__srget_r
                0x00004d48       0x34 c:/nxp/lpcxpresso_7.3.0_186/lpcxpresso/tools/bin/../lib/gcc/arm-none-eabi/4.8.4/../../../../arm-none-eabi/lib/armv7-m\libc.a(lib_a-rget.o)
                0x00004d48                __srget_r
 .text._sbrk_r  0x00004d7c       0x24 c:/nxp/lpcxpresso_7.3.0_186/lpcxpresso/tools/bin/../lib/gcc/arm-none-eabi/4.8.4/../../../../arm-none-eabi/lib/armv7-m\libc.a(lib_a-sbrkr.o)
                0x00004d7c                _sbrk_r
 .text.setbuf   0x00004da0       0x10 c:/nxp/lpcxpresso_7.3.0_186/lpcxpresso/tools/bin/../lib/gcc/arm-none-eabi/4.8.4/../../../../arm-none-eabi/lib/armv7-m\libc.a(lib_a-setbuf.o)
                0x00004da0                setbuf
 .text.setvbuf  0x00004db0      0x100 c:/nxp/lpcxpresso_7.3.0_186/lpcxpresso/tools/bin/../lib/gcc/arm-none-eabi/4.8.4/../../../../arm-none-eabi/lib/armv7-m\libc.a(lib_a-setvbuf.o)
                0x00004db0                setvbuf
 .text.sprintf  0x00004eb0       0x4c c:/nxp/lpcxpresso_7.3.0_186/lpcxpresso/tools/bin/../lib/gcc/arm-none-eabi/4.8.4/../../../../arm-none-eabi/lib/armv7-m\libc.a(lib_a-sprintf.o)
                0x00004eb0                sprintf
 .text.sscanf   0x00004efc       0x5c c:/nxp/lpcxpresso_7.3.0_186/lpcxpresso/tools/bin/../lib/gcc/arm-none-eabi/4.8.4/../../../../arm-none-eabi/lib/armv7-m\libc.a(lib_a-sscanf.o)
                0x00004efc                sscanf
 .text.__sread  0x00004f58       0x24 c:/nxp/lpcxpresso_7.3.0_186/lpcxpresso/tools/bin/../lib/gcc/arm-none-eabi/4.8.4/../../../../arm-none-eabi/lib/armv7-m\libc.a(lib_a-stdio.o)
                0x00004f58                __sread
 .text.__seofread
                0x00004f7c        0x4 c:/nxp/lpcxpresso_7.3.0_186/lpcxpresso/tools/bin/../lib/gcc/arm-none-eabi/4.8.4/../../../../arm-none-eabi/lib/armv7-m\libc.a(lib_a-stdio.o)
                0x00004f7c                __seofread
 .text.__swrite
                0x00004f80       0x38 c:/nxp/lpcxpresso_7.3.0_186/lpcxpresso/tools/bin/../lib/gcc/arm-none-eabi/4.8.4/../../../../arm-none-eabi/lib/armv7-m\libc.a(lib_a-stdio.o)
                0x00004f80                __swrite
 .text.__sseek  0x00004fb8       0x20 c:/nxp/lpcxpresso_7.3.0_186/lpcxpresso/tools/bin/../lib/gcc/arm-none-eabi/4.8.4/../../../../arm-none-eabi/lib/armv7-m\libc.a(lib_a-stdio.o)
                0x00004fb8                __sseek
 .text.__sclose
                0x00004fd8        0x8 c:/nxp/lpcxpresso_7.3.0_186/lpcxpresso/tools/bin/../lib/gcc/arm-none-eabi/4.8.4/../../../../arm-none-eabi/lib/armv7-m\libc.a(lib_a-stdio.o)
                0x00004fd8                __sclose
 .text          0x00004fe0      0x23c c:/nxp/lpcxpresso_7.3.0_186/lpcxpresso/tools/bin/../lib/gcc/arm-none-eabi/4.8.4/../../../../arm-none-eabi/lib/armv7-m\libc.a(lib_a-strcmp.o)
                0x00004fe0                strcmp
 .text.strlen   0x0000521c       0x60 c:/nxp/lpcxpresso_7.3.0_186/lpcxpresso/tools/bin/../lib/gcc/arm-none-eabi/4.8.4/../../../../arm-none-eabi/lib/armv7-m\libc.a(lib_a-strlen.o)
                0x0000521c                strlen
 .text.strncmp  0x0000527c       0xb4 c:/nxp/lpcxpresso_7.3.0_186/lpcxpresso/tools/bin/../lib/gcc/arm-none-eabi/4.8.4/../../../../arm-none-eabi/lib/armv7-m\libc.a(lib_a-strncmp.o)
                0x0000527c                strncmp
 .text._svfprintf_r
                0x00005330     0x14e0 c:/nxp/lpcxpresso_7.3.0_186/lpcxpresso/tools/bin/../lib/gcc/arm-none-eabi/4.8.4/../../../../arm-none-eabi/lib/armv7-m\libc.a(lib_a-svfprintf.o)
                0x00005330                _svfprintf_r
 .text.__ssvfscanf_r
                0x00006810      0xe78 c:/nxp/lpcxpresso_7.3.0_186/lpcxpresso/tools/bin/../lib/gcc/arm-none-eabi/4.8.4/../../../../arm-none-eabi/lib/armv7-m\libc.a(lib_a-svfscanf.o)
                0x00006810                __ssvfscanf_r
 .text._vfprintf_r
                0x00007688     0x1524 c:/nxp/lpcxpresso_7.3.0_186/lpcxpresso/tools/bin/../lib/gcc/arm-none-eabi/4.8.4/../../../../arm-none-eabi/lib/armv7-m\libc.a(lib_a-vfprintf.o)
                0x00007688                _vfprintf_r
 .text.vfprintf
                0x00008bac       0x18 c:/nxp/lpcxpresso_7.3.0_186/lpcxpresso/tools/bin/../lib/gcc/arm-none-eabi/4.8.4/../../../../arm-none-eabi/lib/armv7-m\libc.a(lib_a-vfprintf.o)
                0x00008bac                vfprintf
 .text.__sbprintf
                0x00008bc4       0x7c c:/nxp/lpcxpresso_7.3.0_186/lpcxpresso/tools/bin/../lib/gcc/arm-none-eabi/4.8.4/../../../../arm-none-eabi/lib/armv7-m\libc.a(lib_a-vfprintf.o)
 .text.__swbuf_r
                0x00008c40       0xa8 c:/nxp/lpcxpresso_7.3.0_186/lpcxpresso/tools/bin/../lib/gcc/arm-none-eabi/4.8.4/../../../../arm-none-eabi/lib/armv7-m\libc.a(lib_a-wbuf.o)
                0x00008c40                __swbuf_r
 .text._write_r
                0x00008ce8       0x28 c:/nxp/lpcxpresso_7.3.0_186/lpcxpresso/tools/bin/../lib/gcc/arm-none-eabi/4.8.4/../../../../arm-none-eabi/lib/armv7-m\libc.a(lib_a-writer.o)
                0x00008ce8                _write_r
 .text.__swsetup_r
                0x00008d10       0xc4 c:/nxp/lpcxpresso_7.3.0_186/lpcxpresso/tools/bin/../lib/gcc/arm-none-eabi/4.8.4/../../../../arm-none-eabi/lib/armv7-m\libc.a(lib_a-wsetup.o)
                0x00008d10                __swsetup_r
 .text._close_r
                0x00008dd4       0x24 c:/nxp/lpcxpresso_7.3.0_186/lpcxpresso/tools/bin/../lib/gcc/arm-none-eabi/4.8.4/../../../../arm-none-eabi/lib/armv7-m\libc.a(lib_a-closer.o)
                0x00008dd4                _close_r
 .text.quorem   0x00008df8      0x134 c:/nxp/lpcxpresso_7.3.0_186/lpcxpresso/tools/bin/../lib/gcc/arm-none-eabi/4.8.4/../../../../arm-none-eabi/lib/armv7-m\libc.a(lib_a-dtoa.o)
 *fill*         0x00008f2c        0x4 
 .text._dtoa_r  0x00008f30      0xe38 c:/nxp/lpcxpresso_7.3.0_186/lpcxpresso/tools/bin/../lib/gcc/arm-none-eabi/4.8.4/../../../../arm-none-eabi/lib/armv7-m\libc.a(lib_a-dtoa.o)
                0x00008f30                _dtoa_r
 .text.__sflags
                0x00009d68       0x70 c:/nxp/lpcxpresso_7.3.0_186/lpcxpresso/tools/bin/../lib/gcc/arm-none-eabi/4.8.4/../../../../arm-none-eabi/lib/armv7-m\libc.a(lib_a-flags.o)
                0x00009d68                __sflags
 .text._isatty_r
                0x00009dd8       0x24 c:/nxp/lpcxpresso_7.3.0_186/lpcxpresso/tools/bin/../lib/gcc/arm-none-eabi/4.8.4/../../../../arm-none-eabi/lib/armv7-m\libc.a(lib_a-isattyr.o)
                0x00009dd8                _isatty_r
 .text.iswspace
                0x00009dfc       0x1c c:/nxp/lpcxpresso_7.3.0_186/lpcxpresso/tools/bin/../lib/gcc/arm-none-eabi/4.8.4/../../../../arm-none-eabi/lib/armv7-m\libc.a(lib_a-iswspace.o)
                0x00009dfc                iswspace
 .text.__locale_charset
                0x00009e18        0x8 c:/nxp/lpcxpresso_7.3.0_186/lpcxpresso/tools/bin/../lib/gcc/arm-none-eabi/4.8.4/../../../../arm-none-eabi/lib/armv7-m\libc.a(lib_a-locale.o)
                0x00009e18                __locale_charset
 .text.__locale_mb_cur_max
                0x00009e20        0xc c:/nxp/lpcxpresso_7.3.0_186/lpcxpresso/tools/bin/../lib/gcc/arm-none-eabi/4.8.4/../../../../arm-none-eabi/lib/armv7-m\libc.a(lib_a-locale.o)
                0x00009e20                __locale_mb_cur_max
 .text._localeconv_r
                0x00009e2c        0x8 c:/nxp/lpcxpresso_7.3.0_186/lpcxpresso/tools/bin/../lib/gcc/arm-none-eabi/4.8.4/../../../../arm-none-eabi/lib/armv7-m\libc.a(lib_a-locale.o)
                0x00009e2c                _localeconv_r
 .text._lseek_r
                0x00009e34       0x28 c:/nxp/lpcxpresso_7.3.0_186/lpcxpresso/tools/bin/../lib/gcc/arm-none-eabi/4.8.4/../../../../arm-none-eabi/lib/armv7-m\libc.a(lib_a-lseekr.o)
                0x00009e34                _lseek_r
 .text._mbrtowc_r
                0x00009e5c       0x5c c:/nxp/lpcxpresso_7.3.0_186/lpcxpresso/tools/bin/../lib/gcc/arm-none-eabi/4.8.4/../../../../arm-none-eabi/lib/armv7-m\libc.a(lib_a-mbrtowc.o)
                0x00009e5c                _mbrtowc_r
 .text.__ascii_mbtowc
                0x00009eb8       0x2c c:/nxp/lpcxpresso_7.3.0_186/lpcxpresso/tools/bin/../lib/gcc/arm-none-eabi/4.8.4/../../../../arm-none-eabi/lib/armv7-m\libc.a(lib_a-mbtowc_r.o)
                0x00009eb8                __ascii_mbtowc
 .text._Balloc  0x00009ee4       0x4c c:/nxp/lpcxpresso_7.3.0_186/lpcxpresso/tools/bin/../lib/gcc/arm-none-eabi/4.8.4/../../../../arm-none-eabi/lib/armv7-m\libc.a(lib_a-mprec.o)
                0x00009ee4                _Balloc
 .text._Bfree   0x00009f30       0x14 c:/nxp/lpcxpresso_7.3.0_186/lpcxpresso/tools/bin/../lib/gcc/arm-none-eabi/4.8.4/../../../../arm-none-eabi/lib/armv7-m\libc.a(lib_a-mprec.o)
                0x00009f30                _Bfree
 .text.__multadd
                0x00009f44       0x94 c:/nxp/lpcxpresso_7.3.0_186/lpcxpresso/tools/bin/../lib/gcc/arm-none-eabi/4.8.4/../../../../arm-none-eabi/lib/armv7-m\libc.a(lib_a-mprec.o)
                0x00009f44                __multadd
 .text.__s2b    0x00009fd8       0x98 c:/nxp/lpcxpresso_7.3.0_186/lpcxpresso/tools/bin/../lib/gcc/arm-none-eabi/4.8.4/../../../../arm-none-eabi/lib/armv7-m\libc.a(lib_a-mprec.o)
                0x00009fd8                __s2b
 .text.__hi0bits
                0x0000a070       0x40 c:/nxp/lpcxpresso_7.3.0_186/lpcxpresso/tools/bin/../lib/gcc/arm-none-eabi/4.8.4/../../../../arm-none-eabi/lib/armv7-m\libc.a(lib_a-mprec.o)
                0x0000a070                __hi0bits
 .text.__lo0bits
                0x0000a0b0       0x5c c:/nxp/lpcxpresso_7.3.0_186/lpcxpresso/tools/bin/../lib/gcc/arm-none-eabi/4.8.4/../../../../arm-none-eabi/lib/armv7-m\libc.a(lib_a-mprec.o)
                0x0000a0b0                __lo0bits
 .text.__i2b    0x0000a10c       0x14 c:/nxp/lpcxpresso_7.3.0_186/lpcxpresso/tools/bin/../lib/gcc/arm-none-eabi/4.8.4/../../../../arm-none-eabi/lib/armv7-m\libc.a(lib_a-mprec.o)
                0x0000a10c                __i2b
 .text.__multiply
                0x0000a120      0x13c c:/nxp/lpcxpresso_7.3.0_186/lpcxpresso/tools/bin/../lib/gcc/arm-none-eabi/4.8.4/../../../../arm-none-eabi/lib/armv7-m\libc.a(lib_a-mprec.o)
                0x0000a120                __multiply
 .text.__pow5mult
                0x0000a25c       0x9c c:/nxp/lpcxpresso_7.3.0_186/lpcxpresso/tools/bin/../lib/gcc/arm-none-eabi/4.8.4/../../../../arm-none-eabi/lib/armv7-m\libc.a(lib_a-mprec.o)
                0x0000a25c                __pow5mult
 .text.__lshift
                0x0000a2f8       0xbc c:/nxp/lpcxpresso_7.3.0_186/lpcxpresso/tools/bin/../lib/gcc/arm-none-eabi/4.8.4/../../../../arm-none-eabi/lib/armv7-m\libc.a(lib_a-mprec.o)
                0x0000a2f8                __lshift
 .text.__mcmp   0x0000a3b4       0x48 c:/nxp/lpcxpresso_7.3.0_186/lpcxpresso/tools/bin/../lib/gcc/arm-none-eabi/4.8.4/../../../../arm-none-eabi/lib/armv7-m\libc.a(lib_a-mprec.o)
                0x0000a3b4                __mcmp
 .text.__mdiff  0x0000a3fc       0xd8 c:/nxp/lpcxpresso_7.3.0_186/lpcxpresso/tools/bin/../lib/gcc/arm-none-eabi/4.8.4/../../../../arm-none-eabi/lib/armv7-m\libc.a(lib_a-mprec.o)
                0x0000a3fc                __mdiff
 .text.__ulp    0x0000a4d4       0x40 c:/nxp/lpcxpresso_7.3.0_186/lpcxpresso/tools/bin/../lib/gcc/arm-none-eabi/4.8.4/../../../../arm-none-eabi/lib/armv7-m\libc.a(lib_a-mprec.o)
                0x0000a4d4                __ulp
 .text.__b2d    0x0000a514       0xb8 c:/nxp/lpcxpresso_7.3.0_186/lpcxpresso/tools/bin/../lib/gcc/arm-none-eabi/4.8.4/../../../../arm-none-eabi/lib/armv7-m\libc.a(lib_a-mprec.o)
                0x0000a514                __b2d
 .text.__d2b    0x0000a5cc       0xbc c:/nxp/lpcxpresso_7.3.0_186/lpcxpresso/tools/bin/../lib/gcc/arm-none-eabi/4.8.4/../../../../arm-none-eabi/lib/armv7-m\libc.a(lib_a-mprec.o)
                0x0000a5cc                __d2b
 .text.__ratio  0x0000a688       0x50 c:/nxp/lpcxpresso_7.3.0_186/lpcxpresso/tools/bin/../lib/gcc/arm-none-eabi/4.8.4/../../../../arm-none-eabi/lib/armv7-m\libc.a(lib_a-mprec.o)
                0x0000a688                __ratio
 .text.__copybits
                0x0000a6d8       0x48 c:/nxp/lpcxpresso_7.3.0_186/lpcxpresso/tools/bin/../lib/gcc/arm-none-eabi/4.8.4/../../../../arm-none-eabi/lib/armv7-m\libc.a(lib_a-mprec.o)
                0x0000a6d8                __copybits
 .text.__any_on
                0x0000a720       0x60 c:/nxp/lpcxpresso_7.3.0_186/lpcxpresso/tools/bin/../lib/gcc/arm-none-eabi/4.8.4/../../../../arm-none-eabi/lib/armv7-m\libc.a(lib_a-mprec.o)
                0x0000a720                __any_on
 .text._read_r  0x0000a780       0x28 c:/nxp/lpcxpresso_7.3.0_186/lpcxpresso/tools/bin/../lib/gcc/arm-none-eabi/4.8.4/../../../../arm-none-eabi/lib/armv7-m\libc.a(lib_a-readr.o)
                0x0000a780                _read_r
 .text.__fpclassifyd
                0x0000a7a8       0x50 c:/nxp/lpcxpresso_7.3.0_186/lpcxpresso/tools/bin/../lib/gcc/arm-none-eabi/4.8.4/../../../../arm-none-eabi/lib/armv7-m\libc.a(lib_a-s_fpclassify.o)
                0x0000a7a8                __fpclassifyd
 .text.__sccl   0x0000a7f8       0x70 c:/nxp/lpcxpresso_7.3.0_186/lpcxpresso/tools/bin/../lib/gcc/arm-none-eabi/4.8.4/../../../../arm-none-eabi/lib/armv7-m\libc.a(lib_a-sccl.o)
                0x0000a7f8                __sccl
 .text.nanf     0x0000a868        0x8 c:/nxp/lpcxpresso_7.3.0_186/lpcxpresso/tools/bin/../lib/gcc/arm-none-eabi/4.8.4/../../../../arm-none-eabi/lib/armv7-m\libc.a(lib_a-sf_nan.o)
                0x0000a868                nanf
 .text.sulp     0x0000a870       0x40 c:/nxp/lpcxpresso_7.3.0_186/lpcxpresso/tools/bin/../lib/gcc/arm-none-eabi/4.8.4/../../../../arm-none-eabi/lib/armv7-m\libc.a(lib_a-strtod.o)
 .text._strtod_r
                0x0000a8b0      0xf40 c:/nxp/lpcxpresso_7.3.0_186/lpcxpresso/tools/bin/../lib/gcc/arm-none-eabi/4.8.4/../../../../arm-none-eabi/lib/armv7-m\libc.a(lib_a-strtod.o)
                0x0000a8b0                _strtod_r
 .text._strtol_r
                0x0000b7f0      0x114 c:/nxp/lpcxpresso_7.3.0_186/lpcxpresso/tools/bin/../lib/gcc/arm-none-eabi/4.8.4/../../../../arm-none-eabi/lib/armv7-m\libc.a(lib_a-strtol.o)
                0x0000b7f0                _strtol_r
 .text._strtoll_r
                0x0000b904      0x19c c:/nxp/lpcxpresso_7.3.0_186/lpcxpresso/tools/bin/../lib/gcc/arm-none-eabi/4.8.4/../../../../arm-none-eabi/lib/armv7-m\libc.a(lib_a-strtoll_r.o)
                0x0000b904                _strtoll_r
 .text._strtoul_r
                0x0000baa0      0x130 c:/nxp/lpcxpresso_7.3.0_186/lpcxpresso/tools/bin/../lib/gcc/arm-none-eabi/4.8.4/../../../../arm-none-eabi/lib/armv7-m\libc.a(lib_a-strtoul.o)
                0x0000baa0                _strtoul_r
 .text._strtoull_r
                0x0000bbd0      0x190 c:/nxp/lpcxpresso_7.3.0_186/lpcxpresso/tools/bin/../lib/gcc/arm-none-eabi/4.8.4/../../../../arm-none-eabi/lib/armv7-m\libc.a(lib_a-strtoull_r.o)
                0x0000bbd0                _strtoull_r
 .text.__ssprint_r
                0x0000bd60      0x100 c:/nxp/lpcxpresso_7.3.0_186/lpcxpresso/tools/bin/../lib/gcc/arm-none-eabi/4.8.4/../../../../arm-none-eabi/lib/armv7-m\libc.a(lib_a-svfiprintf.o)
                0x0000bd60                __ssprint_r
 .text._sungetc_r
                0x0000be60       0x80 c:/nxp/lpcxpresso_7.3.0_186/lpcxpresso/tools/bin/../lib/gcc/arm-none-eabi/4.8.4/../../../../arm-none-eabi/lib/armv7-m\libc.a(lib_a-svfiscanf.o)
                0x0000be60                _sungetc_r
 .text.__ssrefill_r
                0x0000bee0       0x3c c:/nxp/lpcxpresso_7.3.0_186/lpcxpresso/tools/bin/../lib/gcc/arm-none-eabi/4.8.4/../../../../arm-none-eabi/lib/armv7-m\libc.a(lib_a-svfiscanf.o)
                0x0000bee0                __ssrefill_r
 .text._sfread_r
                0x0000bf1c       0x80 c:/nxp/lpcxpresso_7.3.0_186/lpcxpresso/tools/bin/../lib/gcc/arm-none-eabi/4.8.4/../../../../arm-none-eabi/lib/armv7-m\libc.a(lib_a-svfiscanf.o)
                0x0000bf1c                _sfread_r
 .text.__submore
                0x0000bf9c       0x7c c:/nxp/lpcxpresso_7.3.0_186/lpcxpresso/tools/bin/../lib/gcc/arm-none-eabi/4.8.4/../../../../arm-none-eabi/lib/armv7-m\libc.a(lib_a-ungetc.o)
                0x0000bf9c                __submore
 .text.__sprint_r.part.0
                0x0000c018       0x78 c:/nxp/lpcxpresso_7.3.0_186/lpcxpresso/tools/bin/../lib/gcc/arm-none-eabi/4.8.4/../../../../arm-none-eabi/lib/armv7-m\libc.a(lib_a-vfiprintf.o)
 .text.__sprint_r
                0x0000c090       0x18 c:/nxp/lpcxpresso_7.3.0_186/lpcxpresso/tools/bin/../lib/gcc/arm-none-eabi/4.8.4/../../../../arm-none-eabi/lib/armv7-m\libc.a(lib_a-vfiprintf.o)
                0x0000c090                __sprint_r
 .text._calloc_r
                0x0000c0a8       0x60 c:/nxp/lpcxpresso_7.3.0_186/lpcxpresso/tools/bin/../lib/gcc/arm-none-eabi/4.8.4/../../../../arm-none-eabi/lib/armv7-m\libc.a(lib_a-callocr.o)
                0x0000c0a8                _calloc_r
 .text._fputwc_r
                0x0000c108       0xc0 c:/nxp/lpcxpresso_7.3.0_186/lpcxpresso/tools/bin/../lib/gcc/arm-none-eabi/4.8.4/../../../../arm-none-eabi/lib/armv7-m\libc.a(lib_a-fputwc.o)
                0x0000c108                _fputwc_r
 .text.rshift   0x0000c1c8       0xa0 c:/nxp/lpcxpresso_7.3.0_186/lpcxpresso/tools/bin/../lib/gcc/arm-none-eabi/4.8.4/../../../../arm-none-eabi/lib/armv7-m\libc.a(lib_a-gdtoa-gethex.o)
 .text.__gethex
                0x0000c268      0x52c c:/nxp/lpcxpresso_7.3.0_186/lpcxpresso/tools/bin/../lib/gcc/arm-none-eabi/4.8.4/../../../../arm-none-eabi/lib/armv7-m\libc.a(lib_a-gdtoa-gethex.o)
                0x0000c268                __gethex
 .text.__hexnan
                0x0000c794      0x194 c:/nxp/lpcxpresso_7.3.0_186/lpcxpresso/tools/bin/../lib/gcc/arm-none-eabi/4.8.4/../../../../arm-none-eabi/lib/armv7-m\libc.a(lib_a-gdtoa-hexnan.o)
                0x0000c794                __hexnan
 .text._wcrtomb_r
                0x0000c928       0x50 c:/nxp/lpcxpresso_7.3.0_186/lpcxpresso/tools/bin/../lib/gcc/arm-none-eabi/4.8.4/../../../../arm-none-eabi/lib/armv7-m\libc.a(lib_a-wcrtomb.o)
                0x0000c928                _wcrtomb_r
 .text.__ascii_wctomb
                0x0000c978       0x1c c:/nxp/lpcxpresso_7.3.0_186/lpcxpresso/tools/bin/../lib/gcc/arm-none-eabi/4.8.4/../../../../arm-none-eabi/lib/armv7-m\libc.a(lib_a-wctomb_r.o)
                0x0000c978                __ascii_wctomb
 .text._sbrk    0x0000c994       0x3c c:/nxp/lpcxpresso_7.3.0_186/lpcxpresso/tools/bin/../lib/gcc/arm-none-eabi/4.8.4/../../../../arm-none-eabi/lib/armv7-m\libcr_newlib_nohost.a(_cr_sbrk.o)
                0x0000c994                _sbrk
 .text.__check_heap_overflow
                0x0000c9d0       0x18 c:/nxp/lpcxpresso_7.3.0_186/lpcxpresso/tools/bin/../lib/gcc/arm-none-eabi/4.8.4/../../../../arm-none-eabi/lib/armv7-m\libcr_newlib_nohost.a(_cr_check_heap.o)
                0x0000c9d0                __check_heap_overflow
 .text          0x0000c9e8       0x54 c:/nxp/lpcxpresso_7.3.0_186/lpcxpresso/tools/bin/../lib/gcc/arm-none-eabi/4.8.4/armv7-m\crtbegin.o
 .text          0x0000ca3c      0x370 c:/nxp/lpcxpresso_7.3.0_186/lpcxpresso/tools/bin/../lib/gcc/arm-none-eabi/4.8.4/armv7-m\libgcc.a(_arm_addsubdf3.o)
                0x0000ca3c                __aeabi_drsub
                0x0000ca44                __aeabi_dsub
                0x0000ca44                __subdf3
                0x0000ca48                __aeabi_dadd
                0x0000ca48                __adddf3
                0x0000ccc0                __floatunsidf
                0x0000ccc0                __aeabi_ui2d
                0x0000cce0                __floatsidf
                0x0000cce0                __aeabi_i2d
                0x0000cd04                __aeabi_f2d
                0x0000cd04                __extendsfdf2
                0x0000cd40                __floatundidf
                0x0000cd40                __aeabi_ul2d
                0x0000cd50                __floatdidf
                0x0000cd50                __aeabi_l2d
 .text          0x0000cdac      0x424 c:/nxp/lpcxpresso_7.3.0_186/lpcxpresso/tools/bin/../lib/gcc/arm-none-eabi/4.8.4/armv7-m\libgcc.a(_arm_muldivdf3.o)
                0x0000cdac                __aeabi_dmul
                0x0000cdac                __muldf3
                0x0000d000                __divdf3
                0x0000d000                __aeabi_ddiv
 .text          0x0000d1d0      0x110 c:/nxp/lpcxpresso_7.3.0_186/lpcxpresso/tools/bin/../lib/gcc/arm-none-eabi/4.8.4/armv7-m\libgcc.a(_arm_cmpdf2.o)
                0x0000d1d0                __gtdf2
                0x0000d1d0                __gedf2
                0x0000d1d8                __ltdf2
                0x0000d1d8                __ledf2
                0x0000d1e0                __nedf2
                0x0000d1e0                __eqdf2
                0x0000d1e0                __cmpdf2
                0x0000d25c                __aeabi_cdrcmple
                0x0000d26c                __aeabi_cdcmpeq
                0x0000d26c                __aeabi_cdcmple
                0x0000d27c                __aeabi_dcmpeq
                0x0000d290                __aeabi_dcmplt
                0x0000d2a4                __aeabi_dcmple
                0x0000d2b8                __aeabi_dcmpge
                0x0000d2cc                __aeabi_dcmpgt
 .text          0x0000d2e0       0x50 c:/nxp/lpcxpresso_7.3.0_186/lpcxpresso/tools/bin/../lib/gcc/arm-none-eabi/4.8.4/armv7-m\libgcc.a(_arm_fixdfsi.o)
                0x0000d2e0                __aeabi_d2iz
                0x0000d2e0                __fixdfsi
 .text          0x0000d330       0x40 c:/nxp/lpcxpresso_7.3.0_186/lpcxpresso/tools/bin/../lib/gcc/arm-none-eabi/4.8.4/armv7-m\libgcc.a(_arm_fixunsdfsi.o)
                0x0000d330                __aeabi_d2uiz
                0x0000d330                __fixunsdfsi
 .text          0x0000d370       0xa0 c:/nxp/lpcxpresso_7.3.0_186/lpcxpresso/tools/bin/../lib/gcc/arm-none-eabi/4.8.4/armv7-m\libgcc.a(_arm_truncdfsf2.o)
                0x0000d370                __truncdfsf2
                0x0000d370                __aeabi_d2f
 *(.rodata .rodata.*)
 .rodata._ZTVN4mbed10SerialBaseE
                0x0000d410       0x10 ./main.o
                0x0000d410                vtable for mbed::SerialBase
 .rodata.str1.4
                0x0000d420       0x72 ./main.o
                                 0x74 (size before relaxing)
 *fill*         0x0000d492        0x2 
 .rodata.__stdin_name
                0x0000d494        0x8 D:/xpresso/run555recieveRaspi/mbed/TARGET_LPC1768/TOOLCHAIN_GCC_CR/retarget.o
                0x0000d494                __stdin_name
 .rodata.__stderr_name
                0x0000d49c        0x8 D:/xpresso/run555recieveRaspi/mbed/TARGET_LPC1768/TOOLCHAIN_GCC_CR/retarget.o
                0x0000d49c                __stderr_name
 .rodata.__stdout_name
                0x0000d4a4        0x8 D:/xpresso/run555recieveRaspi/mbed/TARGET_LPC1768/TOOLCHAIN_GCC_CR/retarget.o
                0x0000d4a4                __stdout_name
 *fill*         0x0000d4ac        0x4 
 .rodata._ZTVN4mbed10FileHandleE
                0x0000d4b0       0x30 D:/xpresso/run555recieveRaspi/mbed/TARGET_LPC1768/TOOLCHAIN_GCC_CR/retarget.o
                0x0000d4b0                vtable for mbed::FileHandle
 .rodata.str1.4
                0x0000d4e0        0xe D:/xpresso/run555recieveRaspi/mbed/TARGET_LPC1768/TOOLCHAIN_GCC_CR/retarget.o
                                 0x10 (size before relaxing)
 *fill*         0x0000d4ee        0x2 
 .rodata.str1.4
                0x0000d4f0       0x4f D:/xpresso/run555recieveRaspi/mbed/TARGET_LPC1768/TOOLCHAIN_GCC_CR/board.o
                                 0x68 (size before relaxing)
 *fill*         0x0000d53f        0x1 
 .rodata.PinMap_PWM
                0x0000d540       0xb4 D:\xpresso\run555recieveRaspi\mbed\TARGET_LPC1768\TOOLCHAIN_GCC_CR\libmbed.a(pwmout_api.o)
 .rodata.str1.4
                0x0000d5f4       0x6e D:\xpresso\run555recieveRaspi\mbed\TARGET_LPC1768\TOOLCHAIN_GCC_CR\libmbed.a(pwmout_api.o)
                                 0x70 (size before relaxing)
 *fill*         0x0000d662        0x2 
 .rodata.PinMap_UART_RTS
                0x0000d664       0x24 D:\xpresso\run555recieveRaspi\mbed\TARGET_LPC1768\TOOLCHAIN_GCC_CR\libmbed.a(serial_api.o)
 .rodata.PinMap_UART_RX
                0x0000d688       0x6c D:\xpresso\run555recieveRaspi\mbed\TARGET_LPC1768\TOOLCHAIN_GCC_CR\libmbed.a(serial_api.o)
 .rodata.CSWTCH.9
                0x0000d6f4       0x10 D:\xpresso\run555recieveRaspi\mbed\TARGET_LPC1768\TOOLCHAIN_GCC_CR\libmbed.a(serial_api.o)
 .rodata.str1.4
                0x0000d704      0x1b4 D:\xpresso\run555recieveRaspi\mbed\TARGET_LPC1768\TOOLCHAIN_GCC_CR\libmbed.a(serial_api.o)
                                0x1cc (size before relaxing)
 .rodata.PinMap_UART_TX
                0x0000d8b8       0x6c D:\xpresso\run555recieveRaspi\mbed\TARGET_LPC1768\TOOLCHAIN_GCC_CR\libmbed.a(serial_api.o)
 .rodata.PinMap_UART_CTS
                0x0000d924       0x24 D:\xpresso\run555recieveRaspi\mbed\TARGET_LPC1768\TOOLCHAIN_GCC_CR\libmbed.a(serial_api.o)
 .rodata._ZTVN4mbed6SerialE
                0x0000d948       0x60 D:\xpresso\run555recieveRaspi\mbed\TARGET_LPC1768\TOOLCHAIN_GCC_CR\libmbed.a(Serial.o)
                0x0000d948                vtable for mbed::Serial
 .rodata._ZTVN4mbed6StreamE
                0x0000d9a8       0x48 D:\xpresso\run555recieveRaspi\mbed\TARGET_LPC1768\TOOLCHAIN_GCC_CR\libmbed.a(Stream.o)
                0x0000d9a8                vtable for mbed::Stream
 .rodata.str1.4
                0x0000d9f0        0x3 D:\xpresso\run555recieveRaspi\mbed\TARGET_LPC1768\TOOLCHAIN_GCC_CR\libmbed.a(Stream.o)
                                  0x8 (size before relaxing)
 *fill*         0x0000d9f3        0x1 
 .rodata.str1.4
                0x0000d9f4       0x31 D:\xpresso\run555recieveRaspi\mbed\TARGET_LPC1768\TOOLCHAIN_GCC_CR\libmbed.a(assert.o)
                                 0x34 (size before relaxing)
 .rodata.str1.4
                0x00000000       0x68 D:\xpresso\run555recieveRaspi\mbed\TARGET_LPC1768\TOOLCHAIN_GCC_CR\libmbed.a(gpio.o)
 *fill*         0x0000da25        0x3 
 .rodata.str1.4
                0x0000da28       0x48 D:\xpresso\run555recieveRaspi\mbed\TARGET_LPC1768\TOOLCHAIN_GCC_CR\libmbed.a(pinmap_common.o)
 .rodata.str1.4
                0x0000da70       0x6c D:\xpresso\run555recieveRaspi\mbed\TARGET_LPC1768\TOOLCHAIN_GCC_CR\libmbed.a(gpio_api.o)
                                 0x84 (size before relaxing)
 .rodata.str1.4
                0x0000dadc       0x56 D:\xpresso\run555recieveRaspi\mbed\TARGET_LPC1768\TOOLCHAIN_GCC_CR\libmbed.a(pinmap.o)
                                 0x6c (size before relaxing)
 *fill*         0x0000db32        0x6 
 .rodata._ZTVN4mbed8FileBaseE
                0x0000db38       0x10 D:\xpresso\run555recieveRaspi\mbed\TARGET_LPC1768\TOOLCHAIN_GCC_CR\libmbed.a(FileBase.o)
                0x0000db38                vtable for mbed::FileBase
 .rodata._ZTVN4mbed8FileLikeE
                0x0000db48       0x40 D:\xpresso\run555recieveRaspi\mbed\TARGET_LPC1768\TOOLCHAIN_GCC_CR\libmbed.a(FileLike.o)
                0x0000db48                vtable for mbed::FileLike
 .rodata.str1.4
                0x0000db88        0x2 c:/nxp/lpcxpresso_7.3.0_186/lpcxpresso/tools/bin/../lib/gcc/arm-none-eabi/4.8.4/../../../../arm-none-eabi/lib/armv7-m\libc.a(lib_a-impure.o)
                                  0x4 (size before relaxing)
 *fill*         0x0000db8a        0x2 
 .rodata._global_impure_ptr
                0x0000db8c        0x4 c:/nxp/lpcxpresso_7.3.0_186/lpcxpresso/tools/bin/../lib/gcc/arm-none-eabi/4.8.4/../../../../arm-none-eabi/lib/armv7-m\libc.a(lib_a-impure.o)
                0x0000db8c                _global_impure_ptr
 .rodata.zeroes.6763
                0x0000db90       0x10 c:/nxp/lpcxpresso_7.3.0_186/lpcxpresso/tools/bin/../lib/gcc/arm-none-eabi/4.8.4/../../../../arm-none-eabi/lib/armv7-m\libc.a(lib_a-svfprintf.o)
 .rodata.str1.4
                0x0000dba0       0x42 c:/nxp/lpcxpresso_7.3.0_186/lpcxpresso/tools/bin/../lib/gcc/arm-none-eabi/4.8.4/../../../../arm-none-eabi/lib/armv7-m\libc.a(lib_a-svfprintf.o)
                                 0x44 (size before relaxing)
 *fill*         0x0000dbe2        0x2 
 .rodata.blanks.6762
                0x0000dbe4       0x10 c:/nxp/lpcxpresso_7.3.0_186/lpcxpresso/tools/bin/../lib/gcc/arm-none-eabi/4.8.4/../../../../arm-none-eabi/lib/armv7-m\libc.a(lib_a-svfprintf.o)
 .rodata.basefix.6714
                0x0000dbf4       0x24 c:/nxp/lpcxpresso_7.3.0_186/lpcxpresso/tools/bin/../lib/gcc/arm-none-eabi/4.8.4/../../../../arm-none-eabi/lib/armv7-m\libc.a(lib_a-svfscanf.o)
 .rodata.str1.4
                0x0000dc18        0x5 c:/nxp/lpcxpresso_7.3.0_186/lpcxpresso/tools/bin/../lib/gcc/arm-none-eabi/4.8.4/../../../../arm-none-eabi/lib/armv7-m\libc.a(lib_a-svfscanf.o)
                                  0x8 (size before relaxing)
 *fill*         0x0000dc1d        0x3 
 .rodata.blanks.6777
                0x0000dc20       0x10 c:/nxp/lpcxpresso_7.3.0_186/lpcxpresso/tools/bin/../lib/gcc/arm-none-eabi/4.8.4/../../../../arm-none-eabi/lib/armv7-m\libc.a(lib_a-vfprintf.o)
 .rodata.str1.4
                0x00000000       0x44 c:/nxp/lpcxpresso_7.3.0_186/lpcxpresso/tools/bin/../lib/gcc/arm-none-eabi/4.8.4/../../../../arm-none-eabi/lib/armv7-m\libc.a(lib_a-vfprintf.o)
 .rodata.zeroes.6778
                0x0000dc30       0x10 c:/nxp/lpcxpresso_7.3.0_186/lpcxpresso/tools/bin/../lib/gcc/arm-none-eabi/4.8.4/../../../../arm-none-eabi/lib/armv7-m\libc.a(lib_a-vfprintf.o)
 .rodata._ctype_
                0x0000dc40      0x104 c:/nxp/lpcxpresso_7.3.0_186/lpcxpresso/tools/bin/../lib/gcc/arm-none-eabi/4.8.4/../../../../arm-none-eabi/lib/armv7-m\libc.a(lib_a-ctype_.o)
                0x0000dc40                _ctype_
 .rodata.str1.4
                0x0000dd44       0x10 c:/nxp/lpcxpresso_7.3.0_186/lpcxpresso/tools/bin/../lib/gcc/arm-none-eabi/4.8.4/../../../../arm-none-eabi/lib/armv7-m\libc.a(lib_a-dtoa.o)
                                 0x14 (size before relaxing)
 .rodata.str1.4
                0x0000dd54        0xa c:/nxp/lpcxpresso_7.3.0_186/lpcxpresso/tools/bin/../lib/gcc/arm-none-eabi/4.8.4/../../../../arm-none-eabi/lib/armv7-m\libc.a(lib_a-locale.o)
                                 0x14 (size before relaxing)
 .rodata.str1.4
                0x00000000        0x4 c:/nxp/lpcxpresso_7.3.0_186/lpcxpresso/tools/bin/../lib/gcc/arm-none-eabi/4.8.4/../../../../arm-none-eabi/lib/armv7-m\libc.a(lib_a-mbrtowc.o)
 *fill*         0x0000dd5e        0x2 
 .rodata.__mprec_tens
                0x0000dd60       0xc8 c:/nxp/lpcxpresso_7.3.0_186/lpcxpresso/tools/bin/../lib/gcc/arm-none-eabi/4.8.4/../../../../arm-none-eabi/lib/armv7-m\libc.a(lib_a-mprec.o)
                0x0000dd60                __mprec_tens
 .rodata.__mprec_bigtens
                0x0000de28       0x28 c:/nxp/lpcxpresso_7.3.0_186/lpcxpresso/tools/bin/../lib/gcc/arm-none-eabi/4.8.4/../../../../arm-none-eabi/lib/armv7-m\libc.a(lib_a-mprec.o)
                0x0000de28                __mprec_bigtens
 .rodata.p05.5269
                0x0000de50        0xc c:/nxp/lpcxpresso_7.3.0_186/lpcxpresso/tools/bin/../lib/gcc/arm-none-eabi/4.8.4/../../../../arm-none-eabi/lib/armv7-m\libc.a(lib_a-mprec.o)
 .rodata.fpi.5238
                0x0000de5c       0x14 c:/nxp/lpcxpresso_7.3.0_186/lpcxpresso/tools/bin/../lib/gcc/arm-none-eabi/4.8.4/../../../../arm-none-eabi/lib/armv7-m\libc.a(lib_a-strtod.o)
 .rodata.str1.4
                0x0000de70       0x10 c:/nxp/lpcxpresso_7.3.0_186/lpcxpresso/tools/bin/../lib/gcc/arm-none-eabi/4.8.4/../../../../arm-none-eabi/lib/armv7-m\libc.a(lib_a-strtod.o)
 .rodata.fpinan.5274
                0x0000de80       0x14 c:/nxp/lpcxpresso_7.3.0_186/lpcxpresso/tools/bin/../lib/gcc/arm-none-eabi/4.8.4/../../../../arm-none-eabi/lib/armv7-m\libc.a(lib_a-strtod.o)
 *fill*         0x0000de94        0x4 
 .rodata.tinytens
                0x0000de98       0x28 c:/nxp/lpcxpresso_7.3.0_186/lpcxpresso/tools/bin/../lib/gcc/arm-none-eabi/4.8.4/../../../../arm-none-eabi/lib/armv7-m\libc.a(lib_a-strtod.o)
 .rodata.__hexdig
                0x0000dec0      0x100 c:/nxp/lpcxpresso_7.3.0_186/lpcxpresso/tools/bin/../lib/gcc/arm-none-eabi/4.8.4/../../../../arm-none-eabi/lib/armv7-m\libc.a(lib_a-gdtoa-gethex.o)
                0x0000dec0                __hexdig
                0x0000dfc0                . = ALIGN (0x4)
                0x0000dfc0                . = ALIGN (0x4)
 *(.init)
 .init          0x0000dfc0        0x4 c:/nxp/lpcxpresso_7.3.0_186/lpcxpresso/tools/bin/../lib/gcc/arm-none-eabi/4.8.4/armv7-m\crti.o
                0x0000dfc0                _init
 .init          0x0000dfc4        0x8 c:/nxp/lpcxpresso_7.3.0_186/lpcxpresso/tools/bin/../lib/gcc/arm-none-eabi/4.8.4/armv7-m\crtn.o
                0x0000dfcc                . = ALIGN (0x4)
                0x0000dfcc                __preinit_array_start = .
 *(.preinit_array)
                0x0000dfcc                __preinit_array_end = .
                0x0000dfcc                . = ALIGN (0x4)
                0x0000dfcc                __init_array_start = .
 *(SORT(.init_array.*))
 *(.init_array)
 .init_array    0x0000dfcc        0x4 ./main.o
 .init_array    0x0000dfd0        0x4 c:/nxp/lpcxpresso_7.3.0_186/lpcxpresso/tools/bin/../lib/gcc/arm-none-eabi/4.8.4/armv7-m\crtbegin.o
                0x0000dfd4                __init_array_end = .
 *(.fini)
 .fini          0x0000dfd4        0x4 c:/nxp/lpcxpresso_7.3.0_186/lpcxpresso/tools/bin/../lib/gcc/arm-none-eabi/4.8.4/armv7-m\crti.o
                0x0000dfd4                _fini
 .fini          0x0000dfd8        0x8 c:/nxp/lpcxpresso_7.3.0_186/lpcxpresso/tools/bin/../lib/gcc/arm-none-eabi/4.8.4/armv7-m\crtn.o
                0x0000dfe0                . = ALIGN (0x4)
 *crtbegin.o(.ctors)
 *(EXCLUDE_FILE(*crtend.o) .ctors)
 *(SORT(.ctors.*))
 *crtend.o(.ctors)
                0x0000dfe0                . = ALIGN (0x4)
 *crtbegin.o(.dtors)
 *(EXCLUDE_FILE(*crtend.o) .dtors)
 *(SORT(.dtors.*))
 *crtend.o(.dtors)

.glue_7         0x0000dfe0        0x0
 .glue_7        0x00000000        0x0 linker stubs

.glue_7t        0x0000dfe0        0x0
 .glue_7t       0x00000000        0x0 linker stubs

.vfp11_veneer   0x0000dfe0        0x0
 .vfp11_veneer  0x00000000        0x0 linker stubs

.v4_bx          0x0000dfe0        0x0
 .v4_bx         0x00000000        0x0 linker stubs

.iplt           0x0000dfe0        0x0
 .iplt          0x00000000        0x0 ./main.o

.ARM.extab
 *(.ARM.extab* .gnu.linkonce.armextab.*)
                0x0000dfe0                __exidx_start = .

.ARM.exidx      0x0000dfe0        0x8
 *(.ARM.exidx* .gnu.linkonce.armexidx.*)
 .ARM.exidx     0x0000dfe0        0x8 c:/nxp/lpcxpresso_7.3.0_186/lpcxpresso/tools/bin/../lib/gcc/arm-none-eabi/4.8.4/armv7-m\libgcc.a(_divdi3.o)
 .ARM.exidx     0x0000dfe8        0x0 c:/nxp/lpcxpresso_7.3.0_186/lpcxpresso/tools/bin/../lib/gcc/arm-none-eabi/4.8.4/armv7-m\libgcc.a(_udivdi3.o)
                                  0x8 (size before relaxing)
                0x0000dfe8                __exidx_end = .
                0x0000dfe8                _etext = .

.rel.dyn        0x0000dfe8        0x0
 .rel.iplt      0x00000000        0x0 ./main.o

.eh_frame       0x0000dfe8        0x0
 .eh_frame      0x0000dfe8        0x0 c:/nxp/lpcxpresso_7.3.0_186/lpcxpresso/tools/bin/../lib/gcc/arm-none-eabi/4.8.4/armv7-m\crtbegin.o

.data_RAM2      0x2007c000        0x0 load address 0x0000dfe8
 FILL mask 0xff
 *(.data.$RAM2*)
 *(.data.$RamAHB32*)
                0x2007c000                . = ALIGN (0x4)

.uninit_RESERVED
 *(.bss.$RESERVED*)

.data           0x100000c8      0x8d0 load address 0x0000dfe8
 FILL mask 0xff
                0x100000c8                _data = .
 *(vtable)
 *(.data*)
 .data.revi     0x100000c8        0x4 ./main.o
                0x100000c8                revi
 .data.prevState
                0x100000cc        0x1 ./main.o
                0x100000cc                prevState
 *fill*         0x100000cd        0x3 
 .data.SystemCoreClock
                0x100000d0        0x4 D:/xpresso/run555recieveRaspi/mbed/TARGET_LPC1768/TOOLCHAIN_GCC_CR/system_LPC17xx.o
                0x100000d0                SystemCoreClock
 .data.PWM_MATCH
                0x100000d4       0x1c D:\xpresso\run555recieveRaspi\mbed\TARGET_LPC1768\TOOLCHAIN_GCC_CR\libmbed.a(pwmout_api.o)
                0x100000d4                PWM_MATCH
 .data.impure_data
                0x100000f0      0x428 c:/nxp/lpcxpresso_7.3.0_186/lpcxpresso/tools/bin/../lib/gcc/arm-none-eabi/4.8.4/../../../../arm-none-eabi/lib/armv7-m\libc.a(lib_a-impure.o)
 .data._impure_ptr
                0x10000518        0x4 c:/nxp/lpcxpresso_7.3.0_186/lpcxpresso/tools/bin/../lib/gcc/arm-none-eabi/4.8.4/../../../../arm-none-eabi/lib/armv7-m\libc.a(lib_a-impure.o)
                0x10000518                _impure_ptr
 .data.__malloc_av_
                0x1000051c      0x408 c:/nxp/lpcxpresso_7.3.0_186/lpcxpresso/tools/bin/../lib/gcc/arm-none-eabi/4.8.4/../../../../arm-none-eabi/lib/armv7-m\libc.a(lib_a-mallocr.o)
                0x1000051c                __malloc_av_
 .data.__malloc_trim_threshold
                0x10000924        0x4 c:/nxp/lpcxpresso_7.3.0_186/lpcxpresso/tools/bin/../lib/gcc/arm-none-eabi/4.8.4/../../../../arm-none-eabi/lib/armv7-m\libc.a(lib_a-mallocr.o)
                0x10000924                __malloc_trim_threshold
 .data.__malloc_sbrk_base
                0x10000928        0x4 c:/nxp/lpcxpresso_7.3.0_186/lpcxpresso/tools/bin/../lib/gcc/arm-none-eabi/4.8.4/../../../../arm-none-eabi/lib/armv7-m\libc.a(lib_a-mallocr.o)
                0x10000928                __malloc_sbrk_base
 .data.__ctype_ptr__
                0x1000092c        0x4 c:/nxp/lpcxpresso_7.3.0_186/lpcxpresso/tools/bin/../lib/gcc/arm-none-eabi/4.8.4/../../../../arm-none-eabi/lib/armv7-m\libc.a(lib_a-ctype_.o)
                0x1000092c                __ctype_ptr__
 .data.lconv    0x10000930       0x38 c:/nxp/lpcxpresso_7.3.0_186/lpcxpresso/tools/bin/../lib/gcc/arm-none-eabi/4.8.4/../../../../arm-none-eabi/lib/armv7-m\libc.a(lib_a-locale.o)
 .data.lc_ctype_charset
                0x10000968       0x20 c:/nxp/lpcxpresso_7.3.0_186/lpcxpresso/tools/bin/../lib/gcc/arm-none-eabi/4.8.4/../../../../arm-none-eabi/lib/armv7-m\libc.a(lib_a-locale.o)
 .data.__mb_cur_max
                0x10000988        0x4 c:/nxp/lpcxpresso_7.3.0_186/lpcxpresso/tools/bin/../lib/gcc/arm-none-eabi/4.8.4/../../../../arm-none-eabi/lib/armv7-m\libc.a(lib_a-locale.o)
                0x10000988                __mb_cur_max
 .data.__mbtowc
                0x1000098c        0x4 c:/nxp/lpcxpresso_7.3.0_186/lpcxpresso/tools/bin/../lib/gcc/arm-none-eabi/4.8.4/../../../../arm-none-eabi/lib/armv7-m\libc.a(lib_a-mbtowc_r.o)
                0x1000098c                __mbtowc
 .data.__wctomb
                0x10000990        0x4 c:/nxp/lpcxpresso_7.3.0_186/lpcxpresso/tools/bin/../lib/gcc/arm-none-eabi/4.8.4/../../../../arm-none-eabi/lib/armv7-m\libc.a(lib_a-wctomb_r.o)
                0x10000990                __wctomb
 .data          0x10000994        0x4 c:/nxp/lpcxpresso_7.3.0_186/lpcxpresso/tools/bin/../lib/gcc/arm-none-eabi/4.8.4/armv7-m\crtbegin.o
                0x10000994                __dso_handle
                0x10000998                . = ALIGN (0x4)
                0x10000998                _edata = .

.igot.plt       0x10000998        0x0 load address 0x0000e8b8
 .igot.plt      0x00000000        0x0 ./main.o

.jcr            0x10000998        0x0 load address 0x0000e8b8
 .jcr           0x10000998        0x0 c:/nxp/lpcxpresso_7.3.0_186/lpcxpresso/tools/bin/../lib/gcc/arm-none-eabi/4.8.4/armv7-m\crtbegin.o

.bss_RAM2       0x2007c000        0x0
 *(.bss.$RAM2*)
 *(.bss.$RamAHB32*)
                0x2007c000                . = ALIGN (0x4)

.bss            0x10000998      0x2f0
                0x10000998                _bss = .
 *(.bss*)
 .bss.rightpwm  0x10000998        0x8 ./main.o
                0x10000998                rightpwm
 .bss.lpower    0x100009a0        0x4 ./main.o
                0x100009a0                lpower
 .bss.led       0x100009a4       0x18 ./main.o
                0x100009a4                led
 .bss.leftpwm   0x100009bc        0x8 ./main.o
                0x100009bc                leftpwm
 .bss.raspi     0x100009c4       0x60 ./main.o
                0x100009c4                raspi
 .bss.stopSignal
                0x10000a24        0x4 ./main.o
                0x10000a24                stopSignal
 .bss.rpower    0x10000a28        0x4 ./main.o
                0x10000a28                rpower
 .bss._ZL11filehandles
                0x10000a2c      0x100 D:/xpresso/run555recieveRaspi/mbed/TARGET_LPC1768/TOOLCHAIN_GCC_CR/retarget.o
 .bss.pwm_clock_mhz
                0x10000b2c        0x4 D:\xpresso\run555recieveRaspi\mbed\TARGET_LPC1768\TOOLCHAIN_GCC_CR\libmbed.a(pwmout_api.o)
 .bss.stdio_uart_inited
                0x10000b30        0x4 D:\xpresso\run555recieveRaspi\mbed\TARGET_LPC1768\TOOLCHAIN_GCC_CR\libmbed.a(serial_api.o)
                0x10000b30                stdio_uart_inited
 .bss.irq_handler
                0x10000b34        0x4 D:\xpresso\run555recieveRaspi\mbed\TARGET_LPC1768\TOOLCHAIN_GCC_CR\libmbed.a(serial_api.o)
 .bss.uart_data
                0x10000b38       0xe0 D:\xpresso\run555recieveRaspi\mbed\TARGET_LPC1768\TOOLCHAIN_GCC_CR\libmbed.a(serial_api.o)
 .bss.us_ticker_inited
                0x10000c18        0x4 D:\xpresso\run555recieveRaspi\mbed\TARGET_LPC1768\TOOLCHAIN_GCC_CR\libmbed.a(us_ticker.o)
                0x10000c18                us_ticker_inited
 .bss._ZN4mbed8FileBase5_headE
                0x10000c1c        0x4 D:\xpresso\run555recieveRaspi\mbed\TARGET_LPC1768\TOOLCHAIN_GCC_CR\libmbed.a(FileBase.o)
                0x10000c1c                mbed::FileBase::_head
 .bss.head      0x10000c20        0x4 D:\xpresso\run555recieveRaspi\mbed\TARGET_LPC1768\TOOLCHAIN_GCC_CR\libmbed.a(us_ticker_api.o)
 .bss.event_handler
                0x10000c24        0x4 D:\xpresso\run555recieveRaspi\mbed\TARGET_LPC1768\TOOLCHAIN_GCC_CR\libmbed.a(us_ticker_api.o)
 .bss.__malloc_max_total_mem
                0x10000c28        0x4 c:/nxp/lpcxpresso_7.3.0_186/lpcxpresso/tools/bin/../lib/gcc/arm-none-eabi/4.8.4/../../../../arm-none-eabi/lib/armv7-m\libc.a(lib_a-mallocr.o)
                0x10000c28                __malloc_max_total_mem
 .bss.__malloc_max_sbrked_mem
                0x10000c2c        0x4 c:/nxp/lpcxpresso_7.3.0_186/lpcxpresso/tools/bin/../lib/gcc/arm-none-eabi/4.8.4/../../../../arm-none-eabi/lib/armv7-m\libc.a(lib_a-mallocr.o)
                0x10000c2c                __malloc_max_sbrked_mem
 .bss.__malloc_top_pad
                0x10000c30        0x4 c:/nxp/lpcxpresso_7.3.0_186/lpcxpresso/tools/bin/../lib/gcc/arm-none-eabi/4.8.4/../../../../arm-none-eabi/lib/armv7-m\libc.a(lib_a-mallocr.o)
                0x10000c30                __malloc_top_pad
 .bss.__malloc_current_mallinfo
                0x10000c34       0x28 c:/nxp/lpcxpresso_7.3.0_186/lpcxpresso/tools/bin/../lib/gcc/arm-none-eabi/4.8.4/../../../../arm-none-eabi/lib/armv7-m\libc.a(lib_a-mallocr.o)
                0x10000c34                __malloc_current_mallinfo
 .bss           0x10000c5c       0x1c c:/nxp/lpcxpresso_7.3.0_186/lpcxpresso/tools/bin/../lib/gcc/arm-none-eabi/4.8.4/armv7-m\crtbegin.o
 *(COMMON)
 COMMON         0x10000c78        0x8 D:\xpresso\run555recieveRaspi\mbed\TARGET_LPC1768\TOOLCHAIN_GCC_CR\libmbed.a(serial_api.o)
                0x10000c78                stdio_uart
 COMMON         0x10000c80        0x4 c:/nxp/lpcxpresso_7.3.0_186/lpcxpresso/tools/bin/../lib/gcc/arm-none-eabi/4.8.4/../../../../arm-none-eabi/lib/armv7-m\libc.a(lib_a-reent.o)
                0x10000c80                errno
 COMMON         0x10000c84        0x4 c:/nxp/lpcxpresso_7.3.0_186/lpcxpresso/tools/bin/../lib/gcc/arm-none-eabi/4.8.4/../../../../arm-none-eabi/lib/armv7-m\libcr_newlib_nohost.a(_cr_sbrk.o)
                0x10000c84                __end_of_heap
                0x10000c88                . = ALIGN (0x4)
                0x10000c88                _ebss = .
                0x10000c88                PROVIDE (end, .)
                0x10000c88                __end__ = .
                0x10000c88                PROVIDE (_pvHeapStart, .)
                0x10008000                PROVIDE (_vStackTop, (__top_RamLoc32 - 0x0))
OUTPUT(run555recieveRaspi.axf elf32-littlearm)

.debug_info     0x00000000     0x3e1c
 .debug_info    0x00000000     0x3be8 ./main.o
 .debug_info    0x00003be8       0x9d ./util.o
 .debug_info    0x00003c85      0x12d c:/nxp/lpcxpresso_7.3.0_186/lpcxpresso/tools/bin/../lib/gcc/arm-none-eabi/4.8.4/../../../../arm-none-eabi/lib/armv7-m\libcr_newlib_nohost.a(_cr_sbrk.o)
 .debug_info    0x00003db2       0x6a c:/nxp/lpcxpresso_7.3.0_186/lpcxpresso/tools/bin/../lib/gcc/arm-none-eabi/4.8.4/../../../../arm-none-eabi/lib/armv7-m\libcr_newlib_nohost.a(_cr_check_heap.o)

.debug_abbrev   0x00000000      0x845
 .debug_abbrev  0x00000000      0x688 ./main.o
 .debug_abbrev  0x00000688       0x65 ./util.o
 .debug_abbrev  0x000006ed       0xf6 c:/nxp/lpcxpresso_7.3.0_186/lpcxpresso/tools/bin/../lib/gcc/arm-none-eabi/4.8.4/../../../../arm-none-eabi/lib/armv7-m\libcr_newlib_nohost.a(_cr_sbrk.o)
 .debug_abbrev  0x000007e3       0x62 c:/nxp/lpcxpresso_7.3.0_186/lpcxpresso/tools/bin/../lib/gcc/arm-none-eabi/4.8.4/../../../../arm-none-eabi/lib/armv7-m\libcr_newlib_nohost.a(_cr_check_heap.o)

.debug_loc      0x00000000      0x654
 .debug_loc     0x00000000      0x59a ./main.o
 .debug_loc     0x0000059a       0x39 ./util.o
 .debug_loc     0x000005d3       0x47 c:/nxp/lpcxpresso_7.3.0_186/lpcxpresso/tools/bin/../lib/gcc/arm-none-eabi/4.8.4/../../../../arm-none-eabi/lib/armv7-m\libcr_newlib_nohost.a(_cr_sbrk.o)
 .debug_loc     0x0000061a       0x3a c:/nxp/lpcxpresso_7.3.0_186/lpcxpresso/tools/bin/../lib/gcc/arm-none-eabi/4.8.4/../../../../arm-none-eabi/lib/armv7-m\libcr_newlib_nohost.a(_cr_check_heap.o)

.debug_aranges  0x00000000      0x118
 .debug_aranges
                0x00000000       0xa0 ./main.o
 .debug_aranges
                0x000000a0       0x38 ./util.o
 .debug_aranges
                0x000000d8       0x20 c:/nxp/lpcxpresso_7.3.0_186/lpcxpresso/tools/bin/../lib/gcc/arm-none-eabi/4.8.4/../../../../arm-none-eabi/lib/armv7-m\libcr_newlib_nohost.a(_cr_sbrk.o)
 .debug_aranges
                0x000000f8       0x20 c:/nxp/lpcxpresso_7.3.0_186/lpcxpresso/tools/bin/../lib/gcc/arm-none-eabi/4.8.4/../../../../arm-none-eabi/lib/armv7-m\libcr_newlib_nohost.a(_cr_check_heap.o)

.debug_ranges   0x00000000       0xd8
 .debug_ranges  0x00000000       0x90 ./main.o
 .debug_ranges  0x00000090       0x28 ./util.o
 .debug_ranges  0x000000b8       0x10 c:/nxp/lpcxpresso_7.3.0_186/lpcxpresso/tools/bin/../lib/gcc/arm-none-eabi/4.8.4/../../../../arm-none-eabi/lib/armv7-m\libcr_newlib_nohost.a(_cr_sbrk.o)
 .debug_ranges  0x000000c8       0x10 c:/nxp/lpcxpresso_7.3.0_186/lpcxpresso/tools/bin/../lib/gcc/arm-none-eabi/4.8.4/../../../../arm-none-eabi/lib/armv7-m\libcr_newlib_nohost.a(_cr_check_heap.o)

.debug_macro    0x00000000     0x3764
 .debug_macro   0x00000000      0x4d6 ./main.o
 .debug_macro   0x000004d6      0x8b6 ./main.o
 .debug_macro   0x00000d8c       0x10 ./main.o
 .debug_macro   0x00000d9c       0x10 ./main.o
 .debug_macro   0x00000dac       0x9a ./main.o
 .debug_macro   0x00000e46       0x1c ./main.o
 .debug_macro   0x00000e62       0x3a ./main.o
 .debug_macro   0x00000e9c       0x16 ./main.o
 .debug_macro   0x00000eb2       0x44 ./main.o
 .debug_macro   0x00000ef6      0x209 ./main.o
 .debug_macro   0x000010ff       0x2d ./main.o
 .debug_macro   0x0000112c      0xbb1 ./main.o
 .debug_macro   0x00001cdd      0x2c7 ./main.o
 .debug_macro   0x00001fa4       0x10 ./main.o
 .debug_macro   0x00001fb4       0x17 ./main.o
 .debug_macro   0x00001fcb       0x9a ./main.o
 .debug_macro   0x00002065       0x10 ./main.o
 .debug_macro   0x00002075       0xef ./main.o
 .debug_macro   0x00002164      0x329 ./main.o
 .debug_macro   0x0000248d      0x166 ./main.o
 .debug_macro   0x000025f3       0x58 ./main.o
 .debug_macro   0x0000264b       0x35 ./main.o
 .debug_macro   0x00002680       0xa2 ./main.o
 .debug_macro   0x00002722       0x16 ./main.o
 .debug_macro   0x00002738       0x35 ./main.o
 .debug_macro   0x0000276d       0x52 ./main.o
 .debug_macro   0x000027bf       0x16 ./main.o
 .debug_macro   0x000027d5       0x43 ./main.o
 .debug_macro   0x00002818      0x180 ./main.o
 .debug_macro   0x00002998       0x16 ./main.o
 .debug_macro   0x000029ae       0x29 ./main.o
 .debug_macro   0x000029d7       0xac ./main.o
 .debug_macro   0x00002a83       0x1c ./main.o
 .debug_macro   0x00002a9f       0x10 ./main.o
 .debug_macro   0x00002aaf       0x10 ./main.o
 .debug_macro   0x00002abf       0x22 ./main.o
 .debug_macro   0x00002ae1       0xbd ./main.o
 .debug_macro   0x00002b9e       0x16 ./main.o
 .debug_macro   0x00002bb4      0x16c ./main.o
 .debug_macro   0x00002d20      0x100 ./main.o
 .debug_macro   0x00002e20      0x2bb ./main.o
 .debug_macro   0x000030db       0x10 ./main.o